Archive member included to satisfy reference by file (symbol)

C:/SysGCC/raspberry/arm-linux-gnueabihf/lib\libgcc.a(_udivsi3.o)
                              obj/Debug/bcm2835.o (__aeabi_uidiv)
C:/SysGCC/raspberry/arm-linux-gnueabihf/lib\libgcc.a(_divsi3.o)
                              obj/Debug/pigpio.o (__aeabi_idiv)
C:/SysGCC/raspberry/arm-linux-gnueabihf/lib\libgcc.a(_aeabi_ldivmod.o)
                              obj/Debug/ThermoControlLibrary/PIDCalculs.o (__aeabi_ldivmod)
C:/SysGCC/raspberry/arm-linux-gnueabihf/lib\libgcc.a(_aeabi_uldivmod.o)
                              obj/Debug/pigpio.o (__aeabi_uldivmod)
C:/SysGCC/raspberry/arm-linux-gnueabihf/lib\libgcc.a(_dvmd_lnx.o)
                              C:/SysGCC/raspberry/arm-linux-gnueabihf/lib\libgcc.a(_aeabi_ldivmod.o) (__aeabi_ldiv0)
C:/SysGCC/raspberry/arm-linux-gnueabihf/lib\libgcc.a(_popcountsi2.o)
                              obj/Debug/pigpio.o (__popcountsi2)
C:/SysGCC/raspberry/arm-linux-gnueabihf/lib\libgcc.a(_udivmoddi4.o)
                              C:/SysGCC/raspberry/arm-linux-gnueabihf/lib\libgcc.a(_aeabi_ldivmod.o) (__udivmoddi4)
c:\sysgcc\raspberry\bin\../arm-linux-gnueabihf/sysroot/usr/lib/arm-linux-gnueabihf/libc_nonshared.a(elf-init.oS)
                              c:/sysgcc/raspberry/bin/../arm-linux-gnueabihf/sysroot/lib/arm-linux-gnueabihf/crt1.o (__libc_csu_init)
c:\sysgcc\raspberry\bin\../arm-linux-gnueabihf/sysroot/usr/lib/arm-linux-gnueabihf/libc_nonshared.a(atexit.oS)
                              obj/Debug/pigpio.o (atexit)
c:\sysgcc\raspberry\bin\../arm-linux-gnueabihf/sysroot/usr/lib/arm-linux-gnueabihf/libc_nonshared.a(stat.oS)
                              obj/Debug/pigpio.o (stat)
c:\sysgcc\raspberry\bin\../arm-linux-gnueabihf/sysroot/usr/lib/arm-linux-gnueabihf/libc_nonshared.a(mknod.oS)
                              obj/Debug/pigpio.o (mknod)

As-needed library included to satisfy reference by file (symbol)

libpthread.so.0               obj/Debug/pigpio.o (write@@GLIBC_2.4)
libc.so.6                     obj/Debug/pigpio.o (socket@@GLIBC_2.4)

Discarded input sections

 .rodata.cst4   0x0000000000000000        0x4 c:/sysgcc/raspberry/bin/../arm-linux-gnueabihf/sysroot/lib/arm-linux-gnueabihf/crt1.o
 .ARM.extab     0x0000000000000000        0x0 c:/sysgcc/raspberry/bin/../arm-linux-gnueabihf/sysroot/lib/arm-linux-gnueabihf/crt1.o
 .data          0x0000000000000000        0x4 c:/sysgcc/raspberry/bin/../arm-linux-gnueabihf/sysroot/lib/arm-linux-gnueabihf/crt1.o
 .bss           0x0000000000000000        0x0 c:/sysgcc/raspberry/bin/../arm-linux-gnueabihf/sysroot/lib/arm-linux-gnueabihf/crt1.o
 .note.GNU-stack
                0x0000000000000000        0x0 c:/sysgcc/raspberry/bin/../arm-linux-gnueabihf/sysroot/lib/arm-linux-gnueabihf/crt1.o
 .data          0x0000000000000000        0x0 c:/sysgcc/raspberry/bin/../arm-linux-gnueabihf/sysroot/lib/arm-linux-gnueabihf/crti.o
 .bss           0x0000000000000000        0x0 c:/sysgcc/raspberry/bin/../arm-linux-gnueabihf/sysroot/lib/arm-linux-gnueabihf/crti.o
 .note.GNU-stack
                0x0000000000000000        0x0 c:/sysgcc/raspberry/bin/../arm-linux-gnueabihf/sysroot/lib/arm-linux-gnueabihf/crti.o
 .rodata        0x0000000000000000       0x90 c:/sysgcc/raspberry/bin/../lib/gcc/arm-linux-gnueabihf/10/../../../../arm-linux-gnueabihf/lib/crtbegin.o
 .note.GNU-stack
                0x0000000000000000        0x0 c:/sysgcc/raspberry/bin/../lib/gcc/arm-linux-gnueabihf/10/../../../../arm-linux-gnueabihf/lib/crtbegin.o
 .text          0x0000000000000000        0x0 obj/Debug/main.o
 .data          0x0000000000000000        0x0 obj/Debug/main.o
 .bss           0x0000000000000000        0x0 obj/Debug/main.o
 .rodata.ADS1256_DRATE_E
                0x0000000000000000       0x10 obj/Debug/main.o
 .bss.ADC_needed_flag
                0x0000000000000000        0x2 obj/Debug/main.o
 .bss.ADC_ready_flag
                0x0000000000000000        0x2 obj/Debug/main.o
 .bss.ADC_start_cv
                0x0000000000000000       0x30 obj/Debug/main.o
 .bss.ADC_stop_cv
                0x0000000000000000       0x30 obj/Debug/main.o
 .bss.ADC_thread_flag_mutex
                0x0000000000000000       0x18 obj/Debug/main.o
 .note.GNU-stack
                0x0000000000000000        0x0 obj/Debug/main.o
 .text          0x0000000000000000        0x0 obj/Debug/DEV_Config.o
 .data          0x0000000000000000        0x0 obj/Debug/DEV_Config.o
 .bss           0x0000000000000000        0x0 obj/Debug/DEV_Config.o
 .note.GNU-stack
                0x0000000000000000        0x0 obj/Debug/DEV_Config.o
 .text          0x0000000000000000        0x0 obj/Debug/bcm2835.o
 .data          0x0000000000000000        0x0 obj/Debug/bcm2835.o
 .bss           0x0000000000000000        0x0 obj/Debug/bcm2835.o
 .text.bcm2835_regbase
                0x0000000000000000      0x100 obj/Debug/bcm2835.o
 .text.bcm2835_set_debug
                0x0000000000000000       0x34 obj/Debug/bcm2835.o
 .text.bcm2835_version
[...]
Memory Configuration

Name             Origin             Length             Attributes
*default*        0x0000000000000000 0xffffffffffffffff

Linker script and memory map

LOAD c:/sysgcc/raspberry/bin/../arm-linux-gnueabihf/sysroot/lib/arm-linux-gnueabihf/crt1.o
LOAD c:/sysgcc/raspberry/bin/../arm-linux-gnueabihf/sysroot/lib/arm-linux-gnueabihf/crti.o
LOAD c:/sysgcc/raspberry/bin/../lib/gcc/arm-linux-gnueabihf/10/../../../../arm-linux-gnueabihf/lib/crtbegin.o
LOAD obj/Debug/main.o
LOAD obj/Debug/DEV_Config.o
LOAD obj/Debug/bcm2835.o
LOAD obj/Debug/pigpio.o
LOAD obj/Debug/command.o
LOAD obj/Debug/commonUnit.o
LOAD obj/Debug/Executive/SPI1.o
LOAD obj/Debug/Executive/modulSPI.o
LOAD obj/Debug/Executive/nativePWM.o
LOAD obj/Debug/Executive/additionalMeasurements.o
LOAD obj/Debug/Keyboard_Indicator/lcd_variables.o
LOAD obj/Debug/Keyboard_Indicator/Keypad.o
LOAD obj/Debug/Keyboard_Indicator/Indicator_Variables.o
LOAD obj/Debug/i2c_lcd/i2c_lcd.o
LOAD obj/Debug/i2c_lcd/lcd.o
LOAD obj/Debug/ADC/ADC_Unit.o
LOAD obj/Debug/ADC/ADS1256.o
LOAD obj/Debug/ThermoControlLibrary/Interpolations.o
LOAD obj/Debug/ThermoControlLibrary/PIDCalculs.o
LOAD obj/Debug/ThermoControlLibrary/Interface.o
LOAD obj/Debug/ThermoControlLibrary/ThermoControlVariables.o
LOAD obj/Debug/UART/uart.o
LOAD obj/Debug/diskIO.o
LOAD obj/Debug/globalvardefs.o
LOAD C:/SysGCC/raspberry/arm-linux-gnueabihf/lib/libstdc++.so
LOAD C:/SysGCC/raspberry/arm-linux-gnueabihf/lib\libgcc.a
LOAD C:/SysGCC/raspberry/arm-linux-gnueabihf/lib/libgcc_s.so
START GROUP
LOAD c:/sysgcc/raspberry/bin/../arm-linux-gnueabihf/sysroot/lib/arm-linux-gnueabihf\libgcc_s.so.1
LOAD C:/SysGCC/raspberry/arm-linux-gnueabihf/lib\libgcc.a
END GROUP
LOAD c:/sysgcc/raspberry/bin/../arm-linux-gnueabihf/sysroot/lib/arm-linux-gnueabihf/libpthread.so
LOAD c:/sysgcc/raspberry/bin/../arm-linux-gnueabihf/sysroot/lib/arm-linux-gnueabihf/libc.so
START GROUP
LOAD c:\sysgcc\raspberry\bin\../arm-linux-gnueabihf/sysroot/lib/arm-linux-gnueabihf/libc.so.6
LOAD c:\sysgcc\raspberry\bin\../arm-linux-gnueabihf/sysroot/usr/lib/arm-linux-gnueabihf/libc_nonshared.a
LOAD c:\sysgcc\raspberry\bin\../arm-linux-gnueabihf/sysroot/lib/ld-linux-armhf.so.3
END GROUP
LOAD C:/SysGCC/raspberry/arm-linux-gnueabihf/lib\libgcc.a
LOAD C:/SysGCC/raspberry/arm-linux-gnueabihf/lib/libgcc_s.so
START GROUP
LOAD c:/sysgcc/raspberry/bin/../arm-linux-gnueabihf/sysroot/lib/arm-linux-gnueabihf\libgcc_s.so.1
LOAD C:/SysGCC/raspberry/arm-linux-gnueabihf/lib\libgcc.a
END GROUP
LOAD c:/sysgcc/raspberry/bin/../lib/gcc/arm-linux-gnueabihf/10/../../../../arm-linux-gnueabihf/lib/crtend.o
LOAD c:/sysgcc/raspberry/bin/../arm-linux-gnueabihf/sysroot/lib/arm-linux-gnueabihf/crtn.o
                [!provide]                        PROVIDE (__executable_start = SEGMENT_START ("text-segment", 0x10000))
                0x0000000000010154                . = (SEGMENT_START ("text-segment", 0x10000) + SIZEOF_HEADERS)

.interp         0x0000000000010154       0x19
 *(.interp)
 .interp        0x0000000000010154       0x19 c:/sysgcc/raspberry/bin/../arm-linux-gnueabihf/sysroot/lib/arm-linux-gnueabihf/crt1.o

.note.gnu.build-id
                0x0000000000010170       0x24
 *(.note.gnu.build-id)
 .note.gnu.build-id
                0x0000000000010170       0x24 linker stubs

.note.ABI-tag   0x0000000000010194       0x20
 .note.ABI-tag  0x0000000000010194       0x20 c:/sysgcc/raspberry/bin/../arm-linux-gnueabihf/sysroot/lib/arm-linux-gnueabihf/crt1.o

.hash
 *(.hash)

.gnu.hash       0x00000000000101b4      0x3f8
 *(.gnu.hash)
 .gnu.hash      0x00000000000101b4      0x3f8 c:/sysgcc/raspberry/bin/../arm-linux-gnueabihf/sysroot/lib/arm-linux-gnueabihf/crt1.o

.dynsym         0x00000000000105ac      0x7d0
 *(.dynsym)
 .dynsym        0x00000000000105ac      0x7d0 c:/sysgcc/raspberry/bin/../arm-linux-gnueabihf/sysroot/lib/arm-linux-gnueabihf/crt1.o

.dynstr         0x0000000000010d7c      0x530
 *(.dynstr)
 .dynstr        0x0000000000010d7c      0x530 c:/sysgcc/raspberry/bin/../arm-linux-gnueabihf/sysroot/lib/arm-linux-gnueabihf/crt1.o

.gnu.version    0x00000000000112ac       0xfa
 *(.gnu.version)
 .gnu.version   0x00000000000112ac       0xfa c:/sysgcc/raspberry/bin/../arm-linux-gnueabihf/sysroot/lib/arm-linux-gnueabihf/crt1.o

.gnu.version_d  0x00000000000113a8        0x0
 *(.gnu.version_d)
 .gnu.version_d
                0x00000000000113a8        0x0 c:/sysgcc/raspberry/bin/../arm-linux-gnueabihf/sysroot/lib/arm-linux-gnueabihf/crt1.o

.gnu.version_r  0x00000000000113a8       0x80
 *(.gnu.version_r)
 .gnu.version_r
                0x00000000000113a8       0x80 c:/sysgcc/raspberry/bin/../arm-linux-gnueabihf/sysroot/lib/arm-linux-gnueabihf/crt1.o

.rel.dyn        0x0000000000011428       0x20
 *(.rel.init)
 *(.rel.text .rel.text.* .rel.gnu.linkonce.t.*)
 *(.rel.fini)
 *(.rel.rodata .rel.rodata.* .rel.gnu.linkonce.r.*)
 *(.rel.data.rel.ro .rel.data.rel.ro.* .rel.gnu.linkonce.d.rel.ro.*)
 .rel.data.rel.ro
                0x0000000000011428       0x10 c:/sysgcc/raspberry/bin/../arm-linux-gnueabihf/sysroot/lib/arm-linux-gnueabihf/crt1.o
 *(.rel.data .rel.data.* .rel.gnu.linkonce.d.*)
 *(.rel.tdata .rel.tdata.* .rel.gnu.linkonce.td.*)
 *(.rel.tbss .rel.tbss.* .rel.gnu.linkonce.tb.*)
 *(.rel.ctors)
 *(.rel.dtors)
 *(.rel.got)
 .rel.got       0x0000000000011438        0x8 c:/sysgcc/raspberry/bin/../arm-linux-gnueabihf/sysroot/lib/arm-linux-gnueabihf/crt1.o
 *(.rel.bss .rel.bss.* .rel.gnu.linkonce.b.*)
 .rel.bss       0x0000000000011440        0x8 c:/sysgcc/raspberry/bin/../arm-linux-gnueabihf/sysroot/lib/arm-linux-gnueabihf/crt1.o
                [!provide]                        PROVIDE (__rel_iplt_start = .)
 *(.rel.iplt)
 .rel.iplt      0x0000000000011448        0x0 c:/sysgcc/raspberry/bin/../arm-linux-gnueabihf/sysroot/lib/arm-linux-gnueabihf/crt1.o
                [!provide]                        PROVIDE (__rel_iplt_end = .)

.rela.dyn       0x0000000000011448        0x0
 *(.rela.init)
 *(.rela.text .rela.text.* .rela.gnu.linkonce.t.*)
 *(.rela.fini)
 *(.rela.rodata .rela.rodata.* .rela.gnu.linkonce.r.*)
 *(.rela.data .rela.data.* .rela.gnu.linkonce.d.*)
 *(.rela.tdata .rela.tdata.* .rela.gnu.linkonce.td.*)
 *(.rela.tbss .rela.tbss.* .rela.gnu.linkonce.tb.*)
 *(.rela.ctors)
 *(.rela.dtors)
 *(.rela.got)
 *(.rela.bss .rela.bss.* .rela.gnu.linkonce.b.*)
                [!provide]                        PROVIDE (__rela_iplt_start = .)
 *(.rela.iplt)
                [!provide]                        PROVIDE (__rela_iplt_end = .)

.rel.plt        0x0000000000011448      0x3b8
 *(.rel.plt)
 .rel.plt       0x0000000000011448      0x3b8 c:/sysgcc/raspberry/bin/../arm-linux-gnueabihf/sysroot/lib/arm-linux-gnueabihf/crt1.o

.rela.plt
 *(.rela.plt)

.init           0x0000000000011800        0xc
 *(SORT_NONE(.init))
 .init          0x0000000000011800        0x8 c:/sysgcc/raspberry/bin/../arm-linux-gnueabihf/sysroot/lib/arm-linux-gnueabihf/crti.o
                0x0000000000011800                _init
 .init          0x0000000000011808        0x4 c:/sysgcc/raspberry/bin/../arm-linux-gnueabihf/sysroot/lib/arm-linux-gnueabihf/crtn.o

.plt            0x000000000001180c      0x5a8
 *(.plt)
 .plt           0x000000000001180c      0x5a8 c:/sysgcc/raspberry/bin/../arm-linux-gnueabihf/sysroot/lib/arm-linux-gnueabihf/crt1.o
                0x0000000000011820                pthread_mutex_unlock@@GLIBC_2.4
                0x000000000001182c                calloc@@GLIBC_2.4
                0x0000000000011838                strstr@@GLIBC_2.4
                0x0000000000011844                raise@@GLIBC_2.4
                0x0000000000011850                cfmakeraw@@GLIBC_2.4
                0x000000000001185c                strcmp@@GLIBC_2.4
                0x0000000000011868                setsockopt@@GLIBC_2.4
                0x0000000000011874                gnu_dev_makedev@@GLIBC_2.4
                0x0000000000011880                printf@@GLIBC_2.4
                0x000000000001188c                __isoc99_fscanf@@GLIBC_2.7
                0x0000000000011898                fopen@@GLIBC_2.4
                0x00000000000118a4                read@@GLIBC_2.4
                0x00000000000118b0                tcflush@@GLIBC_2.4
                0x00000000000118bc                fflush@@GLIBC_2.4
                0x00000000000118c8                free@@GLIBC_2.4
                0x00000000000118d4                fgets@@GLIBC_2.4
                0x00000000000118e0                pthread_mutex_lock@@GLIBC_2.4
                0x00000000000118ec                nanosleep@@GLIBC_2.4
                0x00000000000118f8                clock_gettime@@GLIBC_2.17
                0x0000000000011904                pthread_self@@GLIBC_2.4
                0x0000000000011910                memcpy@@GLIBC_2.4
                0x000000000001191c                pthread_mutex_init@@GLIBC_2.4
                0x0000000000011928                signal@@GLIBC_2.4
                0x0000000000011934                lseek@@GLIBC_2.4
                0x0000000000011940                pthread_attr_setstacksize@@GLIBC_2.4
                0x000000000001194c                htons@@GLIBC_2.4
                0x0000000000011958                pthread_cond_init@@GLIBC_2.4
                0x0000000000011964                unlink@@GLIBC_2.4
                0x0000000000011970                localtime_r@@GLIBC_2.4
                0x000000000001197c                strcasecmp@@GLIBC_2.4
                0x0000000000011988                geteuid@@GLIBC_2.4
                0x0000000000011994                perror@@GLIBC_2.4
                0x00000000000119a0                __xstat@@GLIBC_2.4
                0x00000000000119ac                poll@@GLIBC_2.4
                0x00000000000119b8                accept@@GLIBC_2.4
                0x00000000000119c4                cfsetospeed@@GLIBC_2.4
                0x00000000000119d0                sigaction@@GLIBC_2.4
                0x00000000000119dc                fwrite@@GLIBC_2.4
                0x00000000000119e8                strcat@@GLIBC_2.4
                0x00000000000119f4                ioctl@@GLIBC_2.4
                0x0000000000011a00                pthread_getschedparam@@GLIBC_2.4
                0x0000000000011a0c                usleep@@GLIBC_2.4
                0x0000000000011a18                pthread_attr_setschedparam@@GLIBC_2.4
                0x0000000000011a24                tcsetattr@@GLIBC_2.4
                0x0000000000011a30                strcpy@@GLIBC_2.4
                0x0000000000011a3c                gettimeofday@@GLIBC_2.4
                0x0000000000011a48                fread@@GLIBC_2.4
                0x0000000000011a54                pthread_create@@GLIBC_2.4
                0x0000000000011a60                fnmatch@@GLIBC_2.4
                0x0000000000011a6c                sched_get_priority_max@@GLIBC_2.4
                0x0000000000011a78                getenv@@GLIBC_2.4
                0x0000000000011a84                puts@@GLIBC_2.4
                0x0000000000011a90                malloc@@GLIBC_2.4
                0x0000000000011a9c                __libc_start_main@@GLIBC_2.4
                0x0000000000011aa8                strerror@@GLIBC_2.4
                0x0000000000011ab4                system@@GLIBC_2.4
                0x0000000000011ac0                strftime@@GLIBC_2.4
                0x0000000000011acc                pthread_attr_setschedpolicy@@GLIBC_2.4
                0x0000000000011ae4                open@@GLIBC_2.4
                0x0000000000011af0                kill@@GLIBC_2.4
                0x0000000000011afc                ntohl@@GLIBC_2.4
                0x0000000000011b08                __ctype_b_loc@@GLIBC_2.4
                0x0000000000011b14                getcwd@@GLIBC_2.4
                0x0000000000011b20                getpid@@GLIBC_2.4
                0x0000000000011b2c                exit@@GLIBC_2.4
                0x0000000000011b38                feof@@GLIBC_2.4
                0x0000000000011b44                flock@@GLIBC_2.4
                0x0000000000011b50                pthread_attr_setinheritsched@@GLIBC_2.4
                0x0000000000011b5c                strlen@@GLIBC_2.4
                0x0000000000011b68                mmap@@GLIBC_2.4
                0x0000000000011b74                strchr@@GLIBC_2.4
                0x0000000000011b80                atol@@GLIBC_2.4
                0x0000000000011b8c                fprintf@@GLIBC_2.4
                0x0000000000011b98                cfsetispeed@@GLIBC_2.4
                0x0000000000011ba4                pthread_attr_init@@GLIBC_2.4
                0x0000000000011bb0                __errno_location@@GLIBC_2.4
                0x0000000000011bbc                strncasecmp@@GLIBC_2.4
                0x0000000000011bc8                snprintf@@GLIBC_2.4
                0x0000000000011bd4                __cxa_atexit@@GLIBC_2.4
                0x0000000000011be0                __isoc99_sscanf@@GLIBC_2.7
                0x0000000000011bec                bind@@GLIBC_2.4
                0x0000000000011bf8                fcntl@@GLIBC_2.28
                0x0000000000011c04                memset@@GLIBC_2.4
                0x0000000000011c10                pthread_cancel@@GLIBC_2.4
                0x0000000000011c1c                write@@GLIBC_2.4
                0x0000000000011c28                fileno@@GLIBC_2.4
                0x0000000000011c34                memchr@@GLIBC_2.4
                0x0000000000011c40                pthread_kill@@GLIBC_2.4
                0x0000000000011c4c                fclose@@GLIBC_2.4
                0x0000000000011c58                pthread_exit@@GLIBC_2.4
                0x0000000000011c64                munmap@@GLIBC_2.4
                0x0000000000011c70                htonl@@GLIBC_2.4
                0x0000000000011c7c                toupper@@GLIBC_2.4
                0x0000000000011c88                strrchr@@GLIBC_2.4
                0x0000000000011c94                listen@@GLIBC_2.4
                0x0000000000011ca0                pthread_join@@GLIBC_2.4
                0x0000000000011cac                fputc@@GLIBC_2.4
                0x0000000000011cb8                sprintf@@GLIBC_2.4
                0x0000000000011cc4                atoi@@GLIBC_2.4
                0x0000000000011cd0                pthread_cond_wait@@GLIBC_2.4
                0x0000000000011cdc                glob@@GLIBC_2.27
                0x0000000000011ce8                pthread_setschedparam@@GLIBC_2.4
                0x0000000000011cf4                socket@@GLIBC_2.4
                0x0000000000011d00                atof@@GLIBC_2.4
                0x0000000000011d0c                clock_nanosleep@@GLIBC_2.17
                0x0000000000011d18                chmod@@GLIBC_2.4
                0x0000000000011d24                __xmknod@@GLIBC_2.4
                0x0000000000011d30                pthread_attr_setdetachstate@@GLIBC_2.4
                0x0000000000011d3c                fputs@@GLIBC_2.4
                0x0000000000011d48                strncmp@@GLIBC_2.4
                0x0000000000011d54                pthread_cond_signal@@GLIBC_2.4
                0x0000000000011d60                abort@@GLIBC_2.4
                0x0000000000011d6c                recv@@GLIBC_2.4
                0x0000000000011d78                close@@GLIBC_2.4
                0x0000000000011d84                mkfifo@@GLIBC_2.4
                0x0000000000011d90                globfree@@GLIBC_2.4
                0x0000000000011d9c                sched_setscheduler@@GLIBC_2.4
                0x0000000000011da8                tcgetattr@@GLIBC_2.4

.iplt           0x0000000000011db4        0x0
 *(.iplt)
 .iplt          0x0000000000011db4        0x0 c:/sysgcc/raspberry/bin/../arm-linux-gnueabihf/sysroot/lib/arm-linux-gnueabihf/crt1.o

.text           0x0000000000011db8    0x36910
 *(.text.unlikely .text.*_unlikely .text.unlikely.*)
 *(.text.exit .text.exit.*)
 *(.text.startup .text.startup.*)
 *(.text.hot .text.hot.*)
 *(SORT_BY_NAME(.text.sorted.*))
 *(.text .stub .text.* .gnu.linkonce.t.*)
 .text          0x0000000000011db8       0x3c c:/sysgcc/raspberry/bin/../arm-linux-gnueabihf/sysroot/lib/arm-linux-gnueabihf/crt1.o
                0x0000000000011db8                _start
 .text          0x0000000000011df4       0x24 c:/sysgcc/raspberry/bin/../arm-linux-gnueabihf/sysroot/lib/arm-linux-gnueabihf/crti.o
 .text          0x0000000000011e18       0x90 c:/sysgcc/raspberry/bin/../lib/gcc/arm-linux-gnueabihf/10/../../../../arm-linux-gnueabihf/lib/crtbegin.o
 .text.Interface_Process
                0x0000000000011ea8       0xb8 obj/Debug/main.o
                0x0000000000011ea8                Interface_Process
 .text.ServiceMeasurements_Process
                0x0000000000011f60       0x48 obj/Debug/main.o
                0x0000000000011f60                ServiceMeasurements_Process
 .text.Keypad_service
                0x0000000000011fa8       0x40 obj/Debug/main.o
                0x0000000000011fa8                Keypad_service
 .text.TemperatureRegulator_service
                0x0000000000011fe8      0x1f0 obj/Debug/main.o
                0x0000000000011fe8                TemperatureRegulator_service
 .text.Measurements
                0x00000000000121d8       0x44 obj/Debug/main.o
                0x00000000000121d8                Measurements
 .text.PowerEquipment_service
                0x000000000001221c       0x24 obj/Debug/main.o
                0x000000000001221c                PowerEquipment_service
 .text.UARTCommThread_service
                0x0000000000012240       0x58 obj/Debug/main.o
                0x0000000000012240                UARTCommThread_service
 .text.Inits    0x0000000000012298      0x2a4 obj/Debug/main.o
                0x0000000000012298                Inits
 .text.SetThreadPriority
                0x000000000001253c       0x98 obj/Debug/main.o
                0x000000000001253c                SetThreadPriority
 .text.K45GlobalInit
                0x00000000000125d4       0xe0 obj/Debug/main.o
                0x00000000000125d4                K45GlobalInit
 .text.main     0x00000000000126b4       0x90 obj/Debug/main.o
                0x00000000000126b4                main
 .text.DEV_GPIOConfig
                0x0000000000012744       0x34 obj/Debug/DEV_Config.o
 .text.DEV_ModuleInit
                0x0000000000012778       0x68 obj/Debug/DEV_Config.o
                0x0000000000012778                DEV_ModuleInit
 .text.DEV_ModuleExit
                0x00000000000127e0       0x18 obj/Debug/DEV_Config.o
                0x00000000000127e0                DEV_ModuleExit
 .text.Handler  0x00000000000127f8       0x34 obj/Debug/DEV_Config.o
                0x00000000000127f8                Handler
 .text.bcm2835_correct_order
                0x000000000001282c       0x50 obj/Debug/bcm2835.o
 .text.bcm2835_peri_read
                0x000000000001287c       0x60 obj/Debug/bcm2835.o
                0x000000000001287c                bcm2835_peri_read
 .text.bcm2835_peri_read_nb
                0x00000000000128dc       0x50 obj/Debug/bcm2835.o
                0x00000000000128dc                bcm2835_peri_read_nb
 .text.bcm2835_peri_write
                0x000000000001292c       0x60 obj/Debug/bcm2835.o
                0x000000000001292c                bcm2835_peri_write
 .text.bcm2835_peri_write_nb
                0x000000000001298c       0x58 obj/Debug/bcm2835.o
                0x000000000001298c                bcm2835_peri_write_nb
 .text.bcm2835_peri_set_bits
                0x00000000000129e4       0x60 obj/Debug/bcm2835.o
                0x00000000000129e4                bcm2835_peri_set_bits
 .text.bcm2835_gpio_fsel
                0x0000000000012a44       0xc4 obj/Debug/bcm2835.o
                0x0000000000012a44                bcm2835_gpio_fsel
 .text.bcm2835_gpio_set
                0x0000000000012b08       0x6c obj/Debug/bcm2835.o
                0x0000000000012b08                bcm2835_gpio_set
 .text.bcm2835_gpio_clr
                0x0000000000012b74       0x6c obj/Debug/bcm2835.o
                0x0000000000012b74                bcm2835_gpio_clr
 .text.bcm2835_gpio_lev
                0x0000000000012be0       0x88 obj/Debug/bcm2835.o
                0x0000000000012be0                bcm2835_gpio_lev
 .text.bcm2835_gpio_pud
                0x0000000000012c68       0x6c obj/Debug/bcm2835.o
                0x0000000000012c68                bcm2835_gpio_pud
 .text.bcm2835_gpio_pudclk
                0x0000000000012cd4       0xcc obj/Debug/bcm2835.o
                0x0000000000012cd4                bcm2835_gpio_pudclk
 .text.bcm2835_delay
                0x0000000000012da0       0x98 obj/Debug/bcm2835.o
                0x0000000000012da0                bcm2835_delay
 .text.bcm2835_delayMicroseconds
                0x0000000000012e38       0xf4 obj/Debug/bcm2835.o
                0x0000000000012e38                bcm2835_delayMicroseconds
 .text.bcm2835_gpio_write
                0x0000000000012f2c       0x54 obj/Debug/bcm2835.o
                0x0000000000012f2c                bcm2835_gpio_write
 .text.bcm2835_gpio_set_pud
                0x0000000000012f80      0x168 obj/Debug/bcm2835.o
                0x0000000000012f80                bcm2835_gpio_set_pud
 .text.bcm2835_spi_begin
                0x00000000000130e8       0x98 obj/Debug/bcm2835.o
                0x00000000000130e8                bcm2835_spi_begin
 .text.bcm2835_spi_end
                0x0000000000013180       0x4c obj/Debug/bcm2835.o
                0x0000000000013180                bcm2835_spi_end
 .text.bcm2835_spi_setBitOrder
                0x00000000000131cc       0x34 obj/Debug/bcm2835.o
                0x00000000000131cc                bcm2835_spi_setBitOrder
 .text.bcm2835_spi_setClockDivider
                0x0000000000013200       0x44 obj/Debug/bcm2835.o
                0x0000000000013200                bcm2835_spi_setClockDivider
 .text.bcm2835_spi_setDataMode
                0x0000000000013244       0x48 obj/Debug/bcm2835.o
                0x0000000000013244                bcm2835_spi_setDataMode
 .text.bcm2835_spi_transfer
                0x000000000001328c       0xec obj/Debug/bcm2835.o
                0x000000000001328c                bcm2835_spi_transfer
 .text.bcm2835_i2c_begin
                0x0000000000013378       0xc8 obj/Debug/bcm2835.o
                0x0000000000013378                bcm2835_i2c_begin
 .text.bcm2835_i2c_end
                0x0000000000013440       0x28 obj/Debug/bcm2835.o
                0x0000000000013440                bcm2835_i2c_end
 .text.bcm2835_i2c_setSlaveAddress
                0x0000000000013468       0x44 obj/Debug/bcm2835.o
                0x0000000000013468                bcm2835_i2c_setSlaveAddress
 .text.bcm2835_i2c_setClockDivider
                0x00000000000134ac       0x88 obj/Debug/bcm2835.o
                0x00000000000134ac                bcm2835_i2c_setClockDivider
 .text.bcm2835_i2c_set_baudrate
                0x0000000000013534       0x48 obj/Debug/bcm2835.o
                0x0000000000013534                bcm2835_i2c_set_baudrate
 .text.bcm2835_i2c_write
                0x000000000001357c      0x1e8 obj/Debug/bcm2835.o
                0x000000000001357c                bcm2835_i2c_write
 .text.bcm2835_st_read
                0x0000000000013764      0x16c obj/Debug/bcm2835.o
                0x0000000000013764                bcm2835_st_read
 .text.bcm2835_st_delay
                0x00000000000138d0       0x50 obj/Debug/bcm2835.o
                0x00000000000138d0                bcm2835_st_delay
 .text.bcm2835_pwm_set_clock
                0x0000000000013920       0xec obj/Debug/bcm2835.o
                0x0000000000013920                bcm2835_pwm_set_clock
 .text.bcm2835_pwm_set_mode
                0x0000000000013a0c      0x140 obj/Debug/bcm2835.o
                0x0000000000013a0c                bcm2835_pwm_set_mode
 .text.bcm2835_pwm_set_range
                0x0000000000013b4c       0x9c obj/Debug/bcm2835.o
                0x0000000000013b4c                bcm2835_pwm_set_range
 .text.bcm2835_pwm_set_data
                0x0000000000013be8       0x9c obj/Debug/bcm2835.o
                0x0000000000013be8                bcm2835_pwm_set_data
 .text.mapmem   0x0000000000013c84       0x98 obj/Debug/bcm2835.o
 .text.unmapmem
                0x0000000000013d1c       0x54 obj/Debug/bcm2835.o
 .text.bcm2835_init
                0x0000000000013d70      0x570 obj/Debug/bcm2835.o
                0x0000000000013d70                bcm2835_init
 .text.bcm2835_close
                0x00000000000142e0       0xf8 obj/Debug/bcm2835.o
                0x00000000000142e0                bcm2835_close
 .text.myScriptNameValid
                0x00000000000143d8       0xc0 obj/Debug/pigpio.o
                0x00000000000143d8                myScriptNameValid
 .text.myTimeStamp
                0x0000000000014498       0x80 obj/Debug/pigpio.o
 .text.myPathBad
                0x0000000000014518      0x170 obj/Debug/pigpio.o
                0x0000000000014518                myPathBad
 .text.myBuf2Str
                0x0000000000014688       0xf4 obj/Debug/pigpio.o
 .text.my_smbus_access
                0x000000000001477c       0xf8 obj/Debug/pigpio.o
 .text.myGpioSetMode
                0x0000000000014874       0xc8 obj/Debug/pigpio.o
 .text.myGpioRead
                0x000000000001493c       0x6c obj/Debug/pigpio.o
 .text.myGpioWrite
                0x00000000000149a8       0xa0 obj/Debug/pigpio.o
 .text.myGpioSleep
                0x0000000000014a48       0x80 obj/Debug/pigpio.o
 .text.myGpioDelay
                0x0000000000014ac8       0xdc obj/Debug/pigpio.o
 .text.myCreatePipe
                0x0000000000014ba4       0xb0 obj/Debug/pigpio.o
 .text.myOffPageSlot
                0x0000000000014c54       0x88 obj/Debug/pigpio.o
 .text.myLvsPageSlot
                0x0000000000014cdc       0x88 obj/Debug/pigpio.o
 .text.myTckPageSlot
                0x0000000000014d64       0x60 obj/Debug/pigpio.o
 .text.myGetLevel
                0x0000000000014dc4       0x60 obj/Debug/pigpio.o
 .text.myI2CGetPar
                0x0000000000014e24      0x104 obj/Debug/pigpio.o
 .text.myGetTick
                0x0000000000014f28       0x60 obj/Debug/pigpio.o
 .text.myPermit
                0x0000000000014f88       0x74 obj/Debug/pigpio.o
 .text.flushMemory
                0x0000000000014ffc      0x100 obj/Debug/pigpio.o
 .text.wfRx_lock
                0x00000000000150fc       0x4c obj/Debug/pigpio.o
 .text.wfRx_unlock
                0x0000000000015148       0x4c obj/Debug/pigpio.o
 .text.spinWhileStarting
                0x0000000000015194       0x50 obj/Debug/pigpio.o
 .text.myDoCommand
                0x00000000000151e4     0x28c0 obj/Debug/pigpio.o
 .text.mySetGpioOff
                0x0000000000017aa4       0x9c obj/Debug/pigpio.o
 .text.myClearGpioOff
                0x0000000000017b40       0xa0 obj/Debug/pigpio.o
 .text.mySetGpioOn
                0x0000000000017be0       0xb4 obj/Debug/pigpio.o
 .text.myClearGpioOn
                0x0000000000017c94       0xb8 obj/Debug/pigpio.o
 .text.myGpioSetPwm
                0x0000000000017d4c      0x510 obj/Debug/pigpio.o
 .text.myGpioSetServo
                0x000000000001825c      0x47c obj/Debug/pigpio.o
 .text.mbCreate
                0x00000000000186d8       0x48 obj/Debug/pigpio.o
 .text.mbOpen   0x0000000000018720       0x58 obj/Debug/pigpio.o
 .text.mbClose  0x0000000000018778       0x24 obj/Debug/pigpio.o
 .text.mbProperty
                0x000000000001879c       0x38 obj/Debug/pigpio.o
 .text.mbAllocateMemory
                0x00000000000187d4      0x154 obj/Debug/pigpio.o
 .text.mbLockMemory
                0x0000000000018928      0x10c obj/Debug/pigpio.o
 .text.mbUnlockMemory
                0x0000000000018a34      0x10c obj/Debug/pigpio.o
 .text.mbReleaseMemory
                0x0000000000018b40      0x10c obj/Debug/pigpio.o
 .text.mbMapMem
                0x0000000000018c4c       0x5c obj/Debug/pigpio.o
 .text.mbUnmapMem
                0x0000000000018ca8       0x30 obj/Debug/pigpio.o
 .text.mbDMAFree
                0x0000000000018cd8       0x90 obj/Debug/pigpio.o
 .text.mbDMAAlloc
                0x0000000000018d68       0xc0 obj/Debug/pigpio.o
 .text.rawWaveCBAdr
                0x0000000000018e28       0xa0 obj/Debug/pigpio.o
                0x0000000000018e28                rawWaveCBAdr
 .text.waveCbPOadr
                0x0000000000018ec8       0xa0 obj/Debug/pigpio.o
 .text.waveOOLPageSlot
                0x0000000000018f68       0x84 obj/Debug/pigpio.o
 .text.waveSetOOL
                0x0000000000018fec       0x60 obj/Debug/pigpio.o
 .text.waveOOLPOadr
                0x000000000001904c       0x5c obj/Debug/pigpio.o
 .text.waveBitDelay
                0x00000000000190a8      0x128 obj/Debug/pigpio.o
 .text.waveDelayCBs
                0x00000000000191d0       0xb4 obj/Debug/pigpio.o
 .text.waveCBsOOLs
                0x0000000000019284      0x21c obj/Debug/pigpio.o
 .text.wave2Cbs
                0x00000000000194a0      0x8dc obj/Debug/pigpio.o
 .text.waveRxSerial
                0x0000000000019d7c      0x2d4 obj/Debug/pigpio.o
 .text.waveRxBit
                0x000000000001a050       0x7c obj/Debug/pigpio.o
 .text.rawWaveAddGeneric
                0x000000000001a0cc      0x800 obj/Debug/pigpio.o
                0x000000000001a0cc                rawWaveAddGeneric
 .text.i2cWriteQuick
                0x000000000001a8cc      0x310 obj/Debug/pigpio.o
                0x000000000001a8cc                i2cWriteQuick
 .text.i2cReadByte
                0x000000000001abdc      0x2a4 obj/Debug/pigpio.o
                0x000000000001abdc                i2cReadByte
 .text.i2cWriteByte
                0x000000000001ae80      0x310 obj/Debug/pigpio.o
                0x000000000001ae80                i2cWriteByte
 .text.i2cReadByteData
                0x000000000001b190      0x310 obj/Debug/pigpio.o
                0x000000000001b190                i2cReadByteData
 .text.i2cWriteByteData
                0x000000000001b4a0      0x384 obj/Debug/pigpio.o
                0x000000000001b4a0                i2cWriteByteData
 .text.i2cReadWordData
                0x000000000001b824      0x310 obj/Debug/pigpio.o
                0x000000000001b824                i2cReadWordData
 .text.i2cWriteWordData
                0x000000000001bb34      0x384 obj/Debug/pigpio.o
                0x000000000001bb34                i2cWriteWordData
 .text.i2cProcessCall
                0x000000000001beb8      0x384 obj/Debug/pigpio.o
                0x000000000001beb8                i2cProcessCall
 .text.i2cReadBlockData
                0x000000000001c23c      0x380 obj/Debug/pigpio.o
                0x000000000001c23c                i2cReadBlockData
 .text.i2cWriteBlockData
                0x000000000001c5bc      0x3fc obj/Debug/pigpio.o
                0x000000000001c5bc                i2cWriteBlockData
 .text.i2cBlockProcessCall
                0x000000000001c9b8      0x460 obj/Debug/pigpio.o
                0x000000000001c9b8                i2cBlockProcessCall
 .text.i2cReadI2CBlockData
                0x000000000001ce18      0x424 obj/Debug/pigpio.o
                0x000000000001ce18                i2cReadI2CBlockData
 .text.i2cWriteI2CBlockData
                0x000000000001d23c      0x3fc obj/Debug/pigpio.o
                0x000000000001d23c                i2cWriteI2CBlockData
 .text.i2cWriteDevice
                0x000000000001d638      0x2c4 obj/Debug/pigpio.o
                0x000000000001d638                i2cWriteDevice
 .text.i2cReadDevice
                0x000000000001d8fc      0x2b4 obj/Debug/pigpio.o
                0x000000000001d8fc                i2cReadDevice
 .text.i2cOpen  0x000000000001dbb0      0x410 obj/Debug/pigpio.o
                0x000000000001dbb0                i2cOpen
 .text.i2cClose
                0x000000000001dfc0      0x214 obj/Debug/pigpio.o
                0x000000000001dfc0                i2cClose
 .text.i2cSwitchCombined
                0x000000000001e1d4       0xd8 obj/Debug/pigpio.o
                0x000000000001e1d4                i2cSwitchCombined
 .text.i2cSegments
                0x000000000001e2ac      0x2b0 obj/Debug/pigpio.o
                0x000000000001e2ac                i2cSegments
 .text.i2cZip   0x000000000001e55c      0x88c obj/Debug/pigpio.o
                0x000000000001e55c                i2cZip
 .text._spiTXBits
                0x000000000001ede8       0xc8 obj/Debug/pigpio.o
 .text._spiRXBits
                0x000000000001eeb0       0xc4 obj/Debug/pigpio.o
 .text.spiACS   0x000000000001ef74       0x74 obj/Debug/pigpio.o
 .text.spiGoA   0x000000000001efe8      0x3bc obj/Debug/pigpio.o
 .text.spiGoS   0x000000000001f3a4      0x448 obj/Debug/pigpio.o
 .text.spiGo    0x000000000001f7ec       0x9c obj/Debug/pigpio.o
 .text.spiAnyOpen
                0x000000000001f888       0xc4 obj/Debug/pigpio.o
 .text.spiInit  0x000000000001f94c      0x350 obj/Debug/pigpio.o
 .text.spiTerm  0x000000000001fc9c      0x230 obj/Debug/pigpio.o
 .text.spiOpen  0x000000000001fecc      0x440 obj/Debug/pigpio.o
                0x000000000001fecc                spiOpen
 .text.spiClose
                0x000000000002030c      0x234 obj/Debug/pigpio.o
                0x000000000002030c                spiClose
 .text.spiRead  0x0000000000020540      0x28c obj/Debug/pigpio.o
                0x0000000000020540                spiRead
 .text.spiWrite
                0x00000000000207cc      0x28c obj/Debug/pigpio.o
                0x00000000000207cc                spiWrite
 .text.spiXfer  0x0000000000020a58      0x290 obj/Debug/pigpio.o
                0x0000000000020a58                spiXfer
 .text.serOpen  0x0000000000020ce8      0x6a0 obj/Debug/pigpio.o
                0x0000000000020ce8                serOpen
 .text.serClose
                0x0000000000021388      0x214 obj/Debug/pigpio.o
                0x0000000000021388                serClose
 .text.serWriteByte
                0x000000000002159c      0x254 obj/Debug/pigpio.o
                0x000000000002159c                serWriteByte
 .text.serReadByte
                0x00000000000217f0      0x220 obj/Debug/pigpio.o
                0x00000000000217f0                serReadByte
 .text.serWrite
                0x0000000000021a10      0x2e4 obj/Debug/pigpio.o
                0x0000000000021a10                serWrite
 .text.serRead  0x0000000000021cf4      0x294 obj/Debug/pigpio.o
                0x0000000000021cf4                serRead
 .text.serDataAvailable
                0x0000000000021f88      0x1e4 obj/Debug/pigpio.o
                0x0000000000021f88                serDataAvailable
 *fill*         0x000000000002216c        0x4 
 .text.chooseBestClock
                0x0000000000022170      0x21c obj/Debug/pigpio.o
 .text.dmaCB2adr
                0x000000000002238c       0xac obj/Debug/pigpio.o
 .text.dmaCbPrint
                0x0000000000022438       0x8c obj/Debug/pigpio.o
 .text.dmaNowAtICB
                0x00000000000224c4      0x184 obj/Debug/pigpio.o
 .text.dmaNowAtOCB
                0x0000000000022648      0x188 obj/Debug/pigpio.o
 .text.dmaCurrentSlot
                0x00000000000227d0       0xc4 obj/Debug/pigpio.o
 .text.dmaPwmDataAdr
                0x0000000000022894       0x40 obj/Debug/pigpio.o
 .text.dmaGpioOnAdr
                0x00000000000228d4       0x78 obj/Debug/pigpio.o
 .text.dmaGpioOffAdr
                0x000000000002294c       0x60 obj/Debug/pigpio.o
 .text.dmaTickAdr
                0x00000000000229ac       0x5c obj/Debug/pigpio.o
 .text.dmaReadLevelsAdr
                0x0000000000022a08       0x5c obj/Debug/pigpio.o
 .text.dmaCbAdr
                0x0000000000022a64       0xac obj/Debug/pigpio.o
 .text.dmaGpioOnCb
                0x0000000000022b10       0x9c obj/Debug/pigpio.o
 .text.dmaTickCb
                0x0000000000022bac       0x9c obj/Debug/pigpio.o
 .text.dmaGpioOffCb
                0x0000000000022c48       0x9c obj/Debug/pigpio.o
 .text.dmaReadLevelsCb
                0x0000000000022ce4       0x9c obj/Debug/pigpio.o
 .text.dmaDelayCb
                0x0000000000022d80      0x11c obj/Debug/pigpio.o
 .text.dmaInitCbs
                0x0000000000022e9c      0x2cc obj/Debug/pigpio.o
 .text.sigHandler
                0x0000000000023168      0x3a4 obj/Debug/pigpio.o
 .text.sigSetHandler
                0x000000000002350c       0x74 obj/Debug/pigpio.o
 .text.alertGlitchFilter
                0x0000000000023580      0x390 obj/Debug/pigpio.o
 .text.alertNoiseFilter
                0x0000000000023910      0x3c8 obj/Debug/pigpio.o
 .text.alertEmit
                0x0000000000023cd8     0x1990 obj/Debug/pigpio.o
 .text.alertWdogCheck
                0x0000000000025668      0x184 obj/Debug/pigpio.o
 .text.pthAlertThread
                0x00000000000257ec      0x898 obj/Debug/pigpio.o
 .text.scrPop   0x0000000000026084       0xcc obj/Debug/pigpio.o
 .text.scrPush  0x0000000000026150       0xc8 obj/Debug/pigpio.o
 .text.scrSwap  0x0000000000026218       0x4c obj/Debug/pigpio.o
 .text.scrEvtWait
                0x0000000000026264       0xac obj/Debug/pigpio.o
 .text.scrWait  0x0000000000026310       0xac obj/Debug/pigpio.o
 .text.scrSys   0x00000000000263bc      0x150 obj/Debug/pigpio.o
 .text.pthScript
                0x000000000002650c      0xe50 obj/Debug/pigpio.o
 .text.pthFifoThread
                0x000000000002735c      0x5e0 obj/Debug/pigpio.o
 .text.pthSocketThreadHandler
                0x000000000002793c      0x4a0 obj/Debug/pigpio.o
 .text.addrAllowed
                0x0000000000027ddc       0xb4 obj/Debug/pigpio.o
 .text.pthSocketThread
                0x0000000000027e90      0x424 obj/Debug/pigpio.o
 .text.initCheckLockFile
                0x00000000000282b4      0x1b0 obj/Debug/pigpio.o
 .text.initGrabLockFile
                0x0000000000028464       0xb4 obj/Debug/pigpio.o
 .text.initMapMem
                0x0000000000028518       0x50 obj/Debug/pigpio.o
 .text.initCheckPermitted
                0x0000000000028568      0x140 obj/Debug/pigpio.o
 .text.initPeripherals
                0x00000000000286a8      0x754 obj/Debug/pigpio.o
 .text.initZaps
                0x0000000000028dfc      0x2e8 obj/Debug/pigpio.o
 .text.initPagemapBlock
                0x00000000000290e4      0x384 obj/Debug/pigpio.o
 .text.initMboxBlock
                0x0000000000029468      0x1ec obj/Debug/pigpio.o
 .text.initAllocDMAMem
                0x0000000000029654      0x9c0 obj/Debug/pigpio.o
 .text.initPWM  0x000000000002a014      0x12c obj/Debug/pigpio.o
 .text.initPCM  0x000000000002a140      0x250 obj/Debug/pigpio.o
 .text.initHWClk
                0x000000000002a390      0x1c0 obj/Debug/pigpio.o
 .text.initClock
                0x000000000002a550      0x22c obj/Debug/pigpio.o
 .text.initKillDMA
                0x000000000002a77c       0x54 obj/Debug/pigpio.o
 .text.initDMAgo
                0x000000000002a7d0       0xb8 obj/Debug/pigpio.o
 .text.initClearGlobals
                0x000000000002a888      0x78c obj/Debug/pigpio.o
 .text.initReleaseResources
                0x000000000002b014      0x854 obj/Debug/pigpio.o
 .text.initInitialise
                0x000000000002b868      0xa48 obj/Debug/pigpio.o
                0x000000000002b868                initInitialise
 .text.time_sleep
                0x000000000002c2b0       0xa8 obj/Debug/pigpio.o
                0x000000000002c2b0                time_sleep
 .text.gpioInitialise
                0x000000000002c358      0x110 obj/Debug/pigpio.o
                0x000000000002c358                gpioInitialise
 .text.gpioTerminate
                0x000000000002c468      0x32c obj/Debug/pigpio.o
                0x000000000002c468                gpioTerminate
 .text.switchFunctionOff
                0x000000000002c794      0x178 obj/Debug/pigpio.o
 .text.stopHardwarePWM
                0x000000000002c90c      0x12c obj/Debug/pigpio.o
 .text.gpioSetMode
                0x000000000002ca38      0x2b0 obj/Debug/pigpio.o
                0x000000000002ca38                gpioSetMode
 .text.gpioGetMode
                0x000000000002cce8      0x1a4 obj/Debug/pigpio.o
                0x000000000002cce8                gpioGetMode
 .text.gpioSetPullUpDown
                0x000000000002ce8c      0x338 obj/Debug/pigpio.o
                0x000000000002ce8c                gpioSetPullUpDown
 .text.gpioRead
                0x000000000002d1c4      0x17c obj/Debug/pigpio.o
                0x000000000002d1c4                gpioRead
 .text.gpioWrite
                0x000000000002d340      0x308 obj/Debug/pigpio.o
                0x000000000002d340                gpioWrite
 .text.gpioPWM  0x000000000002d648      0x2ac obj/Debug/pigpio.o
                0x000000000002d648                gpioPWM
 .text.gpioGetPWMdutycycle
                0x000000000002d8f4      0x230 obj/Debug/pigpio.o
                0x000000000002d8f4                gpioGetPWMdutycycle
 .text.gpioSetPWMrange
                0x000000000002db24      0x330 obj/Debug/pigpio.o
                0x000000000002db24                gpioSetPWMrange
 .text.gpioGetPWMrange
                0x000000000002de54      0x190 obj/Debug/pigpio.o
                0x000000000002de54                gpioGetPWMrange
 .text.gpioGetPWMrealRange
                0x000000000002dfe4      0x1e0 obj/Debug/pigpio.o
                0x000000000002dfe4                gpioGetPWMrealRange
 .text.gpioSetPWMfrequency
                0x000000000002e1c4      0x31c obj/Debug/pigpio.o
                0x000000000002e1c4                gpioSetPWMfrequency
 .text.gpioGetPWMfrequency
                0x000000000002e4e0      0x208 obj/Debug/pigpio.o
                0x000000000002e4e0                gpioGetPWMfrequency
 .text.gpioServo
                0x000000000002e6e8      0x2f8 obj/Debug/pigpio.o
                0x000000000002e6e8                gpioServo
 .text.gpioGetServoPulsewidth
                0x000000000002e9e0      0x1d0 obj/Debug/pigpio.o
                0x000000000002e9e0                gpioGetServoPulsewidth
 .text.gpioWaveClear
                0x000000000002ebb0      0x180 obj/Debug/pigpio.o
                0x000000000002ebb0                gpioWaveClear
 .text.gpioWaveAddNew
                0x000000000002ed30      0x124 obj/Debug/pigpio.o
                0x000000000002ed30                gpioWaveAddNew
 .text.gpioWaveAddGeneric
                0x000000000002ee54      0x2b8 obj/Debug/pigpio.o
                0x000000000002ee54                gpioWaveAddGeneric
 .text.gpioWaveAddSerial
                0x000000000002f10c      0x9b8 obj/Debug/pigpio.o
                0x000000000002f10c                gpioWaveAddSerial
 .text.gpioWaveCreate
                0x000000000002fac4      0x654 obj/Debug/pigpio.o
                0x000000000002fac4                gpioWaveCreate
 .text.gpioWaveCreatePad
                0x0000000000030118      0x894 obj/Debug/pigpio.o
                0x0000000000030118                gpioWaveCreatePad
 .text.gpioWaveDelete
                0x00000000000309ac      0x260 obj/Debug/pigpio.o
                0x00000000000309ac                gpioWaveDelete
 .text.gpioWaveTxStart
                0x0000000000030c0c       0xc8 obj/Debug/pigpio.o
                0x0000000000030c0c                gpioWaveTxStart
 .text.gpioWaveTxSend
                0x0000000000030cd4      0x3bc obj/Debug/pigpio.o
                0x0000000000030cd4                gpioWaveTxSend
 .text.chainGetCB
                0x0000000000031090       0xb4 obj/Debug/pigpio.o
 .text.chainSetVal
                0x0000000000031144       0xc4 obj/Debug/pigpio.o
 .text.chainGetValPadr
                0x0000000000031208       0xc0 obj/Debug/pigpio.o
 .text.chainGetCntVal
                0x00000000000312c8       0x9c obj/Debug/pigpio.o
 .text.chainSetCntVal
                0x0000000000031364       0xa4 obj/Debug/pigpio.o
 .text.chainGetCntValPadr
                0x0000000000031408       0x98 obj/Debug/pigpio.o
 .text.chainGetCntCB
                0x00000000000314a0       0x7c obj/Debug/pigpio.o
 .text.chainMakeCounter
                0x000000000003151c      0x4c8 obj/Debug/pigpio.o
 .text.gpioWaveChain
                0x00000000000319e4     0x10a0 obj/Debug/pigpio.o
                0x00000000000319e4                gpioWaveChain
 .text.gpioWaveTxBusy
                0x0000000000032a84       0xe8 obj/Debug/pigpio.o
                0x0000000000032a84                gpioWaveTxBusy
 .text.gpioWaveTxAt
                0x0000000000032b6c      0x18c obj/Debug/pigpio.o
                0x0000000000032b6c                gpioWaveTxAt
 .text.gpioWaveTxStop
                0x0000000000032cf8       0xe8 obj/Debug/pigpio.o
                0x0000000000032cf8                gpioWaveTxStop
 .text.gpioWaveGetMicros
                0x0000000000032de0       0xcc obj/Debug/pigpio.o
                0x0000000000032de0                gpioWaveGetMicros
 .text.gpioWaveGetHighMicros
                0x0000000000032eac       0xcc obj/Debug/pigpio.o
                0x0000000000032eac                gpioWaveGetHighMicros
 .text.gpioWaveGetMaxMicros
                0x0000000000032f78       0xcc obj/Debug/pigpio.o
                0x0000000000032f78                gpioWaveGetMaxMicros
 .text.gpioWaveGetPulses
                0x0000000000033044       0xcc obj/Debug/pigpio.o
                0x0000000000033044                gpioWaveGetPulses
 .text.gpioWaveGetHighPulses
                0x0000000000033110       0xcc obj/Debug/pigpio.o
                0x0000000000033110                gpioWaveGetHighPulses
 .text.gpioWaveGetMaxPulses
                0x00000000000331dc       0xcc obj/Debug/pigpio.o
                0x00000000000331dc                gpioWaveGetMaxPulses
 .text.gpioWaveGetCbs
                0x00000000000332a8       0xcc obj/Debug/pigpio.o
                0x00000000000332a8                gpioWaveGetCbs
 .text.gpioWaveGetHighCbs
                0x0000000000033374       0xcc obj/Debug/pigpio.o
                0x0000000000033374                gpioWaveGetHighCbs
 .text.gpioWaveGetMaxCbs
                0x0000000000033440       0xcc obj/Debug/pigpio.o
                0x0000000000033440                gpioWaveGetMaxCbs
 .text.read_SDA
                0x000000000003350c       0x44 obj/Debug/pigpio.o
 .text.set_SDA  0x0000000000033550       0x30 obj/Debug/pigpio.o
 .text.clear_SDA
                0x0000000000033580       0x44 obj/Debug/pigpio.o
 .text.clear_SCL
                0x00000000000335c4       0x44 obj/Debug/pigpio.o
 .text.I2C_delay
                0x0000000000033608       0x2c obj/Debug/pigpio.o
 .text.I2C_clock_stretch
                0x0000000000033634       0x80 obj/Debug/pigpio.o
 .text.I2CStart
                0x00000000000336b4       0x78 obj/Debug/pigpio.o
 .text.I2CStop  0x000000000003372c       0x58 obj/Debug/pigpio.o
 .text.I2CPutBit
                0x0000000000033784       0x60 obj/Debug/pigpio.o
 .text.I2CGetBit
                0x00000000000337e4       0x54 obj/Debug/pigpio.o
 .text.I2CPutByte
                0x0000000000033838       0x74 obj/Debug/pigpio.o
 .text.I2CGetByte
                0x00000000000338ac       0x7c obj/Debug/pigpio.o
 .text.bbI2COpen
                0x0000000000033928      0x508 obj/Debug/pigpio.o
                0x0000000000033928                bbI2COpen
 .text.bbI2CClose
                0x0000000000033e30      0x2e4 obj/Debug/pigpio.o
                0x0000000000033e30                bbI2CClose
 .text.bbI2CZip
                0x0000000000034114      0x74c obj/Debug/pigpio.o
                0x0000000000034114                bbI2CZip
 .text.bscInit  0x0000000000034860      0x15c obj/Debug/pigpio.o
                0x0000000000034860                bscInit
 .text.bscTerm  0x00000000000349bc      0x134 obj/Debug/pigpio.o
                0x00000000000349bc                bscTerm
 .text.bscXfer  0x0000000000034af0      0x3bc obj/Debug/pigpio.o
                0x0000000000034af0                bscXfer
 .text.set_CS   0x0000000000034eac       0x40 obj/Debug/pigpio.o
 .text.clear_CS
                0x0000000000034eec       0x50 obj/Debug/pigpio.o
 .text.set_SCLK
                0x0000000000034f3c       0x50 obj/Debug/pigpio.o
 .text.clear_SCLK
                0x0000000000034f8c       0x40 obj/Debug/pigpio.o
 .text.SPI_delay
                0x0000000000034fcc       0x2c obj/Debug/pigpio.o
 .text.bbSPIStart
                0x0000000000034ff8       0x3c obj/Debug/pigpio.o
 .text.bbSPIStop
                0x0000000000035034       0x3c obj/Debug/pigpio.o
 .text.bbSPIXferByte
                0x0000000000035070      0x2b0 obj/Debug/pigpio.o
 .text.bbSPIOpen
                0x0000000000035320      0x97c obj/Debug/pigpio.o
                0x0000000000035320                bbSPIOpen
 .text.bbSPIClose
                0x0000000000035c9c      0x498 obj/Debug/pigpio.o
                0x0000000000035c9c                bbSPIClose
 .text.bbSPIXfer
                0x0000000000036134      0x460 obj/Debug/pigpio.o
                0x0000000000036134                bbSPIXfer
 .text.gpioSerialReadOpen
                0x0000000000036594      0x5cc obj/Debug/pigpio.o
                0x0000000000036594                gpioSerialReadOpen
 .text.gpioSerialReadInvert
                0x0000000000036b60      0x248 obj/Debug/pigpio.o
                0x0000000000036b60                gpioSerialReadInvert
 .text.gpioSerialRead
                0x0000000000036da8      0x374 obj/Debug/pigpio.o
                0x0000000000036da8                gpioSerialRead
 .text.gpioSerialReadClose
                0x000000000003711c      0x228 obj/Debug/pigpio.o
                0x000000000003711c                gpioSerialReadClose
 .text.eventMonitor
                0x0000000000037344      0x1e4 obj/Debug/pigpio.o
                0x0000000000037344                eventMonitor
 .text.eventTrigger
                0x0000000000037528      0x160 obj/Debug/pigpio.o
                0x0000000000037528                eventTrigger
 .text.intGpioSetAlertFunc
                0x0000000000037688      0x1c8 obj/Debug/pigpio.o
 .text.gpioSetAlertFunc
                0x0000000000037850      0x154 obj/Debug/pigpio.o
                0x0000000000037850                gpioSetAlertFunc
 .text.pthISRThread
                0x00000000000379a4      0x2c0 obj/Debug/pigpio.o
 .text.intGpioSetISRFunc
                0x0000000000037c64      0x7cc obj/Debug/pigpio.o
 .text.gpioSetISRFunc
                0x0000000000038430      0x1d8 obj/Debug/pigpio.o
                0x0000000000038430                gpioSetISRFunc
 .text.closeOrphanedNotifications
                0x0000000000038608      0x148 obj/Debug/pigpio.o
 .text.notifyMutex
                0x0000000000038750       0x40 obj/Debug/pigpio.o
 .text.gpioNotifyOpenWithSize
                0x0000000000038790      0x46c obj/Debug/pigpio.o
                0x0000000000038790                gpioNotifyOpenWithSize
 .text.gpioNotifyOpen
                0x0000000000038bfc       0x1c obj/Debug/pigpio.o
                0x0000000000038bfc                gpioNotifyOpen
 .text.gpioNotifyOpenInBand
                0x0000000000038c18      0x2f4 obj/Debug/pigpio.o
 .text.intScriptBits
                0x0000000000038f0c       0xfc obj/Debug/pigpio.o
 .text.intScriptEventBits
                0x0000000000039008       0xb8 obj/Debug/pigpio.o
 .text.intNotifyBits
                0x00000000000390c0       0xfc obj/Debug/pigpio.o
 .text.gpioNotifyBegin
                0x00000000000391bc      0x210 obj/Debug/pigpio.o
                0x00000000000391bc                gpioNotifyBegin
 .text.gpioNotifyPause
                0x00000000000393cc      0x204 obj/Debug/pigpio.o
                0x00000000000393cc                gpioNotifyPause
 .text.gpioNotifyClose
                0x00000000000395d0      0x330 obj/Debug/pigpio.o
                0x00000000000395d0                gpioNotifyClose
 .text.gpioTrigger
                0x0000000000039900      0x31c obj/Debug/pigpio.o
                0x0000000000039900                gpioTrigger
 .text.gpioSetWatchdog
                0x0000000000039c1c      0x288 obj/Debug/pigpio.o
                0x0000000000039c1c                gpioSetWatchdog
 .text.gpioNoiseFilter
                0x0000000000039ea4      0x36c obj/Debug/pigpio.o
                0x0000000000039ea4                gpioNoiseFilter
 .text.gpioGlitchFilter
                0x000000000003a210      0x264 obj/Debug/pigpio.o
                0x000000000003a210                gpioGlitchFilter
 .text.gpioStartThread
                0x000000000003a474      0x248 obj/Debug/pigpio.o
                0x000000000003a474                gpioStartThread
 .text.gpioStopThread
                0x000000000003a6bc      0x12c obj/Debug/pigpio.o
                0x000000000003a6bc                gpioStopThread
 .text.gpioStoreScript
                0x000000000003a7e8      0x308 obj/Debug/pigpio.o
                0x000000000003a7e8                gpioStoreScript
 .text.gpioRunScript
                0x000000000003aaf0      0x310 obj/Debug/pigpio.o
                0x000000000003aaf0                gpioRunScript
 .text.gpioUpdateScript
                0x000000000003ae00      0x234 obj/Debug/pigpio.o
                0x000000000003ae00                gpioUpdateScript
 .text.gpioScriptStatus
                0x000000000003b034      0x1d8 obj/Debug/pigpio.o
                0x000000000003b034                gpioScriptStatus
 .text.gpioStopScript
                0x000000000003b20c      0x238 obj/Debug/pigpio.o
                0x000000000003b20c                gpioStopScript
 .text.gpioDeleteScript
                0x000000000003b444      0x374 obj/Debug/pigpio.o
                0x000000000003b444                gpioDeleteScript
 .text.gpioRead_Bits_0_31
                0x000000000003b7b8       0xd4 obj/Debug/pigpio.o
                0x000000000003b7b8                gpioRead_Bits_0_31
 .text.gpioRead_Bits_32_53
                0x000000000003b88c       0xd4 obj/Debug/pigpio.o
                0x000000000003b88c                gpioRead_Bits_32_53
 .text.gpioWrite_Bits_0_31_Clear
                0x000000000003b960       0xf0 obj/Debug/pigpio.o
                0x000000000003b960                gpioWrite_Bits_0_31_Clear
 .text.gpioWrite_Bits_32_53_Clear
                0x000000000003ba50       0xf0 obj/Debug/pigpio.o
                0x000000000003ba50                gpioWrite_Bits_32_53_Clear
 .text.gpioWrite_Bits_0_31_Set
                0x000000000003bb40       0xf0 obj/Debug/pigpio.o
                0x000000000003bb40                gpioWrite_Bits_0_31_Set
 .text.gpioWrite_Bits_32_53_Set
                0x000000000003bc30       0xf0 obj/Debug/pigpio.o
                0x000000000003bc30                gpioWrite_Bits_32_53_Set
 .text.gpioHardwareClock
                0x000000000003bd20      0x668 obj/Debug/pigpio.o
                0x000000000003bd20                gpioHardwareClock
 .text.gpioHardwarePWM
                0x000000000003c388      0x6a4 obj/Debug/pigpio.o
                0x000000000003c388                gpioHardwarePWM
 .text.gpioSetPad
                0x000000000003ca2c      0x1fc obj/Debug/pigpio.o
                0x000000000003ca2c                gpioSetPad
 .text.gpioGetPad
                0x000000000003cc28      0x174 obj/Debug/pigpio.o
                0x000000000003cc28                gpioGetPad
 .text.shell    0x000000000003cd9c      0x23c obj/Debug/pigpio.o
                0x000000000003cd9c                shell
 .text.fileApprove
                0x000000000003cfd8      0x258 obj/Debug/pigpio.o
                0x000000000003cfd8                fileApprove
 .text.fileOpen
                0x000000000003d230      0x540 obj/Debug/pigpio.o
                0x000000000003d230                fileOpen
 .text.fileClose
                0x000000000003d770      0x214 obj/Debug/pigpio.o
                0x000000000003d770                fileClose
 .text.fileWrite
                0x000000000003d984      0x338 obj/Debug/pigpio.o
                0x000000000003d984                fileWrite
 .text.fileRead
                0x000000000003dcbc      0x32c obj/Debug/pigpio.o
                0x000000000003dcbc                fileRead
 .text.fileSeek
                0x000000000003dfe8      0x2fc obj/Debug/pigpio.o
                0x000000000003dfe8                fileSeek
 .text.fileList
                0x000000000003e2e4      0x25c obj/Debug/pigpio.o
                0x000000000003e2e4                fileList
 .text.gpioTick
                0x000000000003e540       0x8c obj/Debug/pigpio.o
                0x000000000003e540                gpioTick
 .text.gpioVersion
                0x000000000003e5cc       0x68 obj/Debug/pigpio.o
                0x000000000003e5cc                gpioVersion
 .text.gpioHardwareRevision
                0x000000000003e634      0x648 obj/Debug/pigpio.o
                0x000000000003e634                gpioHardwareRevision
 .text.gpioCfgClock
                0x000000000003ec7c      0x230 obj/Debug/pigpio.o
                0x000000000003ec7c                gpioCfgClock
 .text.gpioCfgGetInternals
                0x000000000003eeac       0x24 obj/Debug/pigpio.o
                0x000000000003eeac                gpioCfgGetInternals
 .text.gpioCfgSetInternals
                0x000000000003eed0       0x58 obj/Debug/pigpio.o
                0x000000000003eed0                gpioCfgSetInternals
 .text.gpioCustom1
                0x000000000003ef28      0x18c obj/Debug/pigpio.o
                0x000000000003ef28                gpioCustom1
 .text.gpioCustom2
                0x000000000003f0b4      0x1b0 obj/Debug/pigpio.o
                0x000000000003f0b4                gpioCustom2
 .text.cmdMatch
                0x000000000003f264       0x8c obj/Debug/command.o
 .text.getNum   0x000000000003f2f0      0x14c obj/Debug/command.o
 .text.cmdStr   0x000000000003f43c       0x20 obj/Debug/command.o
                0x000000000003f43c                cmdStr
 .text.cmdParse
                0x000000000003f45c     0x1f78 obj/Debug/command.o
                0x000000000003f45c                cmdParse
 .text.cmdParseScript
                0x00000000000413d4      0x7ec obj/Debug/command.o
                0x00000000000413d4                cmdParseScript
 .text.appMillis
                0x0000000000041bc0       0x88 obj/Debug/commonUnit.o
                0x0000000000041bc0                appMillis
 .text.setExecuteModule
                0x0000000000041c48       0x94 obj/Debug/Executive/modulSPI.o
                0x0000000000041c48                setExecuteModule
 .text.executeModulControl
                0x0000000000041cdc       0x14 obj/Debug/Executive/modulSPI.o
                0x0000000000041cdc                executeModulControl
 .text.LimitPWM
                0x0000000000041cf0       0x5c obj/Debug/Executive/modulSPI.o
                0x0000000000041cf0                LimitPWM
 .text.PWM_init
                0x0000000000041d4c      0x15c obj/Debug/Executive/nativePWM.o
                0x0000000000041d4c                PWM_init
 .text.PWM_set  0x0000000000041ea8       0xdc obj/Debug/Executive/nativePWM.o
                0x0000000000041ea8                PWM_set
 .text.PigpioInit
                0x0000000000041f84       0xf4 obj/Debug/Executive/additionalMeasurements.o
                0x0000000000041f84                PigpioInit
 .text.ImpulsCounter
                0x0000000000042078       0x8c obj/Debug/Executive/additionalMeasurements.o
                0x0000000000042078                ImpulsCounter
 .text.FrequencyMeasurement
                0x0000000000042104      0x148 obj/Debug/Executive/additionalMeasurements.o
                0x0000000000042104                FrequencyMeasurement
 .text.HeaterCheck
                0x000000000004224c       0x5c obj/Debug/Executive/additionalMeasurements.o
                0x000000000004224c                HeaterCheck
 .text.CoolerCheck
                0x00000000000422a8       0x5c obj/Debug/Executive/additionalMeasurements.o
                0x00000000000422a8                CoolerCheck
 .text.ControlDiodeCheck
                0x0000000000042304       0x70 obj/Debug/Executive/additionalMeasurements.o
                0x0000000000042304                ControlDiodeCheck
 .text.ControlVoltagesCheck
                0x0000000000042374       0x18 obj/Debug/Executive/additionalMeasurements.o
                0x0000000000042374                ControlVoltagesCheck
 .text.get_key  0x000000000004238c      0x138 obj/Debug/Keyboard_Indicator/Keypad.o
                0x000000000004238c                get_key
 .text.wait_key
                0x00000000000424c4      0x184 obj/Debug/Keyboard_Indicator/Keypad.o
                0x00000000000424c4                wait_key
 .text.init_keypad
                0x0000000000042648       0xbc obj/Debug/Keyboard_Indicator/Keypad.o
                0x0000000000042648                init_keypad
 .text.KeyboardProcess
                0x0000000000042704       0x8c obj/Debug/Keyboard_Indicator/Keypad.o
                0x0000000000042704                KeyboardProcess
 .text.GetCommand
                0x0000000000042790      0x65c obj/Debug/Keyboard_Indicator/Keypad.o
                0x0000000000042790                GetCommand
 .text.ProcessCommand
                0x0000000000042dec      0x304 obj/Debug/Keyboard_Indicator/Keypad.o
                0x0000000000042dec                ProcessCommand
 .text.PerceiveInputValue
                0x00000000000430f0      0x294 obj/Debug/Keyboard_Indicator/Keypad.o
                0x00000000000430f0                PerceiveInputValue
 .text.PossibleInput
                0x0000000000043384       0x68 obj/Debug/Keyboard_Indicator/Keypad.o
                0x0000000000043384                PossibleInput
 .text.PerceiveInputCommand
                0x00000000000433ec      0x19c obj/Debug/Keyboard_Indicator/Keypad.o
                0x00000000000433ec                PerceiveInputCommand
 .text.LCDI2C_write
                0x0000000000043588       0x30 obj/Debug/i2c_lcd/i2c_lcd.o
                0x0000000000043588                LCDI2C_write
 .text.LCDI2C_init
                0x00000000000435b8       0x9c obj/Debug/i2c_lcd/i2c_lcd.o
                0x00000000000435b8                LCDI2C_init
 .text.LCDI2C_begin
                0x0000000000043654      0x114 obj/Debug/i2c_lcd/i2c_lcd.o
                0x0000000000043654                LCDI2C_begin
 .text.LCDI2C_clear
                0x0000000000043768       0x20 obj/Debug/i2c_lcd/i2c_lcd.o
                0x0000000000043768                LCDI2C_clear
 .text.LCDI2C_home
                0x0000000000043788       0x20 obj/Debug/i2c_lcd/i2c_lcd.o
                0x0000000000043788                LCDI2C_home
 .text.LCDI2C_setCursor
                0x00000000000437a8       0xa8 obj/Debug/i2c_lcd/i2c_lcd.o
                0x00000000000437a8                LCDI2C_setCursor
 .text.LCDI2C_display
                0x0000000000043850       0x44 obj/Debug/i2c_lcd/i2c_lcd.o
                0x0000000000043850                LCDI2C_display
 .text.LCDI2C_noBlink
                0x0000000000043894       0x44 obj/Debug/i2c_lcd/i2c_lcd.o
                0x0000000000043894                LCDI2C_noBlink
 .text.LCDI2C_blink
                0x00000000000438d8       0x44 obj/Debug/i2c_lcd/i2c_lcd.o
                0x00000000000438d8                LCDI2C_blink
 .text.LCDI2C_backlight
                0x000000000004391c       0x28 obj/Debug/i2c_lcd/i2c_lcd.o
                0x000000000004391c                LCDI2C_backlight
 .text.LCDI2C_command
                0x0000000000043944       0x30 obj/Debug/i2c_lcd/i2c_lcd.o
                0x0000000000043944                LCDI2C_command
 .text.LCDI2C_send
                0x0000000000043974       0x74 obj/Debug/i2c_lcd/i2c_lcd.o
                0x0000000000043974                LCDI2C_send
 .text.LCDI2C_write4bits
                0x00000000000439e8       0x38 obj/Debug/i2c_lcd/i2c_lcd.o
                0x00000000000439e8                LCDI2C_write4bits
 .text.LCDI2C_expanderWrite
                0x0000000000043a20       0x60 obj/Debug/i2c_lcd/i2c_lcd.o
                0x0000000000043a20                LCDI2C_expanderWrite
 .text.LCDI2C_pulseEnable
                0x0000000000043a80       0x60 obj/Debug/i2c_lcd/i2c_lcd.o
                0x0000000000043a80                LCDI2C_pulseEnable
 .text.LCDI2C_blink_on
                0x0000000000043ae0       0x14 obj/Debug/i2c_lcd/i2c_lcd.o
                0x0000000000043ae0                LCDI2C_blink_on
 .text.LCDI2C_blink_off
                0x0000000000043af4       0x14 obj/Debug/i2c_lcd/i2c_lcd.o
                0x0000000000043af4                LCDI2C_blink_off
 .text.LCDI2C_write_String
                0x0000000000043b08       0x68 obj/Debug/i2c_lcd/i2c_lcd.o
                0x0000000000043b08                LCDI2C_write_String
 .text.HelloShow
                0x0000000000043b70       0x40 obj/Debug/i2c_lcd/lcd.o
                0x0000000000043b70                HelloShow
 .text.GoodbyeShow
                0x0000000000043bb0       0x28 obj/Debug/i2c_lcd/lcd.o
                0x0000000000043bb0                GoodbyeShow
 .text.lcd_Init
                0x0000000000043bd8       0xfc obj/Debug/i2c_lcd/lcd.o
                0x0000000000043bd8                lcd_Init
 .text.SetCursorInZone
                0x0000000000043cd4       0xd8 obj/Debug/i2c_lcd/lcd.o
 .text.clearZone
                0x0000000000043dac       0xd4 obj/Debug/i2c_lcd/lcd.o
                0x0000000000043dac                clearZone
 .text.lcd_update
                0x0000000000043e80      0x1c4 obj/Debug/i2c_lcd/lcd.o
                0x0000000000043e80                lcd_update
 .text.ShowScanOrSetMode
                0x0000000000044044       0xd8 obj/Debug/i2c_lcd/lcd.o
                0x0000000000044044                ShowScanOrSetMode
 .text.ShowErrorExecutivePlate
                0x000000000004411c      0x284 obj/Debug/i2c_lcd/lcd.o
                0x000000000004411c                ShowErrorExecutivePlate
 .text.ShowVariable
                0x00000000000443a0      0x17c obj/Debug/i2c_lcd/lcd.o
                0x00000000000443a0                ShowVariable
 *fill*         0x000000000004451c        0x4 
 .text.GetStringOfVariable
                0x0000000000044520      0x620 obj/Debug/i2c_lcd/lcd.o
                0x0000000000044520                GetStringOfVariable
 .text.GetStringOfEnterMode
                0x0000000000044b40      0x3e0 obj/Debug/i2c_lcd/lcd.o
                0x0000000000044b40                GetStringOfEnterMode
 .text.ShowSensor
                0x0000000000044f20       0x28 obj/Debug/i2c_lcd/lcd.o
                0x0000000000044f20                ShowSensor
 .text.K45_Exit
                0x0000000000044f48       0xa0 obj/Debug/i2c_lcd/lcd.o
                0x0000000000044f48                K45_Exit
 .text.ADC_Init
                0x0000000000044fe8       0x3c obj/Debug/ADC/ADC_Unit.o
                0x0000000000044fe8                ADC_Init
 .text.GetADCData
                0x0000000000045024       0x38 obj/Debug/ADC/ADC_Unit.o
                0x0000000000045024                GetADCData
 .text.updateCurrentVoltages
                0x000000000004505c      0x154 obj/Debug/ADC/ADC_Unit.o
                0x000000000004505c                updateCurrentVoltages
 .text.getSensorData
                0x00000000000451b0       0x40 obj/Debug/ADC/ADC_Unit.o
                0x00000000000451b0                getSensorData
 .text.convertCodeADC
                0x00000000000451f0       0x98 obj/Debug/ADC/ADC_Unit.o
                0x00000000000451f0                convertCodeADC
 .text.getMicroVoltsADC
                0x0000000000045288       0xa0 obj/Debug/ADC/ADC_Unit.o
                0x0000000000045288                getMicroVoltsADC
 .text.ADC_service
                0x0000000000045328       0x28 obj/Debug/ADC/ADC_Unit.o
                0x0000000000045328                ADC_service
 .text.ADC_Calibration
                0x0000000000045350       0x38 obj/Debug/ADC/ADC_Unit.o
                0x0000000000045350                ADC_Calibration
 .text.ADS1256_reset
                0x0000000000045388       0x44 obj/Debug/ADC/ADS1256.o
 .text.ADS1256_WriteCmd
                0x00000000000453cc       0x44 obj/Debug/ADC/ADS1256.o
 .text.ADS1256_WriteReg
                0x0000000000045410       0x6c obj/Debug/ADC/ADS1256.o
 .text.ADS1256_Read_data
                0x000000000004547c       0x78 obj/Debug/ADC/ADS1256.o
 .text.ADS1256_WaitDRDY
                0x00000000000454f4       0x90 obj/Debug/ADC/ADS1256.o
 .text.ADS1256_ReadChipID
                0x0000000000045584       0x38 obj/Debug/ADC/ADS1256.o
                0x0000000000045584                ADS1256_ReadChipID
 .text.ADS1256_ConfigADC
                0x00000000000455bc       0xc0 obj/Debug/ADC/ADS1256.o
                0x00000000000455bc                ADS1256_ConfigADC
 .text.ADS1256_SetChannal
                0x000000000004567c       0x54 obj/Debug/ADC/ADS1256.o
 .text.ADS1256_SetDiffChannal
                0x00000000000456d0       0x8c obj/Debug/ADC/ADS1256.o
                0x00000000000456d0                ADS1256_SetDiffChannal
 .text.ADS1256_SetMode
                0x000000000004575c       0x50 obj/Debug/ADC/ADS1256.o
                0x000000000004575c                ADS1256_SetMode
 .text.ADS1256_init
                0x00000000000457ac       0x64 obj/Debug/ADC/ADS1256.o
                0x00000000000457ac                ADS1256_init
 .text.ADS1256_Read_ADC_Data
                0x0000000000045810       0xfc obj/Debug/ADC/ADS1256.o
 .text.ADS1256_GetChannalValue
                0x000000000004590c      0x104 obj/Debug/ADC/ADS1256.o
                0x000000000004590c                ADS1256_GetChannalValue
 .text.ADS1256_Cal
                0x0000000000045a10       0x24 obj/Debug/ADC/ADS1256.o
                0x0000000000045a10                ADS1256_Cal
 .text.TableLineInterpolation
                0x0000000000045a34      0x3c4 obj/Debug/ThermoControlLibrary/Interpolations.o
                0x0000000000045a34                TableLineInterpolation
 .text.iniTemperaturController
                0x0000000000045df8       0x30 obj/Debug/ThermoControlLibrary/Interpolations.o
                0x0000000000045df8                iniTemperaturController
 .text.getTemperatureValue
                0x0000000000045e28       0x48 obj/Debug/ThermoControlLibrary/Interpolations.o
                0x0000000000045e28                getTemperatureValue
 .text.GetCryoLevel
                0x0000000000045e70       0xec obj/Debug/ThermoControlLibrary/Interpolations.o
                0x0000000000045e70                GetCryoLevel
 .text.getTemperatures
                0x0000000000045f5c      0x1a0 obj/Debug/ThermoControlLibrary/PIDCalculs.o
                0x0000000000045f5c                getTemperatures
 .text.CalculRegulator
                0x00000000000460fc      0x210 obj/Debug/ThermoControlLibrary/PIDCalculs.o
                0x00000000000460fc                CalculRegulator
 .text.Kprop    0x000000000004630c       0x54 obj/Debug/ThermoControlLibrary/PIDCalculs.o
                0x000000000004630c                Kprop
 .text.Kdif     0x0000000000046360       0x50 obj/Debug/ThermoControlLibrary/PIDCalculs.o
                0x0000000000046360                Kdif
 .text.getRegulatorOuputs
                0x00000000000463b0      0x198 obj/Debug/ThermoControlLibrary/PIDCalculs.o
                0x00000000000463b0                getRegulatorOuputs
 .text.GetHeaterSetpoint
                0x0000000000046548       0x24 obj/Debug/ThermoControlLibrary/PIDCalculs.o
                0x0000000000046548                GetHeaterSetpoint
 .text.GetCoolerSetpoint
                0x000000000004656c       0x24 obj/Debug/ThermoControlLibrary/PIDCalculs.o
                0x000000000004656c                GetCoolerSetpoint
 .text.AutoSettingTemperature
                0x0000000000046590      0x178 obj/Debug/ThermoControlLibrary/PIDCalculs.o
                0x0000000000046590                AutoSettingTemperature
 .text.uart_init
                0x0000000000046708      0x120 obj/Debug/UART/uart.o
                0x0000000000046708                uart_init
 .text.uart_send
                0x0000000000046828      0x4b4 obj/Debug/UART/uart.o
                0x0000000000046828                uart_send
 .text.uart_read
                0x0000000000046cdc      0x128 obj/Debug/UART/uart.o
                0x0000000000046cdc                uart_read
 .text.uart_data_receive
                0x0000000000046e04      0x318 obj/Debug/UART/uart.o
                0x0000000000046e04                uart_data_receive
 .text.GetNextChar
                0x000000000004711c       0x74 obj/Debug/UART/uart.o
                0x000000000004711c                GetNextChar
 .text.DataProcess
                0x0000000000047190      0x3f8 obj/Debug/UART/uart.o
                0x0000000000047190                DataProcess
 .text.getSensCharacteristic
                0x0000000000047588      0x2dc obj/Debug/diskIO.o
                0x0000000000047588                getSensCharacteristic
 .text.getPIDcoefs
                0x0000000000047864      0x3a4 obj/Debug/diskIO.o
                0x0000000000047864                getPIDcoefs
 .text.getDirectory
                0x0000000000047c08       0x60 obj/Debug/diskIO.o
                0x0000000000047c08                getDirectory
 .text.saveSettings
                0x0000000000047c68      0x24c obj/Debug/diskIO.o
                0x0000000000047c68                saveSettings
 .text.RestoreDefault
                0x0000000000047eb4       0x8c obj/Debug/diskIO.o
                0x0000000000047eb4                RestoreDefault
 .text          0x0000000000047f40      0x20c C:/SysGCC/raspberry/arm-linux-gnueabihf/lib\libgcc.a(_udivsi3.o)
                0x0000000000047f40                __udivsi3
                0x0000000000047f40                __aeabi_uidiv
                0x000000000004812c                __aeabi_uidivmod
 .text          0x000000000004814c      0x240 C:/SysGCC/raspberry/arm-linux-gnueabihf/lib\libgcc.a(_divsi3.o)
                0x000000000004814c                __divsi3
                0x000000000004814c                __aeabi_idiv
                0x000000000004836c                __aeabi_idivmod
 .text          0x000000000004838c       0xd4 C:/SysGCC/raspberry/arm-linux-gnueabihf/lib\libgcc.a(_aeabi_ldivmod.o)
                0x000000000004838c                __aeabi_ldivmod
 .text          0x0000000000048460       0x3c C:/SysGCC/raspberry/arm-linux-gnueabihf/lib\libgcc.a(_aeabi_uldivmod.o)
                0x0000000000048460                __aeabi_uldivmod
 .text          0x000000000004849c       0x10 C:/SysGCC/raspberry/arm-linux-gnueabihf/lib\libgcc.a(_dvmd_lnx.o)
                0x000000000004849c                __aeabi_idiv0
                0x000000000004849c                __aeabi_ldiv0
 .text          0x00000000000484ac       0x44 C:/SysGCC/raspberry/arm-linux-gnueabihf/lib\libgcc.a(_popcountsi2.o)
                0x00000000000484ac                __popcountsi2
 .text          0x00000000000484f0      0x120 C:/SysGCC/raspberry/arm-linux-gnueabihf/lib\libgcc.a(_udivmoddi4.o)
                0x00000000000484f0                __udivmoddi4
 .text          0x0000000000048610       0x64 c:\sysgcc\raspberry\bin\../arm-linux-gnueabihf/sysroot/usr/lib/arm-linux-gnueabihf/libc_nonshared.a(elf-init.oS)
                0x0000000000048610                __libc_csu_init
                0x0000000000048670                __libc_csu_fini
 .text          0x0000000000048674       0x18 c:\sysgcc\raspberry\bin\../arm-linux-gnueabihf/sysroot/usr/lib/arm-linux-gnueabihf/libc_nonshared.a(atexit.oS)
                0x0000000000048674                atexit
 .text          0x000000000004868c       0x10 c:\sysgcc\raspberry\bin\../arm-linux-gnueabihf/sysroot/usr/lib/arm-linux-gnueabihf/libc_nonshared.a(stat.oS)
                0x000000000004868c                stat
                0x000000000004868c                __stat
 .text          0x000000000004869c       0x2c c:\sysgcc\raspberry\bin\../arm-linux-gnueabihf/sysroot/usr/lib/arm-linux-gnueabihf/libc_nonshared.a(mknod.oS)
                0x000000000004869c                __mknod
                0x000000000004869c                mknod
 *(.gnu.warning)
 *(.glue_7t)
 .glue_7t       0x00000000000486c8        0x0 linker stubs
 *(.glue_7)
 .glue_7        0x00000000000486c8        0x0 linker stubs
 *(.vfp11_veneer)
 .vfp11_veneer  0x00000000000486c8        0x0 linker stubs
 *(.v4_bx)
 .v4_bx         0x00000000000486c8        0x0 linker stubs

.fini           0x00000000000486c8        0x8
 *(SORT_NONE(.fini))
 .fini          0x00000000000486c8        0x4 c:/sysgcc/raspberry/bin/../arm-linux-gnueabihf/sysroot/lib/arm-linux-gnueabihf/crti.o
                0x00000000000486c8                _fini
 .fini          0x00000000000486cc        0x4 c:/sysgcc/raspberry/bin/../arm-linux-gnueabihf/sysroot/lib/arm-linux-gnueabihf/crtn.o
                [!provide]                        PROVIDE (__etext = .)
                [!provide]                        PROVIDE (_etext = .)
                [!provide]                        PROVIDE (etext = .)

.rodata         0x00000000000486d0     0x72d1
 *(.rodata .rodata.* .gnu.linkonce.r.*)
 .rodata        0x00000000000486d0      0x24c obj/Debug/main.o
 .rodata        0x000000000004891c       0x35 obj/Debug/DEV_Config.o
 *fill*         0x0000000000048951        0x3 
 .rodata        0x0000000000048954      0x18f obj/Debug/bcm2835.o
 *fill*         0x0000000000048ae3        0x1 
 .rodata        0x0000000000048ae4     0x3600 obj/Debug/pigpio.o
 .rodata.clkDef
                0x000000000004c0e4       0x36 obj/Debug/pigpio.o
 *fill*         0x000000000004c11a        0x2 
 .rodata.PWMDef
                0x000000000004c11c       0x36 obj/Debug/pigpio.o
 *fill*         0x000000000004c152        0x2 
 .rodata.clkCfg
                0x000000000004c154       0x2c obj/Debug/pigpio.o
 .rodata.pwmCycles
                0x000000000004c180       0x24 obj/Debug/pigpio.o
 .rodata.pwmRealRange
                0x000000000004c1a4       0x24 obj/Debug/pigpio.o
 .rodata.__FUNCTION__.196
                0x000000000004c1c8       0x10 obj/Debug/pigpio.o
 .rodata.__FUNCTION__.195
                0x000000000004c1d8        0xd obj/Debug/pigpio.o
 *fill*         0x000000000004c1e5        0x3 
 .rodata.__FUNCTION__.194
                0x000000000004c1e8        0xc obj/Debug/pigpio.o
 .rodata.__FUNCTION__.192
                0x000000000004c1f4        0xc obj/Debug/pigpio.o
 .rodata.__FUNCTION__.191
                0x000000000004c200        0xd obj/Debug/pigpio.o
 *fill*         0x000000000004c20d        0x3 
 .rodata.__FUNCTION__.190
                0x000000000004c210        0xf obj/Debug/pigpio.o
 *fill*         0x000000000004c21f        0x1 
 .rodata.__FUNCTION__.189
                0x000000000004c220        0xe obj/Debug/pigpio.o
 *fill*         0x000000000004c22e        0x2 
 .rodata.__FUNCTION__.188
                0x000000000004c230        0xc obj/Debug/pigpio.o
 .rodata.__FUNCTION__.187
                0x000000000004c23c        0xd obj/Debug/pigpio.o
 *fill*         0x000000000004c249        0x3 
 .rodata.__FUNCTION__.186
                0x000000000004c24c       0x10 obj/Debug/pigpio.o
 .rodata.__FUNCTION__.185
                0x000000000004c25c       0x11 obj/Debug/pigpio.o
 *fill*         0x000000000004c26d        0x3 
 .rodata.__FUNCTION__.184
                0x000000000004c270       0x10 obj/Debug/pigpio.o
 .rodata.__FUNCTION__.183
                0x000000000004c280       0x11 obj/Debug/pigpio.o
 *fill*         0x000000000004c291        0x3 
 .rodata.__FUNCTION__.182
                0x000000000004c294        0xf obj/Debug/pigpio.o
 *fill*         0x000000000004c2a3        0x1 
 .rodata.__FUNCTION__.181
                0x000000000004c2a4       0x11 obj/Debug/pigpio.o
 *fill*         0x000000000004c2b5        0x3 
 .rodata.__FUNCTION__.180
                0x000000000004c2b8       0x12 obj/Debug/pigpio.o
 *fill*         0x000000000004c2ca        0x2 
 .rodata.__FUNCTION__.179
                0x000000000004c2cc       0x14 obj/Debug/pigpio.o
 .rodata.__FUNCTION__.178
                0x000000000004c2e0       0x14 obj/Debug/pigpio.o
 .rodata.__FUNCTION__.177
                0x000000000004c2f4       0x15 obj/Debug/pigpio.o
 *fill*         0x000000000004c309        0x3 
 .rodata.__FUNCTION__.176
                0x000000000004c30c        0xf obj/Debug/pigpio.o
 *fill*         0x000000000004c31b        0x1 
 .rodata.__FUNCTION__.175
                0x000000000004c31c        0xe obj/Debug/pigpio.o
 *fill*         0x000000000004c32a        0x2 
 .rodata.__FUNCTION__.174
                0x000000000004c32c        0x8 obj/Debug/pigpio.o
 .rodata.__FUNCTION__.172
                0x000000000004c334        0x9 obj/Debug/pigpio.o
 *fill*         0x000000000004c33d        0x3 
 .rodata.__FUNCTION__.171
                0x000000000004c340       0x12 obj/Debug/pigpio.o
 *fill*         0x000000000004c352        0x2 
 .rodata.__FUNCTION__.170
                0x000000000004c354        0xc obj/Debug/pigpio.o
 .rodata.__FUNCTION__.169
                0x000000000004c360        0x7 obj/Debug/pigpio.o
 *fill*         0x000000000004c367        0x1 
 .rodata.__FUNCTION__.166
                0x000000000004c368        0x8 obj/Debug/pigpio.o
 .rodata.__FUNCTION__.164
                0x000000000004c370        0x9 obj/Debug/pigpio.o
 *fill*         0x000000000004c379        0x3 
 .rodata.__FUNCTION__.163
                0x000000000004c37c        0x8 obj/Debug/pigpio.o
 .rodata.__FUNCTION__.162
                0x000000000004c384        0x9 obj/Debug/pigpio.o
 *fill*         0x000000000004c38d        0x3 
 .rodata.__FUNCTION__.161
                0x000000000004c390        0x8 obj/Debug/pigpio.o
 .rodata.__FUNCTION__.160
                0x000000000004c398        0x8 obj/Debug/pigpio.o
 .rodata.__FUNCTION__.158
                0x000000000004c3a0        0x9 obj/Debug/pigpio.o
 *fill*         0x000000000004c3a9        0x3 
 .rodata.__FUNCTION__.157
                0x000000000004c3ac        0xd obj/Debug/pigpio.o
 *fill*         0x000000000004c3b9        0x3 
 .rodata.__FUNCTION__.156
                0x000000000004c3bc        0xc obj/Debug/pigpio.o
 .rodata.__FUNCTION__.155
                0x000000000004c3c8        0x9 obj/Debug/pigpio.o
 *fill*         0x000000000004c3d1        0x3 
 .rodata.__FUNCTION__.154
                0x000000000004c3d4        0x8 obj/Debug/pigpio.o
 .rodata.__FUNCTION__.153
                0x000000000004c3dc       0x11 obj/Debug/pigpio.o
 *fill*         0x000000000004c3ed        0x3 
 .rodata.__FUNCTION__.150
                0x000000000004c3f0        0xb obj/Debug/pigpio.o
 *fill*         0x000000000004c3fb        0x1 
 .rodata.__FUNCTION__.149
                0x000000000004c3fc        0xb obj/Debug/pigpio.o
 *fill*         0x000000000004c407        0x1 
 .rodata.__FUNCTION__.148
                0x000000000004c408        0xa obj/Debug/pigpio.o
 *fill*         0x000000000004c412        0x2 
 .rodata.__FUNCTION__.147
                0x000000000004c414        0xf obj/Debug/pigpio.o
 *fill*         0x000000000004c423        0x1 
 .rodata.__FUNCTION__.146
                0x000000000004c424        0x7 obj/Debug/pigpio.o
 *fill*         0x000000000004c42b        0x1 
 .rodata.__FUNCTION__.145
                0x000000000004c42c        0x8 obj/Debug/pigpio.o
 .rodata.__FUNCTION__.144
                0x000000000004c434        0x7 obj/Debug/pigpio.o
 *fill*         0x000000000004c43b        0x1 
 .rodata.__FUNCTION__.143
                0x000000000004c43c        0xe obj/Debug/pigpio.o
 *fill*         0x000000000004c44a        0x2 
 .rodata.__FUNCTION__.142
                0x000000000004c44c       0x17 obj/Debug/pigpio.o
 *fill*         0x000000000004c463        0x1 
 .rodata.__FUNCTION__.141
                0x000000000004c464       0x10 obj/Debug/pigpio.o
 .rodata.__FUNCTION__.140
                0x000000000004c474       0x12 obj/Debug/pigpio.o
 *fill*         0x000000000004c486        0x2 
 .rodata.__FUNCTION__.139
                0x000000000004c488       0x13 obj/Debug/pigpio.o
 *fill*         0x000000000004c49b        0x1 
 .rodata.__FUNCTION__.138
                0x000000000004c49c       0x10 obj/Debug/pigpio.o
 .rodata.__FUNCTION__.137
                0x000000000004c4ac        0x9 obj/Debug/pigpio.o
 *fill*         0x000000000004c4b5        0x3 
 .rodata.__FUNCTION__.136
                0x000000000004c4b8       0x11 obj/Debug/pigpio.o
 *fill*         0x000000000004c4c9        0x3 
 .rodata.__FUNCTION__.135
                0x000000000004c4cc        0xe obj/Debug/pigpio.o
 *fill*         0x000000000004c4da        0x2 
 .rodata.__FUNCTION__.134
                0x000000000004c4dc       0x10 obj/Debug/pigpio.o
 .rodata.__FUNCTION__.133
                0x000000000004c4ec        0x8 obj/Debug/pigpio.o
 .rodata.__FUNCTION__.132
                0x000000000004c4f4        0x8 obj/Debug/pigpio.o
 .rodata.__FUNCTION__.131
                0x000000000004c4fc        0xa obj/Debug/pigpio.o
 *fill*         0x000000000004c506        0x2 
 .rodata.__FUNCTION__.130
                0x000000000004c508        0xa obj/Debug/pigpio.o
 *fill*         0x000000000004c512        0x2 
 .rodata.__FUNCTION__.129
                0x000000000004c514        0xa obj/Debug/pigpio.o
 *fill*         0x000000000004c51e        0x2 
 .rodata.__FUNCTION__.128
                0x000000000004c520       0x11 obj/Debug/pigpio.o
 *fill*         0x000000000004c531        0x3 
 .rodata.__FUNCTION__.127
                0x000000000004c534       0x15 obj/Debug/pigpio.o
 *fill*         0x000000000004c549        0x3 
 .rodata.__FUNCTION__.126
                0x000000000004c54c        0xf obj/Debug/pigpio.o
 *fill*         0x000000000004c55b        0x1 
 .rodata.__FUNCTION__.125
                0x000000000004c55c        0xf obj/Debug/pigpio.o
 *fill*         0x000000000004c56b        0x1 
 .rodata.__FUNCTION__.124
                0x000000000004c56c        0xe obj/Debug/pigpio.o
 *fill*         0x000000000004c57a        0x2 
 .rodata.__FUNCTION__.123
                0x000000000004c57c        0xc obj/Debug/pigpio.o
 .rodata.__FUNCTION__.122
                0x000000000004c588        0xc obj/Debug/pigpio.o
 .rodata.__FUNCTION__.121
                0x000000000004c594       0x12 obj/Debug/pigpio.o
 *fill*         0x000000000004c5a6        0x2 
 .rodata.__FUNCTION__.120
                0x000000000004c5a8        0x9 obj/Debug/pigpio.o
 *fill*         0x000000000004c5b1        0x3 
 .rodata.__FUNCTION__.119
                0x000000000004c5b4        0xa obj/Debug/pigpio.o
 *fill*         0x000000000004c5be        0x2 
 .rodata.__FUNCTION__.118
                0x000000000004c5c0        0x8 obj/Debug/pigpio.o
 .rodata.__FUNCTION__.117
                0x000000000004c5c8       0x14 obj/Debug/pigpio.o
 .rodata.__FUNCTION__.116
                0x000000000004c5dc       0x10 obj/Debug/pigpio.o
 .rodata.__FUNCTION__.115
                0x000000000004c5ec       0x10 obj/Debug/pigpio.o
 .rodata.__FUNCTION__.114
                0x000000000004c5fc       0x14 obj/Debug/pigpio.o
 .rodata.__FUNCTION__.113
                0x000000000004c610       0x14 obj/Debug/pigpio.o
 .rodata.__FUNCTION__.112
                0x000000000004c624       0x14 obj/Debug/pigpio.o
 .rodata.__FUNCTION__.111
                0x000000000004c638        0xa obj/Debug/pigpio.o
 *fill*         0x000000000004c642        0x2 
 .rodata.__FUNCTION__.110
                0x000000000004c644       0x17 obj/Debug/pigpio.o
 *fill*         0x000000000004c65b        0x1 
 .rodata.__FUNCTION__.109
                0x000000000004c65c        0xe obj/Debug/pigpio.o
 *fill*         0x000000000004c66a        0x2 
 .rodata.__FUNCTION__.108
                0x000000000004c66c        0xf obj/Debug/pigpio.o
 *fill*         0x000000000004c67b        0x1 
 .rodata.__FUNCTION__.107
                0x000000000004c67c       0x13 obj/Debug/pigpio.o
 *fill*         0x000000000004c68f        0x1 
 .rodata.__FUNCTION__.106
                0x000000000004c690       0x12 obj/Debug/pigpio.o
 *fill*         0x000000000004c6a2        0x2 
 .rodata.__FUNCTION__.104
                0x000000000004c6a4        0xf obj/Debug/pigpio.o
 *fill*         0x000000000004c6b3        0x1 
 .rodata.__FUNCTION__.103
                0x000000000004c6b4       0x12 obj/Debug/pigpio.o
 *fill*         0x000000000004c6c6        0x2 
 .rodata.__FUNCTION__.102
                0x000000000004c6c8        0xf obj/Debug/pigpio.o
 *fill*         0x000000000004c6d7        0x1 
 .rodata.__FUNCTION__.101
                0x000000000004c6d8       0x10 obj/Debug/pigpio.o
 .rodata.__FUNCTION__.100
                0x000000000004c6e8        0xf obj/Debug/pigpio.o
 *fill*         0x000000000004c6f7        0x1 
 .rodata.__FUNCTION__.99
                0x000000000004c6f8        0xe obj/Debug/pigpio.o
 *fill*         0x000000000004c706        0x2 
 .rodata.__FUNCTION__.98
                0x000000000004c708        0xf obj/Debug/pigpio.o
 *fill*         0x000000000004c717        0x1 
 .rodata.__FUNCTION__.97
                0x000000000004c718        0xd obj/Debug/pigpio.o
 *fill*         0x000000000004c725        0x3 
 .rodata.__FUNCTION__.96
                0x000000000004c728        0xf obj/Debug/pigpio.o
 *fill*         0x000000000004c737        0x1 
 .rodata.__FUNCTION__.95
                0x000000000004c738       0x12 obj/Debug/pigpio.o
 *fill*         0x000000000004c74a        0x2 
 .rodata.__FUNCTION__.94
                0x000000000004c74c       0x16 obj/Debug/pigpio.o
 *fill*         0x000000000004c762        0x2 
 .rodata.__FUNCTION__.93
                0x000000000004c764       0x15 obj/Debug/pigpio.o
 *fill*         0x000000000004c779        0x3 
 .rodata.__FUNCTION__.92
                0x000000000004c77c       0x12 obj/Debug/pigpio.o
 *fill*         0x000000000004c78e        0x2 
 .rodata.__FUNCTION__.91
                0x000000000004c790       0x16 obj/Debug/pigpio.o
 *fill*         0x000000000004c7a6        0x2 
 .rodata.__FUNCTION__.90
                0x000000000004c7a8       0x15 obj/Debug/pigpio.o
 *fill*         0x000000000004c7bd        0x3 
 .rodata.__FUNCTION__.89
                0x000000000004c7c0        0xf obj/Debug/pigpio.o
 *fill*         0x000000000004c7cf        0x1 
 .rodata.__FUNCTION__.88
                0x000000000004c7d0       0x13 obj/Debug/pigpio.o
 *fill*         0x000000000004c7e3        0x1 
 .rodata.__FUNCTION__.87
                0x000000000004c7e4       0x12 obj/Debug/pigpio.o
 *fill*         0x000000000004c7f6        0x2 
 .rodata.__FUNCTION__.86
                0x000000000004c7f8        0xa obj/Debug/pigpio.o
 *fill*         0x000000000004c802        0x2 
 .rodata.__FUNCTION__.85
                0x000000000004c804        0xb obj/Debug/pigpio.o
 *fill*         0x000000000004c80f        0x1 
 .rodata.__FUNCTION__.84
                0x000000000004c810        0x9 obj/Debug/pigpio.o
 *fill*         0x000000000004c819        0x3 
 .rodata.__FUNCTION__.83
                0x000000000004c81c        0x8 obj/Debug/pigpio.o
 .rodata.__FUNCTION__.81
                0x000000000004c824        0xa obj/Debug/pigpio.o
 *fill*         0x000000000004c82e        0x2 
 .rodata.__FUNCTION__.80
                0x000000000004c830        0xb obj/Debug/pigpio.o
 *fill*         0x000000000004c83b        0x1 
 .rodata.__FUNCTION__.79
                0x000000000004c83c        0xa obj/Debug/pigpio.o
 *fill*         0x000000000004c846        0x2 
 .rodata.__FUNCTION__.78
                0x000000000004c848       0x13 obj/Debug/pigpio.o
 *fill*         0x000000000004c85b        0x1 
 .rodata.__FUNCTION__.77
                0x000000000004c85c       0x15 obj/Debug/pigpio.o
 *fill*         0x000000000004c871        0x3 
 .rodata.__FUNCTION__.76
                0x000000000004c874        0xf obj/Debug/pigpio.o
 *fill*         0x000000000004c883        0x1 
 .rodata.__FUNCTION__.75
                0x000000000004c884       0x14 obj/Debug/pigpio.o
 .rodata.__FUNCTION__.71
                0x000000000004c898        0xd obj/Debug/pigpio.o
 *fill*         0x000000000004c8a5        0x3 
 .rodata.__FUNCTION__.70
                0x000000000004c8a8        0xd obj/Debug/pigpio.o
 *fill*         0x000000000004c8b5        0x3 
 .rodata.__FUNCTION__.69
                0x000000000004c8b8       0x14 obj/Debug/pigpio.o
 .rodata.__FUNCTION__.68
                0x000000000004c8cc       0x11 obj/Debug/pigpio.o
 *fill*         0x000000000004c8dd        0x3 
 .rodata.__FUNCTION__.66
                0x000000000004c8e0        0xd obj/Debug/pigpio.o
 *fill*         0x000000000004c8ed        0x3 
 .rodata.__FUNCTION__.65
                0x000000000004c8f0       0x12 obj/Debug/pigpio.o
 *fill*         0x000000000004c902        0x2 
 .rodata.__FUNCTION__.64
                0x000000000004c904        0xf obj/Debug/pigpio.o
 *fill*         0x000000000004c913        0x1 
 .rodata.__FUNCTION__.62
                0x000000000004c914       0x1b obj/Debug/pigpio.o
 *fill*         0x000000000004c92f        0x1 
 .rodata.__FUNCTION__.60
                0x000000000004c930       0x17 obj/Debug/pigpio.o
 *fill*         0x000000000004c947        0x1 
 .rodata.__FUNCTION__.59
                0x000000000004c948       0x15 obj/Debug/pigpio.o
 *fill*         0x000000000004c95d        0x3 
 .rodata.__FUNCTION__.58
                0x000000000004c960       0x10 obj/Debug/pigpio.o
 .rodata.__FUNCTION__.57
                0x000000000004c970       0x10 obj/Debug/pigpio.o
 .rodata.__FUNCTION__.56
                0x000000000004c980       0x10 obj/Debug/pigpio.o
 .rodata.__FUNCTION__.55
                0x000000000004c990        0xc obj/Debug/pigpio.o
 .rodata.__FUNCTION__.54
                0x000000000004c99c       0x10 obj/Debug/pigpio.o
 .rodata.__FUNCTION__.53
                0x000000000004c9ac       0x10 obj/Debug/pigpio.o
 .rodata.__FUNCTION__.52
                0x000000000004c9bc       0x11 obj/Debug/pigpio.o
 *fill*         0x000000000004c9cd        0x3 
 .rodata.__FUNCTION__.46
                0x000000000004c9d0       0x10 obj/Debug/pigpio.o
 .rodata.__FUNCTION__.45
                0x000000000004c9e0        0xf obj/Debug/pigpio.o
 *fill*         0x000000000004c9ef        0x1 
 .rodata.__FUNCTION__.44
                0x000000000004c9f0       0x10 obj/Debug/pigpio.o
 .rodata.__FUNCTION__.42
                0x000000000004ca00        0xe obj/Debug/pigpio.o
 *fill*         0x000000000004ca0e        0x2 
 .rodata.__FUNCTION__.41
                0x000000000004ca10       0x11 obj/Debug/pigpio.o
 *fill*         0x000000000004ca21        0x3 
 .rodata.__FUNCTION__.40
                0x000000000004ca24       0x11 obj/Debug/pigpio.o
 *fill*         0x000000000004ca35        0x3 
 .rodata.__FUNCTION__.39
                0x000000000004ca38        0xf obj/Debug/pigpio.o
 *fill*         0x000000000004ca47        0x1 
 .rodata.__FUNCTION__.38
                0x000000000004ca48       0x11 obj/Debug/pigpio.o
 *fill*         0x000000000004ca59        0x3 