Archive member included to satisfy reference by file (symbol)

C:/SysGCC/raspberry/arm-linux-gnueabihf/lib\libgcc.a(_udivsi3.o)
                              obj/Debug/bcm2835.o (__aeabi_uidiv)
C:/SysGCC/raspberry/arm-linux-gnueabihf/lib\libgcc.a(_divsi3.o)
                              obj/Debug/pigpio.o (__aeabi_idiv)
C:/SysGCC/raspberry/arm-linux-gnueabihf/lib\libgcc.a(_aeabi_ldivmod.o)
                              obj/Debug/ThermoControlLibrary/PIDCalculs.o (__aeabi_ldivmod)
C:/SysGCC/raspberry/arm-linux-gnueabihf/lib\libgcc.a(_aeabi_uldivmod.o)
                              obj/Debug/pigpio.o (__aeabi_uldivmod)
C:/SysGCC/raspberry/arm-linux-gnueabihf/lib\libgcc.a(_dvmd_lnx.o)
                              C:/SysGCC/raspberry/arm-linux-gnueabihf/lib\libgcc.a(_aeabi_ldivmod.o) (__aeabi_ldiv0)
C:/SysGCC/raspberry/arm-linux-gnueabihf/lib\libgcc.a(_popcountsi2.o)
                              obj/Debug/pigpio.o (__popcountsi2)
C:/SysGCC/raspberry/arm-linux-gnueabihf/lib\libgcc.a(_udivmoddi4.o)
                              C:/SysGCC/raspberry/arm-linux-gnueabihf/lib\libgcc.a(_aeabi_ldivmod.o) (__udivmoddi4)
c:\sysgcc\raspberry\bin\../arm-linux-gnueabihf/sysroot/usr/lib/arm-linux-gnueabihf/libc_nonshared.a(elf-init.oS)
                              c:/sysgcc/raspberry/bin/../arm-linux-gnueabihf/sysroot/lib/arm-linux-gnueabihf/crt1.o (__libc_csu_init)
c:\sysgcc\raspberry\bin\../arm-linux-gnueabihf/sysroot/usr/lib/arm-linux-gnueabihf/libc_nonshared.a(atexit.oS)
                              obj/Debug/pigpio.o (atexit)
c:\sysgcc\raspberry\bin\../arm-linux-gnueabihf/sysroot/usr/lib/arm-linux-gnueabihf/libc_nonshared.a(stat.oS)
                              obj/Debug/pigpio.o (stat)
c:\sysgcc\raspberry\bin\../arm-linux-gnueabihf/sysroot/usr/lib/arm-linux-gnueabihf/libc_nonshared.a(mknod.oS)
                              obj/Debug/pigpio.o (mknod)

As-needed library included to satisfy reference by file (symbol)

libpthread.so.0               obj/Debug/pigpio.o (write@@GLIBC_2.4)
libc.so.6                     obj/Debug/pigpio.o (socket@@GLIBC_2.4)

Discarded input sections

 .rodata.cst4   0x0000000000000000        0x4 c:/sysgcc/raspberry/bin/../arm-linux-gnueabihf/sysroot/lib/arm-linux-gnueabihf/crt1.o
 .ARM.extab     0x0000000000000000        0x0 c:/sysgcc/raspberry/bin/../arm-linux-gnueabihf/sysroot/lib/arm-linux-gnueabihf/crt1.o
 .data          0x0000000000000000        0x4 c:/sysgcc/raspberry/bin/../arm-linux-gnueabihf/sysroot/lib/arm-linux-gnueabihf/crt1.o
 .bss           0x0000000000000000        0x0 c:/sysgcc/raspberry/bin/../arm-linux-gnueabihf/sysroot/lib/arm-linux-gnueabihf/crt1.o
 .note.GNU-stack
                0x0000000000000000        0x0 c:/sysgcc/raspberry/bin/../arm-linux-gnueabihf/sysroot/lib/arm-linux-gnueabihf/crt1.o
 .data          0x0000000000000000        0x0 c:/sysgcc/raspberry/bin/../arm-linux-gnueabihf/sysroot/lib/arm-linux-gnueabihf/crti.o
 .bss           0x0000000000000000        0x0 c:/sysgcc/raspberry/bin/../arm-linux-gnueabihf/sysroot/lib/arm-linux-gnueabihf/crti.o
 .note.GNU-stack
                0x0000000000000000        0x0 c:/sysgcc/raspberry/bin/../arm-linux-gnueabihf/sysroot/lib/arm-linux-gnueabihf/crti.o
 .rodata        0x0000000000000000       0x90 c:/sysgcc/raspberry/bin/../lib/gcc/arm-linux-gnueabihf/10/../../../../arm-linux-gnueabihf/lib/crtbegin.o
 .note.GNU-stack
                0x0000000000000000        0x0 c:/sysgcc/raspberry/bin/../lib/gcc/arm-linux-gnueabihf/10/../../../../arm-linux-gnueabihf/lib/crtbegin.o
 .text          0x0000000000000000        0x0 obj/Debug/main.o
 .data          0x0000000000000000        0x0 obj/Debug/main.o
 .bss           0x0000000000000000        0x0 obj/Debug/main.o
 .rodata.ADS1256_DRATE_E
                0x0000000000000000       0x10 obj/Debug/main.o
 .bss.ADC_needed_flag
                0x0000000000000000        0x2 obj/Debug/main.o
 .bss.ADC_ready_flag
                0x0000000000000000        0x2 obj/Debug/main.o
 .bss.ADC_start_cv
                0x0000000000000000       0x30 obj/Debug/main.o
 .bss.ADC_stop_cv
                0x0000000000000000       0x30 obj/Debug/main.o
 .bss.ADC_thread_flag_mutex
                0x0000000000000000       0x18 obj/Debug/main.o
 .note.GNU-stack
                0x0000000000000000        0x0 obj/Debug/main.o
 .text          0x0000000000000000        0x0 obj/Debug/DEV_Config.o
 .data          0x0000000000000000        0x0 obj/Debug/DEV_Config.o
 .bss           0x0000000000000000        0x0 obj/Debug/DEV_Config.o
 .note.GNU-stack
                0x0000000000000000        0x0 obj/Debug/DEV_Config.o
 .text          0x0000000000000000        0x0 obj/Debug/bcm2835.o
 .data          0x0000000000000000        0x0 obj/Debug/bcm2835.o
 .bss           0x0000000000000000        0x0 obj/Debug/bcm2835.o
 .text.bcm2835_regbase
                0x0000000000000000      0x100 obj/Debug/bcm2835.o
 .text.bcm2835_set_debug
                0x0000000000000000       0x34 obj/Debug/bcm2835.o
 .text.bcm2835_version
[...]
Memory Configuration

Name             Origin             Length             Attributes
*default*        0x0000000000000000 0xffffffffffffffff

Linker script and memory map

LOAD c:/sysgcc/raspberry/bin/../arm-linux-gnueabihf/sysroot/lib/arm-linux-gnueabihf/crt1.o
LOAD c:/sysgcc/raspberry/bin/../arm-linux-gnueabihf/sysroot/lib/arm-linux-gnueabihf/crti.o
LOAD c:/sysgcc/raspberry/bin/../lib/gcc/arm-linux-gnueabihf/10/../../../../arm-linux-gnueabihf/lib/crtbegin.o
LOAD obj/Debug/main.o
LOAD obj/Debug/DEV_Config.o
LOAD obj/Debug/bcm2835.o
LOAD obj/Debug/pigpio.o
LOAD obj/Debug/command.o
LOAD obj/Debug/commonUnit.o
LOAD obj/Debug/Executive/SPI1.o
LOAD obj/Debug/Executive/modulSPI.o
LOAD obj/Debug/Executive/nativePWM.o
LOAD obj/Debug/Executive/additionalMeasurements.o
LOAD obj/Debug/Keyboard_Indicator/lcd_variables.o
LOAD obj/Debug/Keyboard_Indicator/Keypad.o
LOAD obj/Debug/Keyboard_Indicator/Indicator_Variables.o
LOAD obj/Debug/i2c_lcd/i2c_lcd.o
LOAD obj/Debug/i2c_lcd/lcd.o
LOAD obj/Debug/ADC/ADC_Unit.o
LOAD obj/Debug/ADC/ADS1256.o
LOAD obj/Debug/ThermoControlLibrary/Interpolations.o
LOAD obj/Debug/ThermoControlLibrary/PIDCalculs.o
LOAD obj/Debug/ThermoControlLibrary/Interface.o
LOAD obj/Debug/ThermoControlLibrary/ThermoControlVariables.o
LOAD obj/Debug/UART/uart.o
LOAD obj/Debug/diskIO.o
LOAD obj/Debug/globalvardefs.o
LOAD C:/SysGCC/raspberry/arm-linux-gnueabihf/lib/libstdc++.so
LOAD C:/SysGCC/raspberry/arm-linux-gnueabihf/lib\libgcc.a
LOAD C:/SysGCC/raspberry/arm-linux-gnueabihf/lib/libgcc_s.so
START GROUP
LOAD c:/sysgcc/raspberry/bin/../arm-linux-gnueabihf/sysroot/lib/arm-linux-gnueabihf\libgcc_s.so.1
LOAD C:/SysGCC/raspberry/arm-linux-gnueabihf/lib\libgcc.a
END GROUP
LOAD c:/sysgcc/raspberry/bin/../arm-linux-gnueabihf/sysroot/lib/arm-linux-gnueabihf/libpthread.so
LOAD c:/sysgcc/raspberry/bin/../arm-linux-gnueabihf/sysroot/lib/arm-linux-gnueabihf/libc.so
START GROUP
LOAD c:\sysgcc\raspberry\bin\../arm-linux-gnueabihf/sysroot/lib/arm-linux-gnueabihf/libc.so.6
LOAD c:\sysgcc\raspberry\bin\../arm-linux-gnueabihf/sysroot/usr/lib/arm-linux-gnueabihf/libc_nonshared.a
LOAD c:\sysgcc\raspberry\bin\../arm-linux-gnueabihf/sysroot/lib/ld-linux-armhf.so.3
END GROUP
LOAD C:/SysGCC/raspberry/arm-linux-gnueabihf/lib\libgcc.a
LOAD C:/SysGCC/raspberry/arm-linux-gnueabihf/lib/libgcc_s.so
START GROUP
LOAD c:/sysgcc/raspberry/bin/../arm-linux-gnueabihf/sysroot/lib/arm-linux-gnueabihf\libgcc_s.so.1
LOAD C:/SysGCC/raspberry/arm-linux-gnueabihf/lib\libgcc.a
END GROUP
LOAD c:/sysgcc/raspberry/bin/../lib/gcc/arm-linux-gnueabihf/10/../../../../arm-linux-gnueabihf/lib/crtend.o
LOAD c:/sysgcc/raspberry/bin/../arm-linux-gnueabihf/sysroot/lib/arm-linux-gnueabihf/crtn.o
                [!provide]                        PROVIDE (__executable_start = SEGMENT_START ("text-segment", 0x10000))
                0x0000000000010154                . = (SEGMENT_START ("text-segment", 0x10000) + SIZEOF_HEADERS)

.interp         0x0000000000010154       0x19
 *(.interp)
 .interp        0x0000000000010154       0x19 c:/sysgcc/raspberry/bin/../arm-linux-gnueabihf/sysroot/lib/arm-linux-gnueabihf/crt1.o

.note.gnu.build-id
                0x0000000000010170       0x24
 *(.note.gnu.build-id)
 .note.gnu.build-id
                0x0000000000010170       0x24 linker stubs

.note.ABI-tag   0x0000000000010194       0x20
 .note.ABI-tag  0x0000000000010194       0x20 c:/sysgcc/raspberry/bin/../arm-linux-gnueabihf/sysroot/lib/arm-linux-gnueabihf/crt1.o

.hash
 *(.hash)

.gnu.hash       0x00000000000101b4      0x3f8
 *(.gnu.hash)
 .gnu.hash      0x00000000000101b4      0x3f8 c:/sysgcc/raspberry/bin/../arm-linux-gnueabihf/sysroot/lib/arm-linux-gnueabihf/crt1.o

.dynsym         0x00000000000105ac      0x7d0
 *(.dynsym)
 .dynsym        0x00000000000105ac      0x7d0 c:/sysgcc/raspberry/bin/../arm-linux-gnueabihf/sysroot/lib/arm-linux-gnueabihf/crt1.o

.dynstr         0x0000000000010d7c      0x530
 *(.dynstr)
 .dynstr        0x0000000000010d7c      0x530 c:/sysgcc/raspberry/bin/../arm-linux-gnueabihf/sysroot/lib/arm-linux-gnueabihf/crt1.o

.gnu.version    0x00000000000112ac       0xfa
 *(.gnu.version)
 .gnu.version   0x00000000000112ac       0xfa c:/sysgcc/raspberry/bin/../arm-linux-gnueabihf/sysroot/lib/arm-linux-gnueabihf/crt1.o

.gnu.version_d  0x00000000000113a8        0x0
 *(.gnu.version_d)
 .gnu.version_d
                0x00000000000113a8        0x0 c:/sysgcc/raspberry/bin/../arm-linux-gnueabihf/sysroot/lib/arm-linux-gnueabihf/crt1.o

.gnu.version_r  0x00000000000113a8       0x80
 *(.gnu.version_r)
 .gnu.version_r
                0x00000000000113a8       0x80 c:/sysgcc/raspberry/bin/../arm-linux-gnueabihf/sysroot/lib/arm-linux-gnueabihf/crt1.o

.rel.dyn        0x0000000000011428       0x20
 *(.rel.init)
 *(.rel.text .rel.text.* .rel.gnu.linkonce.t.*)
 *(.rel.fini)
 *(.rel.rodata .rel.rodata.* .rel.gnu.linkonce.r.*)
 *(.rel.data.rel.ro .rel.data.rel.ro.* .rel.gnu.linkonce.d.rel.ro.*)
 .rel.data.rel.ro
                0x0000000000011428       0x10 c:/sysgcc/raspberry/bin/../arm-linux-gnueabihf/sysroot/lib/arm-linux-gnueabihf/crt1.o
 *(.rel.data .rel.data.* .rel.gnu.linkonce.d.*)
 *(.rel.tdata .rel.tdata.* .rel.gnu.linkonce.td.*)
 *(.rel.tbss .rel.tbss.* .rel.gnu.linkonce.tb.*)
 *(.rel.ctors)
 *(.rel.dtors)
 *(.rel.got)
 .rel.got       0x0000000000011438        0x8 c:/sysgcc/raspberry/bin/../arm-linux-gnueabihf/sysroot/lib/arm-linux-gnueabihf/crt1.o
 *(.rel.bss .rel.bss.* .rel.gnu.linkonce.b.*)
 .rel.bss       0x0000000000011440        0x8 c:/sysgcc/raspberry/bin/../arm-linux-gnueabihf/sysroot/lib/arm-linux-gnueabihf/crt1.o
                [!provide]                        PROVIDE (__rel_iplt_start = .)
 *(.rel.iplt)
 .rel.iplt      0x0000000000011448        0x0 c:/sysgcc/raspberry/bin/../arm-linux-gnueabihf/sysroot/lib/arm-linux-gnueabihf/crt1.o
                [!provide]                        PROVIDE (__rel_iplt_end = .)

.rela.dyn       0x0000000000011448        0x0
 *(.rela.init)
 *(.rela.text .rela.text.* .rela.gnu.linkonce.t.*)
 *(.rela.fini)
 *(.rela.rodata .rela.rodata.* .rela.gnu.linkonce.r.*)
 *(.rela.data .rela.data.* .rela.gnu.linkonce.d.*)
 *(.rela.tdata .rela.tdata.* .rela.gnu.linkonce.td.*)
 *(.rela.tbss .rela.tbss.* .rela.gnu.linkonce.tb.*)
 *(.rela.ctors)
 *(.rela.dtors)
 *(.rela.got)
 *(.rela.bss .rela.bss.* .rela.gnu.linkonce.b.*)
                [!provide]                        PROVIDE (__rela_iplt_start = .)
 *(.rela.iplt)
                [!provide]                        PROVIDE (__rela_iplt_end = .)

.rel.plt        0x0000000000011448      0x3b8
 *(.rel.plt)
 .rel.plt       0x0000000000011448      0x3b8 c:/sysgcc/raspberry/bin/../arm-linux-gnueabihf/sysroot/lib/arm-linux-gnueabihf/crt1.o

.rela.plt
 *(.rela.plt)

.init           0x0000000000011800        0xc
 *(SORT_NONE(.init))
 .init          0x0000000000011800        0x8 c:/sysgcc/raspberry/bin/../arm-linux-gnueabihf/sysroot/lib/arm-linux-gnueabihf/crti.o
                0x0000000000011800                _init
 .init          0x0000000000011808        0x4 c:/sysgcc/raspberry/bin/../arm-linux-gnueabihf/sysroot/lib/arm-linux-gnueabihf/crtn.o

.plt            0x000000000001180c      0x5a8
 *(.plt)
 .plt           0x000000000001180c      0x5a8 c:/sysgcc/raspberry/bin/../arm-linux-gnueabihf/sysroot/lib/arm-linux-gnueabihf/crt1.o
                0x0000000000011820                pthread_mutex_unlock@@GLIBC_2.4
                0x000000000001182c                calloc@@GLIBC_2.4
                0x0000000000011838                strstr@@GLIBC_2.4
                0x0000000000011844                raise@@GLIBC_2.4
                0x0000000000011850                cfmakeraw@@GLIBC_2.4
                0x000000000001185c                strcmp@@GLIBC_2.4
                0x0000000000011868                setsockopt@@GLIBC_2.4
                0x0000000000011874                gnu_dev_makedev@@GLIBC_2.4
                0x0000000000011880                printf@@GLIBC_2.4
                0x000000000001188c                __isoc99_fscanf@@GLIBC_2.7
                0x0000000000011898                fopen@@GLIBC_2.4
                0x00000000000118a4                read@@GLIBC_2.4
                0x00000000000118b0                tcflush@@GLIBC_2.4
                0x00000000000118bc                fflush@@GLIBC_2.4
                0x00000000000118c8                free@@GLIBC_2.4
                0x00000000000118d4                fgets@@GLIBC_2.4
                0x00000000000118e0                pthread_mutex_lock@@GLIBC_2.4
                0x00000000000118ec                nanosleep@@GLIBC_2.4
                0x00000000000118f8                clock_gettime@@GLIBC_2.17
                0x0000000000011904                pthread_self@@GLIBC_2.4
                0x0000000000011910                memcpy@@GLIBC_2.4
                0x000000000001191c                pthread_mutex_init@@GLIBC_2.4
                0x0000000000011928                signal@@GLIBC_2.4
                0x0000000000011934                lseek@@GLIBC_2.4
                0x0000000000011940                pthread_attr_setstacksize@@GLIBC_2.4
                0x000000000001194c                htons@@GLIBC_2.4
                0x0000000000011958                pthread_cond_init@@GLIBC_2.4
                0x0000000000011964                unlink@@GLIBC_2.4
                0x0000000000011970                localtime_r@@GLIBC_2.4
                0x000000000001197c                strcasecmp@@GLIBC_2.4
                0x0000000000011988                geteuid@@GLIBC_2.4
                0x0000000000011994                perror@@GLIBC_2.4
                0x00000000000119a0                __xstat@@GLIBC_2.4
                0x00000000000119ac                poll@@GLIBC_2.4
                0x00000000000119b8                accept@@GLIBC_2.4
                0x00000000000119c4                cfsetospeed@@GLIBC_2.4
                0x00000000000119d0                sigaction@@GLIBC_2.4
                0x00000000000119dc                fwrite@@GLIBC_2.4
                0x00000000000119e8                strcat@@GLIBC_2.4
                0x00000000000119f4                ioctl@@GLIBC_2.4
                0x0000000000011a00                pthread_getschedparam@@GLIBC_2.4
                0x0000000000011a0c                usleep@@GLIBC_2.4
                0x0000000000011a18                pthread_attr_setschedparam@@GLIBC_2.4
                0x0000000000011a24                tcsetattr@@GLIBC_2.4
                0x0000000000011a30                strcpy@@GLIBC_2.4
                0x0000000000011a3c                gettimeofday@@GLIBC_2.4
                0x0000000000011a48                fread@@GLIBC_2.4
                0x0000000000011a54                pthread_create@@GLIBC_2.4
                0x0000000000011a60                fnmatch@@GLIBC_2.4
                0x0000000000011a6c                sched_get_priority_max@@GLIBC_2.4
                0x0000000000011a78                getenv@@GLIBC_2.4
                0x0000000000011a84                puts@@GLIBC_2.4
                0x0000000000011a90                malloc@@GLIBC_2.4
                0x0000000000011a9c                __libc_start_main@@GLIBC_2.4
                0x0000000000011aa8                strerror@@GLIBC_2.4
                0x0000000000011ab4                system@@GLIBC_2.4
                0x0000000000011ac0                strftime@@GLIBC_2.4
                0x0000000000011acc                pthread_attr_setschedpolicy@@GLIBC_2.4
                0x0000000000011ae4                open@@GLIBC_2.4
                0x0000000000011af0                kill@@GLIBC_2.4
                0x0000000000011afc                ntohl@@GLIBC_2.4
                0x0000000000011b08                __ctype_b_loc@@GLIBC_2.4
                0x0000000000011b14                getcwd@@GLIBC_2.4
                0x0000000000011b20                getpid@@GLIBC_2.4
                0x0000000000011b2c                exit@@GLIBC_2.4
                0x0000000000011b38                feof@@GLIBC_2.4
                0x0000000000011b44                flock@@GLIBC_2.4
                0x0000000000011b50                pthread_attr_setinheritsched@@GLIBC_2.4
                0x0000000000011b5c                strlen@@GLIBC_2.4
                0x0000000000011b68                mmap@@GLIBC_2.4
                0x0000000000011b74                strchr@@GLIBC_2.4
                0x0000000000011b80                atol@@GLIBC_2.4
                0x0000000000011b8c                fprintf@@GLIBC_2.4
                0x0000000000011b98                cfsetispeed@@GLIBC_2.4
                0x0000000000011ba4                pthread_attr_init@@GLIBC_2.4
                0x0000000000011bb0                __errno_location@@GLIBC_2.4
                0x0000000000011bbc                strncasecmp@@GLIBC_2.4
                0x0000000000011bc8                snprintf@@GLIBC_2.4
                0x0000000000011bd4                __cxa_atexit@@GLIBC_2.4
                0x0000000000011be0                __isoc99_sscanf@@GLIBC_2.7
                0x0000000000011bec                bind@@GLIBC_2.4
                0x0000000000011bf8                fcntl@@GLIBC_2.28
                0x0000000000011c04                memset@@GLIBC_2.4
                0x0000000000011c10                pthread_cancel@@GLIBC_2.4
                0x0000000000011c1c                write@@GLIBC_2.4
                0x0000000000011c28                fileno@@GLIBC_2.4
                0x0000000000011c34                memchr@@GLIBC_2.4
                0x0000000000011c40                pthread_kill@@GLIBC_2.4
                0x0000000000011c4c                fclose@@GLIBC_2.4
                0x0000000000011c58                pthread_exit@@GLIBC_2.4
                0x0000000000011c64                munmap@@GLIBC_2.4
                0x0000000000011c70                htonl@@GLIBC_2.4
                0x0000000000011c7c                toupper@@GLIBC_2.4
                0x0000000000011c88                strrchr@@GLIBC_2.4
                0x0000000000011c94                listen@@GLIBC_2.4
                0x0000000000011ca0                pthread_join@@GLIBC_2.4
                0x0000000000011cac                fputc@@GLIBC_2.4
                0x0000000000011cb8                sprintf@@GLIBC_2.4
                0x0000000000011cc4                atoi@@GLIBC_2.4
                0x0000000000011cd0                pthread_cond_wait@@GLIBC_2.4
                0x0000000000011cdc                glob@@GLIBC_2.27
                0x0000000000011ce8                pthread_setschedparam@@GLIBC_2.4
                0x0000000000011cf4                socket@@GLIBC_2.4
                0x0000000000011d00                atof@@GLIBC_2.4
                0x0000000000011d0c                clock_nanosleep@@GLIBC_2.17
                0x0000000000011d18                chmod@@GLIBC_2.4
                0x0000000000011d24                __xmknod@@GLIBC_2.4
                0x0000000000011d30                pthread_attr_setdetachstate@@GLIBC_2.4
                0x0000000000011d3c                fputs@@GLIBC_2.4
                0x0000000000011d48                strncmp@@GLIBC_2.4
                0x0000000000011d54                pthread_cond_signal@@GLIBC_2.4
                0x0000000000011d60                abort@@GLIBC_2.4
                0x0000000000011d6c                recv@@GLIBC_2.4
                0x0000000000011d78                close@@GLIBC_2.4
                0x0000000000011d84                mkfifo@@GLIBC_2.4
                0x0000000000011d90                globfree@@GLIBC_2.4
                0x0000000000011d9c                sched_setscheduler@@GLIBC_2.4
                0x0000000000011da8                tcgetattr@@GLIBC_2.4

.iplt           0x0000000000011db4        0x0
 *(.iplt)
 .iplt          0x0000000000011db4        0x0 c:/sysgcc/raspberry/bin/../arm-linux-gnueabihf/sysroot/lib/arm-linux-gnueabihf/crt1.o

.text           0x0000000000011db8    0x36288
 *(.text.unlikely .text.*_unlikely .text.unlikely.*)
 *(.text.exit .text.exit.*)
 *(.text.startup .text.startup.*)
 *(.text.hot .text.hot.*)
 *(SORT_BY_NAME(.text.sorted.*))
 *(.text .stub .text.* .gnu.linkonce.t.*)
 .text          0x0000000000011db8       0x3c c:/sysgcc/raspberry/bin/../arm-linux-gnueabihf/sysroot/lib/arm-linux-gnueabihf/crt1.o
                0x0000000000011db8                _start
 .text          0x0000000000011df4       0x24 c:/sysgcc/raspberry/bin/../arm-linux-gnueabihf/sysroot/lib/arm-linux-gnueabihf/crti.o
 .text          0x0000000000011e18       0x90 c:/sysgcc/raspberry/bin/../lib/gcc/arm-linux-gnueabihf/10/../../../../arm-linux-gnueabihf/lib/crtbegin.o
 .text.Interface_Process
                0x0000000000011ea8       0xb8 obj/Debug/main.o
                0x0000000000011ea8                Interface_Process
 .text.ServiceMeasurements_Process
                0x0000000000011f60       0x44 obj/Debug/main.o
                0x0000000000011f60                ServiceMeasurements_Process
 .text.Keypad_service
                0x0000000000011fa4       0x40 obj/Debug/main.o
                0x0000000000011fa4                Keypad_service
 .text.TemperatureRegulator_service
                0x0000000000011fe4      0x1f0 obj/Debug/main.o
                0x0000000000011fe4                TemperatureRegulator_service
 .text.Measurements
                0x00000000000121d4       0x44 obj/Debug/main.o
                0x00000000000121d4                Measurements
 .text.PowerEquipment_service
                0x0000000000012218       0x24 obj/Debug/main.o
                0x0000000000012218                PowerEquipment_service
 .text.UARTCommThread_service
                0x000000000001223c       0x58 obj/Debug/main.o
                0x000000000001223c                UARTCommThread_service
 .text.Inits    0x0000000000012294      0x2a4 obj/Debug/main.o
                0x0000000000012294                Inits
 .text.SetThreadPriority
                0x0000000000012538       0x98 obj/Debug/main.o
                0x0000000000012538                SetThreadPriority
 .text.K45GlobalInit
                0x00000000000125d0       0xf4 obj/Debug/main.o
                0x00000000000125d0                K45GlobalInit
 .text.main     0x00000000000126c4       0x94 obj/Debug/main.o
                0x00000000000126c4                main
 .text.DEV_GPIOConfig
                0x0000000000012758       0x34 obj/Debug/DEV_Config.o
 .text.DEV_ModuleInit
                0x000000000001278c       0x68 obj/Debug/DEV_Config.o
                0x000000000001278c                DEV_ModuleInit
 .text.DEV_ModuleExit
                0x00000000000127f4       0x18 obj/Debug/DEV_Config.o
                0x00000000000127f4                DEV_ModuleExit
 .text.Handler  0x000000000001280c       0x34 obj/Debug/DEV_Config.o
                0x000000000001280c                Handler
 .text.bcm2835_correct_order
                0x0000000000012840       0x50 obj/Debug/bcm2835.o
 .text.bcm2835_peri_read
                0x0000000000012890       0x60 obj/Debug/bcm2835.o
                0x0000000000012890                bcm2835_peri_read
 .text.bcm2835_peri_read_nb
                0x00000000000128f0       0x50 obj/Debug/bcm2835.o
                0x00000000000128f0                bcm2835_peri_read_nb
 .text.bcm2835_peri_write
                0x0000000000012940       0x60 obj/Debug/bcm2835.o
                0x0000000000012940                bcm2835_peri_write
 .text.bcm2835_peri_write_nb
                0x00000000000129a0       0x58 obj/Debug/bcm2835.o
                0x00000000000129a0                bcm2835_peri_write_nb
 .text.bcm2835_peri_set_bits
                0x00000000000129f8       0x60 obj/Debug/bcm2835.o
                0x00000000000129f8                bcm2835_peri_set_bits
 .text.bcm2835_gpio_fsel
                0x0000000000012a58       0xc4 obj/Debug/bcm2835.o
                0x0000000000012a58                bcm2835_gpio_fsel
 .text.bcm2835_gpio_set
                0x0000000000012b1c       0x6c obj/Debug/bcm2835.o
                0x0000000000012b1c                bcm2835_gpio_set
 .text.bcm2835_gpio_clr
                0x0000000000012b88       0x6c obj/Debug/bcm2835.o
                0x0000000000012b88                bcm2835_gpio_clr
 .text.bcm2835_gpio_lev
                0x0000000000012bf4       0x88 obj/Debug/bcm2835.o
                0x0000000000012bf4                bcm2835_gpio_lev
 .text.bcm2835_gpio_pud
                0x0000000000012c7c       0x6c obj/Debug/bcm2835.o
                0x0000000000012c7c                bcm2835_gpio_pud
 .text.bcm2835_gpio_pudclk
                0x0000000000012ce8       0xcc obj/Debug/bcm2835.o
                0x0000000000012ce8                bcm2835_gpio_pudclk
 .text.bcm2835_delay
                0x0000000000012db4       0x98 obj/Debug/bcm2835.o
                0x0000000000012db4                bcm2835_delay
 .text.bcm2835_delayMicroseconds
                0x0000000000012e4c       0xf4 obj/Debug/bcm2835.o
                0x0000000000012e4c                bcm2835_delayMicroseconds
 .text.bcm2835_gpio_write
                0x0000000000012f40       0x54 obj/Debug/bcm2835.o
                0x0000000000012f40                bcm2835_gpio_write
 .text.bcm2835_gpio_set_pud
                0x0000000000012f94      0x168 obj/Debug/bcm2835.o
                0x0000000000012f94                bcm2835_gpio_set_pud
 .text.bcm2835_spi_begin
                0x00000000000130fc       0x98 obj/Debug/bcm2835.o
                0x00000000000130fc                bcm2835_spi_begin
 .text.bcm2835_spi_end
                0x0000000000013194       0x4c obj/Debug/bcm2835.o
                0x0000000000013194                bcm2835_spi_end
 .text.bcm2835_spi_setBitOrder
                0x00000000000131e0       0x34 obj/Debug/bcm2835.o
                0x00000000000131e0                bcm2835_spi_setBitOrder
 .text.bcm2835_spi_setClockDivider
                0x0000000000013214       0x44 obj/Debug/bcm2835.o
                0x0000000000013214                bcm2835_spi_setClockDivider
 .text.bcm2835_spi_setDataMode
                0x0000000000013258       0x48 obj/Debug/bcm2835.o
                0x0000000000013258                bcm2835_spi_setDataMode
 .text.bcm2835_spi_transfer
                0x00000000000132a0       0xec obj/Debug/bcm2835.o
                0x00000000000132a0                bcm2835_spi_transfer
 .text.bcm2835_i2c_begin
                0x000000000001338c       0xc8 obj/Debug/bcm2835.o
                0x000000000001338c                bcm2835_i2c_begin
 .text.bcm2835_i2c_end
                0x0000000000013454       0x28 obj/Debug/bcm2835.o
                0x0000000000013454                bcm2835_i2c_end
 .text.bcm2835_i2c_setSlaveAddress
                0x000000000001347c       0x44 obj/Debug/bcm2835.o
                0x000000000001347c                bcm2835_i2c_setSlaveAddress
 .text.bcm2835_i2c_setClockDivider
                0x00000000000134c0       0x88 obj/Debug/bcm2835.o
                0x00000000000134c0                bcm2835_i2c_setClockDivider
 .text.bcm2835_i2c_set_baudrate
                0x0000000000013548       0x48 obj/Debug/bcm2835.o
                0x0000000000013548                bcm2835_i2c_set_baudrate
 .text.bcm2835_i2c_write
                0x0000000000013590      0x1e8 obj/Debug/bcm2835.o
                0x0000000000013590                bcm2835_i2c_write
 .text.bcm2835_st_read
                0x0000000000013778      0x16c obj/Debug/bcm2835.o
                0x0000000000013778                bcm2835_st_read
 .text.bcm2835_st_delay
                0x00000000000138e4       0x50 obj/Debug/bcm2835.o
                0x00000000000138e4                bcm2835_st_delay
 .text.bcm2835_pwm_set_clock
                0x0000000000013934       0xec obj/Debug/bcm2835.o
                0x0000000000013934                bcm2835_pwm_set_clock
 .text.bcm2835_pwm_set_mode
                0x0000000000013a20      0x140 obj/Debug/bcm2835.o
                0x0000000000013a20                bcm2835_pwm_set_mode
 .text.bcm2835_pwm_set_range
                0x0000000000013b60       0x9c obj/Debug/bcm2835.o
                0x0000000000013b60                bcm2835_pwm_set_range
 .text.bcm2835_pwm_set_data
                0x0000000000013bfc       0x9c obj/Debug/bcm2835.o
                0x0000000000013bfc                bcm2835_pwm_set_data
 .text.mapmem   0x0000000000013c98       0x98 obj/Debug/bcm2835.o
 .text.unmapmem
                0x0000000000013d30       0x54 obj/Debug/bcm2835.o
 .text.bcm2835_init
                0x0000000000013d84      0x570 obj/Debug/bcm2835.o
                0x0000000000013d84                bcm2835_init
 .text.bcm2835_close
                0x00000000000142f4       0xf8 obj/Debug/bcm2835.o
                0x00000000000142f4                bcm2835_close
 .text.myScriptNameValid
                0x00000000000143ec       0xc0 obj/Debug/pigpio.o
                0x00000000000143ec                myScriptNameValid
 .text.myTimeStamp
                0x00000000000144ac       0x80 obj/Debug/pigpio.o
 .text.myPathBad
                0x000000000001452c      0x170 obj/Debug/pigpio.o
                0x000000000001452c                myPathBad
 .text.myBuf2Str
                0x000000000001469c       0xf4 obj/Debug/pigpio.o
 .text.my_smbus_access
                0x0000000000014790       0xf8 obj/Debug/pigpio.o
 .text.myGpioSetMode
                0x0000000000014888       0xc8 obj/Debug/pigpio.o
 .text.myGpioRead
                0x0000000000014950       0x6c obj/Debug/pigpio.o
 .text.myGpioWrite
                0x00000000000149bc       0xa0 obj/Debug/pigpio.o
 .text.myGpioSleep
                0x0000000000014a5c       0x80 obj/Debug/pigpio.o
 .text.myGpioDelay
                0x0000000000014adc       0xdc obj/Debug/pigpio.o
 .text.myCreatePipe
                0x0000000000014bb8       0xb0 obj/Debug/pigpio.o
 .text.myOffPageSlot
                0x0000000000014c68       0x88 obj/Debug/pigpio.o
 .text.myLvsPageSlot
                0x0000000000014cf0       0x88 obj/Debug/pigpio.o
 .text.myTckPageSlot
                0x0000000000014d78       0x60 obj/Debug/pigpio.o
 .text.myGetLevel
                0x0000000000014dd8       0x60 obj/Debug/pigpio.o
 .text.myI2CGetPar
                0x0000000000014e38      0x104 obj/Debug/pigpio.o
 .text.myGetTick
                0x0000000000014f3c       0x60 obj/Debug/pigpio.o
 .text.myPermit
                0x0000000000014f9c       0x74 obj/Debug/pigpio.o
 .text.flushMemory
                0x0000000000015010      0x100 obj/Debug/pigpio.o
 .text.wfRx_lock
                0x0000000000015110       0x4c obj/Debug/pigpio.o
 .text.wfRx_unlock
                0x000000000001515c       0x4c obj/Debug/pigpio.o
 .text.spinWhileStarting
                0x00000000000151a8       0x50 obj/Debug/pigpio.o
 .text.myDoCommand
                0x00000000000151f8     0x28c0 obj/Debug/pigpio.o
 .text.mySetGpioOff
                0x0000000000017ab8       0x9c obj/Debug/pigpio.o
 .text.myClearGpioOff
                0x0000000000017b54       0xa0 obj/Debug/pigpio.o
 .text.mySetGpioOn
                0x0000000000017bf4       0xb4 obj/Debug/pigpio.o
 .text.myClearGpioOn
                0x0000000000017ca8       0xb8 obj/Debug/pigpio.o
 .text.myGpioSetPwm
                0x0000000000017d60      0x510 obj/Debug/pigpio.o
 .text.myGpioSetServo
                0x0000000000018270      0x47c obj/Debug/pigpio.o
 .text.mbCreate
                0x00000000000186ec       0x48 obj/Debug/pigpio.o
 .text.mbOpen   0x0000000000018734       0x58 obj/Debug/pigpio.o
 .text.mbClose  0x000000000001878c       0x24 obj/Debug/pigpio.o
 .text.mbProperty
                0x00000000000187b0       0x38 obj/Debug/pigpio.o
 .text.mbAllocateMemory
                0x00000000000187e8      0x154 obj/Debug/pigpio.o
 .text.mbLockMemory
                0x000000000001893c      0x10c obj/Debug/pigpio.o
 .text.mbUnlockMemory
                0x0000000000018a48      0x10c obj/Debug/pigpio.o
 .text.mbReleaseMemory
                0x0000000000018b54      0x10c obj/Debug/pigpio.o
 .text.mbMapMem
                0x0000000000018c60       0x5c obj/Debug/pigpio.o
 .text.mbUnmapMem
                0x0000000000018cbc       0x30 obj/Debug/pigpio.o
 .text.mbDMAFree
                0x0000000000018cec       0x90 obj/Debug/pigpio.o
 .text.mbDMAAlloc
                0x0000000000018d7c       0xc0 obj/Debug/pigpio.o
 .text.rawWaveCBAdr
                0x0000000000018e3c       0xa0 obj/Debug/pigpio.o
                0x0000000000018e3c                rawWaveCBAdr
 .text.waveCbPOadr
                0x0000000000018edc       0xa0 obj/Debug/pigpio.o
 .text.waveOOLPageSlot
                0x0000000000018f7c       0x84 obj/Debug/pigpio.o
 .text.waveSetOOL
                0x0000000000019000       0x60 obj/Debug/pigpio.o
 .text.waveOOLPOadr
                0x0000000000019060       0x5c obj/Debug/pigpio.o
 .text.waveBitDelay
                0x00000000000190bc      0x128 obj/Debug/pigpio.o
 .text.waveDelayCBs
                0x00000000000191e4       0xb4 obj/Debug/pigpio.o
 .text.waveCBsOOLs
                0x0000000000019298      0x21c obj/Debug/pigpio.o
 .text.wave2Cbs
                0x00000000000194b4      0x8dc obj/Debug/pigpio.o
 .text.waveRxSerial
                0x0000000000019d90      0x2d4 obj/Debug/pigpio.o
 .text.waveRxBit
                0x000000000001a064       0x7c obj/Debug/pigpio.o
 .text.rawWaveAddGeneric
                0x000000000001a0e0      0x800 obj/Debug/pigpio.o
                0x000000000001a0e0                rawWaveAddGeneric
 .text.i2cWriteQuick
                0x000000000001a8e0      0x310 obj/Debug/pigpio.o
                0x000000000001a8e0                i2cWriteQuick
 .text.i2cReadByte
                0x000000000001abf0      0x2a4 obj/Debug/pigpio.o
                0x000000000001abf0                i2cReadByte
 .text.i2cWriteByte
                0x000000000001ae94      0x310 obj/Debug/pigpio.o
                0x000000000001ae94                i2cWriteByte
 .text.i2cReadByteData
                0x000000000001b1a4      0x310 obj/Debug/pigpio.o
                0x000000000001b1a4                i2cReadByteData
 .text.i2cWriteByteData
                0x000000000001b4b4      0x384 obj/Debug/pigpio.o
                0x000000000001b4b4                i2cWriteByteData
 .text.i2cReadWordData
                0x000000000001b838      0x310 obj/Debug/pigpio.o
                0x000000000001b838                i2cReadWordData
 .text.i2cWriteWordData
                0x000000000001bb48      0x384 obj/Debug/pigpio.o
                0x000000000001bb48                i2cWriteWordData
 .text.i2cProcessCall
                0x000000000001becc      0x384 obj/Debug/pigpio.o
                0x000000000001becc                i2cProcessCall
 .text.i2cReadBlockData
                0x000000000001c250      0x380 obj/Debug/pigpio.o
                0x000000000001c250                i2cReadBlockData
 .text.i2cWriteBlockData
                0x000000000001c5d0      0x3fc obj/Debug/pigpio.o
                0x000000000001c5d0                i2cWriteBlockData
 .text.i2cBlockProcessCall
                0x000000000001c9cc      0x460 obj/Debug/pigpio.o
                0x000000000001c9cc                i2cBlockProcessCall
 .text.i2cReadI2CBlockData
                0x000000000001ce2c      0x424 obj/Debug/pigpio.o
                0x000000000001ce2c                i2cReadI2CBlockData
 .text.i2cWriteI2CBlockData
                0x000000000001d250      0x3fc obj/Debug/pigpio.o
                0x000000000001d250                i2cWriteI2CBlockData
 .text.i2cWriteDevice
                0x000000000001d64c      0x2c4 obj/Debug/pigpio.o
                0x000000000001d64c                i2cWriteDevice
 .text.i2cReadDevice
                0x000000000001d910      0x2b4 obj/Debug/pigpio.o
                0x000000000001d910                i2cReadDevice
 .text.i2cOpen  0x000000000001dbc4      0x410 obj/Debug/pigpio.o
                0x000000000001dbc4                i2cOpen
 .text.i2cClose
                0x000000000001dfd4      0x214 obj/Debug/pigpio.o
                0x000000000001dfd4                i2cClose
 .text.i2cSwitchCombined
                0x000000000001e1e8       0xd8 obj/Debug/pigpio.o
                0x000000000001e1e8                i2cSwitchCombined
 .text.i2cSegments
                0x000000000001e2c0      0x2b0 obj/Debug/pigpio.o
                0x000000000001e2c0                i2cSegments
 .text.i2cZip   0x000000000001e570      0x88c obj/Debug/pigpio.o
                0x000000000001e570                i2cZip
 .text._spiTXBits
                0x000000000001edfc       0xc8 obj/Debug/pigpio.o
 .text._spiRXBits
                0x000000000001eec4       0xc4 obj/Debug/pigpio.o
 .text.spiACS   0x000000000001ef88       0x74 obj/Debug/pigpio.o
 .text.spiGoA   0x000000000001effc      0x3bc obj/Debug/pigpio.o
 .text.spiGoS   0x000000000001f3b8      0x448 obj/Debug/pigpio.o
 .text.spiGo    0x000000000001f800       0x9c obj/Debug/pigpio.o
 .text.spiAnyOpen
                0x000000000001f89c       0xc4 obj/Debug/pigpio.o
 .text.spiInit  0x000000000001f960      0x350 obj/Debug/pigpio.o
 .text.spiTerm  0x000000000001fcb0      0x230 obj/Debug/pigpio.o
 .text.spiOpen  0x000000000001fee0      0x440 obj/Debug/pigpio.o
                0x000000000001fee0                spiOpen
 .text.spiClose
                0x0000000000020320      0x234 obj/Debug/pigpio.o
                0x0000000000020320                spiClose
 .text.spiRead  0x0000000000020554      0x28c obj/Debug/pigpio.o
                0x0000000000020554                spiRead
 .text.spiWrite
                0x00000000000207e0      0x28c obj/Debug/pigpio.o
                0x00000000000207e0                spiWrite
 .text.spiXfer  0x0000000000020a6c      0x290 obj/Debug/pigpio.o
                0x0000000000020a6c                spiXfer
 .text.serOpen  0x0000000000020cfc      0x6a0 obj/Debug/pigpio.o
                0x0000000000020cfc                serOpen
 .text.serClose
                0x000000000002139c      0x214 obj/Debug/pigpio.o
                0x000000000002139c                serClose
 .text.serWriteByte
                0x00000000000215b0      0x254 obj/Debug/pigpio.o
                0x00000000000215b0                serWriteByte
 .text.serReadByte
                0x0000000000021804      0x220 obj/Debug/pigpio.o
                0x0000000000021804                serReadByte
 *fill*         0x0000000000021a24        0x4 
 .text.serWrite
                0x0000000000021a28      0x2e4 obj/Debug/pigpio.o
                0x0000000000021a28                serWrite
 .text.serRead  0x0000000000021d0c      0x294 obj/Debug/pigpio.o
                0x0000000000021d0c                serRead
 .text.serDataAvailable
                0x0000000000021fa0      0x1e4 obj/Debug/pigpio.o
                0x0000000000021fa0                serDataAvailable
 *fill*         0x0000000000022184        0x4 
 .text.chooseBestClock
                0x0000000000022188      0x21c obj/Debug/pigpio.o
 .text.dmaCB2adr
                0x00000000000223a4       0xac obj/Debug/pigpio.o
 .text.dmaCbPrint
                0x0000000000022450       0x8c obj/Debug/pigpio.o
 .text.dmaNowAtICB
                0x00000000000224dc      0x184 obj/Debug/pigpio.o
 .text.dmaNowAtOCB
                0x0000000000022660      0x188 obj/Debug/pigpio.o
 .text.dmaCurrentSlot
                0x00000000000227e8       0xc4 obj/Debug/pigpio.o
 .text.dmaPwmDataAdr
                0x00000000000228ac       0x40 obj/Debug/pigpio.o
 .text.dmaGpioOnAdr
                0x00000000000228ec       0x78 obj/Debug/pigpio.o
 .text.dmaGpioOffAdr
                0x0000000000022964       0x60 obj/Debug/pigpio.o
 .text.dmaTickAdr
                0x00000000000229c4       0x5c obj/Debug/pigpio.o
 .text.dmaReadLevelsAdr
                0x0000000000022a20       0x5c obj/Debug/pigpio.o
 .text.dmaCbAdr
                0x0000000000022a7c       0xac obj/Debug/pigpio.o
 .text.dmaGpioOnCb
                0x0000000000022b28       0x9c obj/Debug/pigpio.o
 .text.dmaTickCb
                0x0000000000022bc4       0x9c obj/Debug/pigpio.o
 .text.dmaGpioOffCb
                0x0000000000022c60       0x9c obj/Debug/pigpio.o
 .text.dmaReadLevelsCb
                0x0000000000022cfc       0x9c obj/Debug/pigpio.o
 .text.dmaDelayCb
                0x0000000000022d98      0x11c obj/Debug/pigpio.o
 .text.dmaInitCbs
                0x0000000000022eb4      0x2cc obj/Debug/pigpio.o
 .text.sigHandler
                0x0000000000023180      0x3a4 obj/Debug/pigpio.o
 .text.sigSetHandler
                0x0000000000023524       0x74 obj/Debug/pigpio.o
 .text.alertGlitchFilter
                0x0000000000023598      0x390 obj/Debug/pigpio.o
 .text.alertNoiseFilter
                0x0000000000023928      0x3c8 obj/Debug/pigpio.o
 .text.alertEmit
                0x0000000000023cf0     0x1990 obj/Debug/pigpio.o
 .text.alertWdogCheck
                0x0000000000025680      0x184 obj/Debug/pigpio.o
 .text.pthAlertThread
                0x0000000000025804      0x898 obj/Debug/pigpio.o
 .text.scrPop   0x000000000002609c       0xcc obj/Debug/pigpio.o
 .text.scrPush  0x0000000000026168       0xc8 obj/Debug/pigpio.o
 .text.scrSwap  0x0000000000026230       0x4c obj/Debug/pigpio.o
 .text.scrEvtWait
                0x000000000002627c       0xac obj/Debug/pigpio.o
 .text.scrWait  0x0000000000026328       0xac obj/Debug/pigpio.o
 .text.scrSys   0x00000000000263d4      0x150 obj/Debug/pigpio.o
 .text.pthScript
                0x0000000000026524      0xe50 obj/Debug/pigpio.o
 .text.pthFifoThread
                0x0000000000027374      0x5e0 obj/Debug/pigpio.o
 .text.pthSocketThreadHandler
                0x0000000000027954      0x4a0 obj/Debug/pigpio.o
 .text.addrAllowed
                0x0000000000027df4       0xb4 obj/Debug/pigpio.o
 .text.pthSocketThread
                0x0000000000027ea8      0x424 obj/Debug/pigpio.o
 .text.initCheckLockFile
                0x00000000000282cc      0x1b0 obj/Debug/pigpio.o
 .text.initGrabLockFile
                0x000000000002847c       0xb4 obj/Debug/pigpio.o
 .text.initMapMem
                0x0000000000028530       0x50 obj/Debug/pigpio.o
 .text.initCheckPermitted
                0x0000000000028580      0x140 obj/Debug/pigpio.o
 .text.initPeripherals
                0x00000000000286c0      0x754 obj/Debug/pigpio.o
 .text.initZaps
                0x0000000000028e14      0x2e8 obj/Debug/pigpio.o
 .text.initPagemapBlock
                0x00000000000290fc      0x384 obj/Debug/pigpio.o
 .text.initMboxBlock
                0x0000000000029480      0x1ec obj/Debug/pigpio.o
 .text.initAllocDMAMem
                0x000000000002966c      0x9c0 obj/Debug/pigpio.o
 .text.initPWM  0x000000000002a02c      0x12c obj/Debug/pigpio.o
 .text.initPCM  0x000000000002a158      0x250 obj/Debug/pigpio.o
 .text.initHWClk
                0x000000000002a3a8      0x1c0 obj/Debug/pigpio.o
 .text.initClock
                0x000000000002a568      0x22c obj/Debug/pigpio.o
 .text.initKillDMA
                0x000000000002a794       0x54 obj/Debug/pigpio.o
 .text.initDMAgo
                0x000000000002a7e8       0xb8 obj/Debug/pigpio.o
 .text.initClearGlobals
                0x000000000002a8a0      0x78c obj/Debug/pigpio.o
 .text.initReleaseResources
                0x000000000002b02c      0x854 obj/Debug/pigpio.o
 .text.initInitialise
                0x000000000002b880      0xa48 obj/Debug/pigpio.o
                0x000000000002b880                initInitialise
 .text.time_sleep
                0x000000000002c2c8       0xa8 obj/Debug/pigpio.o
                0x000000000002c2c8                time_sleep
 .text.gpioInitialise
                0x000000000002c370      0x110 obj/Debug/pigpio.o
                0x000000000002c370                gpioInitialise
 .text.gpioTerminate
                0x000000000002c480      0x32c obj/Debug/pigpio.o
                0x000000000002c480                gpioTerminate
 .text.switchFunctionOff
                0x000000000002c7ac      0x178 obj/Debug/pigpio.o
 .text.stopHardwarePWM
                0x000000000002c924      0x12c obj/Debug/pigpio.o
 .text.gpioSetMode
                0x000000000002ca50      0x2b0 obj/Debug/pigpio.o
                0x000000000002ca50                gpioSetMode
 .text.gpioGetMode
                0x000000000002cd00      0x1a4 obj/Debug/pigpio.o
                0x000000000002cd00                gpioGetMode
 .text.gpioSetPullUpDown
                0x000000000002cea4      0x338 obj/Debug/pigpio.o
                0x000000000002cea4                gpioSetPullUpDown
 .text.gpioRead
                0x000000000002d1dc      0x17c obj/Debug/pigpio.o
                0x000000000002d1dc                gpioRead
 .text.gpioWrite
                0x000000000002d358      0x308 obj/Debug/pigpio.o
                0x000000000002d358                gpioWrite
 .text.gpioPWM  0x000000000002d660      0x2ac obj/Debug/pigpio.o
                0x000000000002d660                gpioPWM
 .text.gpioGetPWMdutycycle
                0x000000000002d90c      0x230 obj/Debug/pigpio.o
                0x000000000002d90c                gpioGetPWMdutycycle
 .text.gpioSetPWMrange
                0x000000000002db3c      0x330 obj/Debug/pigpio.o
                0x000000000002db3c                gpioSetPWMrange
 .text.gpioGetPWMrange
                0x000000000002de6c      0x190 obj/Debug/pigpio.o
                0x000000000002de6c                gpioGetPWMrange
 .text.gpioGetPWMrealRange
                0x000000000002dffc      0x1e0 obj/Debug/pigpio.o
                0x000000000002dffc                gpioGetPWMrealRange
 .text.gpioSetPWMfrequency
                0x000000000002e1dc      0x31c obj/Debug/pigpio.o
                0x000000000002e1dc                gpioSetPWMfrequency
 .text.gpioGetPWMfrequency
                0x000000000002e4f8      0x208 obj/Debug/pigpio.o
                0x000000000002e4f8                gpioGetPWMfrequency
 .text.gpioServo
                0x000000000002e700      0x2f8 obj/Debug/pigpio.o
                0x000000000002e700                gpioServo
 .text.gpioGetServoPulsewidth
                0x000000000002e9f8      0x1d0 obj/Debug/pigpio.o
                0x000000000002e9f8                gpioGetServoPulsewidth
 .text.gpioWaveClear
                0x000000000002ebc8      0x180 obj/Debug/pigpio.o
                0x000000000002ebc8                gpioWaveClear
 .text.gpioWaveAddNew
                0x000000000002ed48      0x124 obj/Debug/pigpio.o
                0x000000000002ed48                gpioWaveAddNew
 .text.gpioWaveAddGeneric
                0x000000000002ee6c      0x2b8 obj/Debug/pigpio.o
                0x000000000002ee6c                gpioWaveAddGeneric
 .text.gpioWaveAddSerial
                0x000000000002f124      0x9b8 obj/Debug/pigpio.o
                0x000000000002f124                gpioWaveAddSerial
 .text.gpioWaveCreate
                0x000000000002fadc      0x654 obj/Debug/pigpio.o
                0x000000000002fadc                gpioWaveCreate
 .text.gpioWaveCreatePad
                0x0000000000030130      0x894 obj/Debug/pigpio.o
                0x0000000000030130                gpioWaveCreatePad
 .text.gpioWaveDelete
                0x00000000000309c4      0x260 obj/Debug/pigpio.o
                0x00000000000309c4                gpioWaveDelete
 .text.gpioWaveTxStart
                0x0000000000030c24       0xc8 obj/Debug/pigpio.o
                0x0000000000030c24                gpioWaveTxStart
 .text.gpioWaveTxSend
                0x0000000000030cec      0x3bc obj/Debug/pigpio.o
                0x0000000000030cec                gpioWaveTxSend
 .text.chainGetCB
                0x00000000000310a8       0xb4 obj/Debug/pigpio.o
 .text.chainSetVal
                0x000000000003115c       0xc4 obj/Debug/pigpio.o
 .text.chainGetValPadr
                0x0000000000031220       0xc0 obj/Debug/pigpio.o
 .text.chainGetCntVal
                0x00000000000312e0       0x9c obj/Debug/pigpio.o
 .text.chainSetCntVal
                0x000000000003137c       0xa4 obj/Debug/pigpio.o
 .text.chainGetCntValPadr
                0x0000000000031420       0x98 obj/Debug/pigpio.o
 .text.chainGetCntCB
                0x00000000000314b8       0x7c obj/Debug/pigpio.o
 .text.chainMakeCounter
                0x0000000000031534      0x4c8 obj/Debug/pigpio.o
 .text.gpioWaveChain
                0x00000000000319fc     0x10a0 obj/Debug/pigpio.o
                0x00000000000319fc                gpioWaveChain
 .text.gpioWaveTxBusy
                0x0000000000032a9c       0xe8 obj/Debug/pigpio.o
                0x0000000000032a9c                gpioWaveTxBusy
 .text.gpioWaveTxAt
                0x0000000000032b84      0x18c obj/Debug/pigpio.o
                0x0000000000032b84                gpioWaveTxAt
 .text.gpioWaveTxStop
                0x0000000000032d10       0xe8 obj/Debug/pigpio.o
                0x0000000000032d10                gpioWaveTxStop
 .text.gpioWaveGetMicros
                0x0000000000032df8       0xcc obj/Debug/pigpio.o
                0x0000000000032df8                gpioWaveGetMicros
 .text.gpioWaveGetHighMicros
                0x0000000000032ec4       0xcc obj/Debug/pigpio.o
                0x0000000000032ec4                gpioWaveGetHighMicros
 .text.gpioWaveGetMaxMicros
                0x0000000000032f90       0xcc obj/Debug/pigpio.o
                0x0000000000032f90                gpioWaveGetMaxMicros
 .text.gpioWaveGetPulses
                0x000000000003305c       0xcc obj/Debug/pigpio.o
                0x000000000003305c                gpioWaveGetPulses
 .text.gpioWaveGetHighPulses
                0x0000000000033128       0xcc obj/Debug/pigpio.o
                0x0000000000033128                gpioWaveGetHighPulses
 .text.gpioWaveGetMaxPulses
                0x00000000000331f4       0xcc obj/Debug/pigpio.o
                0x00000000000331f4                gpioWaveGetMaxPulses
 .text.gpioWaveGetCbs
                0x00000000000332c0       0xcc obj/Debug/pigpio.o
                0x00000000000332c0                gpioWaveGetCbs
 .text.gpioWaveGetHighCbs
                0x000000000003338c       0xcc obj/Debug/pigpio.o
                0x000000000003338c                gpioWaveGetHighCbs
 .text.gpioWaveGetMaxCbs
                0x0000000000033458       0xcc obj/Debug/pigpio.o
                0x0000000000033458                gpioWaveGetMaxCbs
 .text.read_SDA
                0x0000000000033524       0x44 obj/Debug/pigpio.o
 .text.set_SDA  0x0000000000033568       0x30 obj/Debug/pigpio.o
 .text.clear_SDA
                0x0000000000033598       0x44 obj/Debug/pigpio.o
 .text.clear_SCL
                0x00000000000335dc       0x44 obj/Debug/pigpio.o
 .text.I2C_delay
                0x0000000000033620       0x2c obj/Debug/pigpio.o
 .text.I2C_clock_stretch
                0x000000000003364c       0x80 obj/Debug/pigpio.o
 .text.I2CStart
                0x00000000000336cc       0x78 obj/Debug/pigpio.o
 .text.I2CStop  0x0000000000033744       0x58 obj/Debug/pigpio.o
 .text.I2CPutBit
                0x000000000003379c       0x60 obj/Debug/pigpio.o
 .text.I2CGetBit
                0x00000000000337fc       0x54 obj/Debug/pigpio.o
 .text.I2CPutByte
                0x0000000000033850       0x74 obj/Debug/pigpio.o
 .text.I2CGetByte
                0x00000000000338c4       0x7c obj/Debug/pigpio.o
 .text.bbI2COpen
                0x0000000000033940      0x508 obj/Debug/pigpio.o
                0x0000000000033940                bbI2COpen
 .text.bbI2CClose
                0x0000000000033e48      0x2e4 obj/Debug/pigpio.o
                0x0000000000033e48                bbI2CClose
 .text.bbI2CZip
                0x000000000003412c      0x74c obj/Debug/pigpio.o
                0x000000000003412c                bbI2CZip
 .text.bscInit  0x0000000000034878      0x15c obj/Debug/pigpio.o
                0x0000000000034878                bscInit
 .text.bscTerm  0x00000000000349d4      0x134 obj/Debug/pigpio.o
                0x00000000000349d4                bscTerm
 .text.bscXfer  0x0000000000034b08      0x3bc obj/Debug/pigpio.o
                0x0000000000034b08                bscXfer
 .text.set_CS   0x0000000000034ec4       0x40 obj/Debug/pigpio.o
 .text.clear_CS
                0x0000000000034f04       0x50 obj/Debug/pigpio.o
 .text.set_SCLK
                0x0000000000034f54       0x50 obj/Debug/pigpio.o
 .text.clear_SCLK
                0x0000000000034fa4       0x40 obj/Debug/pigpio.o
 .text.SPI_delay
                0x0000000000034fe4       0x2c obj/Debug/pigpio.o
 .text.bbSPIStart
                0x0000000000035010       0x3c obj/Debug/pigpio.o
 .text.bbSPIStop
                0x000000000003504c       0x3c obj/Debug/pigpio.o
 .text.bbSPIXferByte
                0x0000000000035088      0x2b0 obj/Debug/pigpio.o
 .text.bbSPIOpen
                0x0000000000035338      0x97c obj/Debug/pigpio.o
                0x0000000000035338                bbSPIOpen
 .text.bbSPIClose
                0x0000000000035cb4      0x498 obj/Debug/pigpio.o
                0x0000000000035cb4                bbSPIClose
 .text.bbSPIXfer
                0x000000000003614c      0x460 obj/Debug/pigpio.o
                0x000000000003614c                bbSPIXfer
 .text.gpioSerialReadOpen
                0x00000000000365ac      0x5cc obj/Debug/pigpio.o
                0x00000000000365ac                gpioSerialReadOpen
 .text.gpioSerialReadInvert
                0x0000000000036b78      0x248 obj/Debug/pigpio.o
                0x0000000000036b78                gpioSerialReadInvert
 .text.gpioSerialRead
                0x0000000000036dc0      0x374 obj/Debug/pigpio.o
                0x0000000000036dc0                gpioSerialRead
 .text.gpioSerialReadClose
                0x0000000000037134      0x228 obj/Debug/pigpio.o
                0x0000000000037134                gpioSerialReadClose
 .text.eventMonitor
                0x000000000003735c      0x1e4 obj/Debug/pigpio.o
                0x000000000003735c                eventMonitor
 .text.eventTrigger
                0x0000000000037540      0x160 obj/Debug/pigpio.o
                0x0000000000037540                eventTrigger
 .text.intGpioSetAlertFunc
                0x00000000000376a0      0x1c8 obj/Debug/pigpio.o
 .text.gpioSetAlertFunc
                0x0000000000037868      0x154 obj/Debug/pigpio.o
                0x0000000000037868                gpioSetAlertFunc
 .text.pthISRThread
                0x00000000000379bc      0x2c0 obj/Debug/pigpio.o
 .text.intGpioSetISRFunc
                0x0000000000037c7c      0x7cc obj/Debug/pigpio.o
 .text.gpioSetISRFunc
                0x0000000000038448      0x1d8 obj/Debug/pigpio.o
                0x0000000000038448                gpioSetISRFunc
 .text.closeOrphanedNotifications
                0x0000000000038620      0x148 obj/Debug/pigpio.o
 .text.notifyMutex
                0x0000000000038768       0x40 obj/Debug/pigpio.o
 .text.gpioNotifyOpenWithSize
                0x00000000000387a8      0x46c obj/Debug/pigpio.o
                0x00000000000387a8                gpioNotifyOpenWithSize
 .text.gpioNotifyOpen
                0x0000000000038c14       0x1c obj/Debug/pigpio.o
                0x0000000000038c14                gpioNotifyOpen
 .text.gpioNotifyOpenInBand
                0x0000000000038c30      0x2f4 obj/Debug/pigpio.o
 .text.intScriptBits
                0x0000000000038f24       0xfc obj/Debug/pigpio.o
 .text.intScriptEventBits
                0x0000000000039020       0xb8 obj/Debug/pigpio.o
 .text.intNotifyBits
                0x00000000000390d8       0xfc obj/Debug/pigpio.o
 .text.gpioNotifyBegin
                0x00000000000391d4      0x210 obj/Debug/pigpio.o
                0x00000000000391d4                gpioNotifyBegin
 .text.gpioNotifyPause
                0x00000000000393e4      0x204 obj/Debug/pigpio.o
                0x00000000000393e4                gpioNotifyPause
 .text.gpioNotifyClose
                0x00000000000395e8      0x330 obj/Debug/pigpio.o
                0x00000000000395e8                gpioNotifyClose
 .text.gpioTrigger
                0x0000000000039918      0x31c obj/Debug/pigpio.o
                0x0000000000039918                gpioTrigger
 .text.gpioSetWatchdog
                0x0000000000039c34      0x288 obj/Debug/pigpio.o
                0x0000000000039c34                gpioSetWatchdog
 .text.gpioNoiseFilter
                0x0000000000039ebc      0x36c obj/Debug/pigpio.o
                0x0000000000039ebc                gpioNoiseFilter
 .text.gpioGlitchFilter
                0x000000000003a228      0x264 obj/Debug/pigpio.o
                0x000000000003a228                gpioGlitchFilter
 .text.gpioStartThread
                0x000000000003a48c      0x248 obj/Debug/pigpio.o
                0x000000000003a48c                gpioStartThread
 .text.gpioStopThread
                0x000000000003a6d4      0x12c obj/Debug/pigpio.o
                0x000000000003a6d4                gpioStopThread
 .text.gpioStoreScript
                0x000000000003a800      0x308 obj/Debug/pigpio.o
                0x000000000003a800                gpioStoreScript
 .text.gpioRunScript
                0x000000000003ab08      0x310 obj/Debug/pigpio.o
                0x000000000003ab08                gpioRunScript
 .text.gpioUpdateScript
                0x000000000003ae18      0x234 obj/Debug/pigpio.o
                0x000000000003ae18                gpioUpdateScript
 .text.gpioScriptStatus
                0x000000000003b04c      0x1d8 obj/Debug/pigpio.o
                0x000000000003b04c                gpioScriptStatus
 .text.gpioStopScript
                0x000000000003b224      0x238 obj/Debug/pigpio.o
                0x000000000003b224                gpioStopScript
 .text.gpioDeleteScript
                0x000000000003b45c      0x374 obj/Debug/pigpio.o
                0x000000000003b45c                gpioDeleteScript
 .text.gpioRead_Bits_0_31
                0x000000000003b7d0       0xd4 obj/Debug/pigpio.o
                0x000000000003b7d0                gpioRead_Bits_0_31
 .text.gpioRead_Bits_32_53
                0x000000000003b8a4       0xd4 obj/Debug/pigpio.o
                0x000000000003b8a4                gpioRead_Bits_32_53
 .text.gpioWrite_Bits_0_31_Clear
                0x000000000003b978       0xf0 obj/Debug/pigpio.o
                0x000000000003b978                gpioWrite_Bits_0_31_Clear
 .text.gpioWrite_Bits_32_53_Clear
                0x000000000003ba68       0xf0 obj/Debug/pigpio.o
                0x000000000003ba68                gpioWrite_Bits_32_53_Clear
 .text.gpioWrite_Bits_0_31_Set
                0x000000000003bb58       0xf0 obj/Debug/pigpio.o
                0x000000000003bb58                gpioWrite_Bits_0_31_Set
 .text.gpioWrite_Bits_32_53_Set
                0x000000000003bc48       0xf0 obj/Debug/pigpio.o
                0x000000000003bc48                gpioWrite_Bits_32_53_Set
 .text.gpioHardwareClock
                0x000000000003bd38      0x668 obj/Debug/pigpio.o
                0x000000000003bd38                gpioHardwareClock
 .text.gpioHardwarePWM
                0x000000000003c3a0      0x6a4 obj/Debug/pigpio.o
                0x000000000003c3a0                gpioHardwarePWM
 .text.gpioSetPad
                0x000000000003ca44      0x1fc obj/Debug/pigpio.o
                0x000000000003ca44                gpioSetPad
 .text.gpioGetPad
                0x000000000003cc40      0x174 obj/Debug/pigpio.o
                0x000000000003cc40                gpioGetPad
 .text.shell    0x000000000003cdb4      0x23c obj/Debug/pigpio.o
                0x000000000003cdb4                shell
 .text.fileApprove
                0x000000000003cff0      0x258 obj/Debug/pigpio.o
                0x000000000003cff0                fileApprove
 .text.fileOpen
                0x000000000003d248      0x540 obj/Debug/pigpio.o
                0x000000000003d248                fileOpen
 .text.fileClose
                0x000000000003d788      0x214 obj/Debug/pigpio.o
                0x000000000003d788                fileClose
 .text.fileWrite
                0x000000000003d99c      0x338 obj/Debug/pigpio.o
                0x000000000003d99c                fileWrite
 .text.fileRead
                0x000000000003dcd4      0x32c obj/Debug/pigpio.o
                0x000000000003dcd4                fileRead
 .text.fileSeek
                0x000000000003e000      0x2fc obj/Debug/pigpio.o
                0x000000000003e000                fileSeek
 .text.fileList
                0x000000000003e2fc      0x25c obj/Debug/pigpio.o
                0x000000000003e2fc                fileList
 .text.gpioTick
                0x000000000003e558       0x8c obj/Debug/pigpio.o
                0x000000000003e558                gpioTick
 .text.gpioVersion
                0x000000000003e5e4       0x68 obj/Debug/pigpio.o
                0x000000000003e5e4                gpioVersion
 .text.gpioHardwareRevision
                0x000000000003e64c      0x648 obj/Debug/pigpio.o
                0x000000000003e64c                gpioHardwareRevision
 .text.gpioCfgClock
                0x000000000003ec94      0x230 obj/Debug/pigpio.o
                0x000000000003ec94                gpioCfgClock
 .text.gpioCfgGetInternals
                0x000000000003eec4       0x24 obj/Debug/pigpio.o
                0x000000000003eec4                gpioCfgGetInternals
 .text.gpioCfgSetInternals
                0x000000000003eee8       0x58 obj/Debug/pigpio.o
                0x000000000003eee8                gpioCfgSetInternals
 .text.gpioCustom1
                0x000000000003ef40      0x18c obj/Debug/pigpio.o
                0x000000000003ef40                gpioCustom1
 .text.gpioCustom2
                0x000000000003f0cc      0x1b0 obj/Debug/pigpio.o
                0x000000000003f0cc                gpioCustom2
 .text.cmdMatch
                0x000000000003f27c       0x8c obj/Debug/command.o
 .text.getNum   0x000000000003f308      0x14c obj/Debug/command.o
 .text.cmdStr   0x000000000003f454       0x20 obj/Debug/command.o
                0x000000000003f454                cmdStr
 .text.cmdParse
                0x000000000003f474     0x1f78 obj/Debug/command.o
                0x000000000003f474                cmdParse
 .text.cmdParseScript
                0x00000000000413ec      0x7ec obj/Debug/command.o
                0x00000000000413ec                cmdParseScript
 .text.appMillis
                0x0000000000041bd8       0x88 obj/Debug/commonUnit.o
                0x0000000000041bd8                appMillis
 .text.setExecuteModule
                0x0000000000041c60       0x94 obj/Debug/Executive/modulSPI.o
                0x0000000000041c60                setExecuteModule
 .text.executeModulControl
                0x0000000000041cf4       0x14 obj/Debug/Executive/modulSPI.o
                0x0000000000041cf4                executeModulControl
 .text.LimitPWM
                0x0000000000041d08       0x5c obj/Debug/Executive/modulSPI.o
                0x0000000000041d08                LimitPWM
 .text.PWM_init
                0x0000000000041d64      0x15c obj/Debug/Executive/nativePWM.o
                0x0000000000041d64                PWM_init
 .text.PWM_set  0x0000000000041ec0       0x9c obj/Debug/Executive/nativePWM.o
                0x0000000000041ec0                PWM_set
 .text.PigpioInit
                0x0000000000041f5c       0x84 obj/Debug/Executive/additionalMeasurements.o
                0x0000000000041f5c                PigpioInit
 .text.ImpulsCounter
                0x0000000000041fe0       0x8c obj/Debug/Executive/additionalMeasurements.o
                0x0000000000041fe0                ImpulsCounter
 .text.FrequencyMeasurement
                0x000000000004206c      0x140 obj/Debug/Executive/additionalMeasurements.o
                0x000000000004206c                FrequencyMeasurement
 .text.ControlDiodeCheck
                0x00000000000421ac       0x5c obj/Debug/Executive/additionalMeasurements.o
                0x00000000000421ac                ControlDiodeCheck
 .text.CoolerCheck
                0x0000000000042208       0x5c obj/Debug/Executive/additionalMeasurements.o
                0x0000000000042208                CoolerCheck
 .text.HeaterCheck
                0x0000000000042264       0x5c obj/Debug/Executive/additionalMeasurements.o
                0x0000000000042264                HeaterCheck
 .text.ControlVoltagesCheck
                0x00000000000422c0       0x18 obj/Debug/Executive/additionalMeasurements.o
                0x00000000000422c0                ControlVoltagesCheck
 .text.get_key  0x00000000000422d8      0x138 obj/Debug/Keyboard_Indicator/Keypad.o
                0x00000000000422d8                get_key
 .text.wait_key
                0x0000000000042410      0x184 obj/Debug/Keyboard_Indicator/Keypad.o
                0x0000000000042410                wait_key
 .text.init_keypad
                0x0000000000042594       0xbc obj/Debug/Keyboard_Indicator/Keypad.o
                0x0000000000042594                init_keypad
 .text.KeyboardProcess
                0x0000000000042650       0x8c obj/Debug/Keyboard_Indicator/Keypad.o
                0x0000000000042650                KeyboardProcess
 .text.GetCommand
                0x00000000000426dc      0x65c obj/Debug/Keyboard_Indicator/Keypad.o
                0x00000000000426dc                GetCommand
 .text.ProcessCommand
                0x0000000000042d38      0x2b4 obj/Debug/Keyboard_Indicator/Keypad.o
                0x0000000000042d38                ProcessCommand
 *fill*         0x0000000000042fec        0x4 
 .text.PerceiveInputValue
                0x0000000000042ff0      0x28c obj/Debug/Keyboard_Indicator/Keypad.o
                0x0000000000042ff0                PerceiveInputValue
 .text.PossibleInput
                0x000000000004327c       0x68 obj/Debug/Keyboard_Indicator/Keypad.o
                0x000000000004327c                PossibleInput
 .text.PerceiveInputCommand
                0x00000000000432e4       0xc0 obj/Debug/Keyboard_Indicator/Keypad.o
                0x00000000000432e4                PerceiveInputCommand
 .text.LCDI2C_write
                0x00000000000433a4       0x30 obj/Debug/i2c_lcd/i2c_lcd.o
                0x00000000000433a4                LCDI2C_write
 .text.LCDI2C_init
                0x00000000000433d4       0x9c obj/Debug/i2c_lcd/i2c_lcd.o
                0x00000000000433d4                LCDI2C_init
 .text.LCDI2C_begin
                0x0000000000043470      0x114 obj/Debug/i2c_lcd/i2c_lcd.o
                0x0000000000043470                LCDI2C_begin
 .text.LCDI2C_clear
                0x0000000000043584       0x20 obj/Debug/i2c_lcd/i2c_lcd.o
                0x0000000000043584                LCDI2C_clear
 .text.LCDI2C_home
                0x00000000000435a4       0x20 obj/Debug/i2c_lcd/i2c_lcd.o
                0x00000000000435a4                LCDI2C_home
 .text.LCDI2C_setCursor
                0x00000000000435c4       0xa8 obj/Debug/i2c_lcd/i2c_lcd.o
                0x00000000000435c4                LCDI2C_setCursor
 .text.LCDI2C_display
                0x000000000004366c       0x44 obj/Debug/i2c_lcd/i2c_lcd.o
                0x000000000004366c                LCDI2C_display
 .text.LCDI2C_noBlink
                0x00000000000436b0       0x44 obj/Debug/i2c_lcd/i2c_lcd.o
                0x00000000000436b0                LCDI2C_noBlink
 .text.LCDI2C_blink
                0x00000000000436f4       0x44 obj/Debug/i2c_lcd/i2c_lcd.o
                0x00000000000436f4                LCDI2C_blink
 .text.LCDI2C_backlight
                0x0000000000043738       0x28 obj/Debug/i2c_lcd/i2c_lcd.o
                0x0000000000043738                LCDI2C_backlight
 .text.LCDI2C_command
                0x0000000000043760       0x30 obj/Debug/i2c_lcd/i2c_lcd.o
                0x0000000000043760                LCDI2C_command
 .text.LCDI2C_send
                0x0000000000043790       0x74 obj/Debug/i2c_lcd/i2c_lcd.o
                0x0000000000043790                LCDI2C_send
 .text.LCDI2C_write4bits
                0x0000000000043804       0x38 obj/Debug/i2c_lcd/i2c_lcd.o
                0x0000000000043804                LCDI2C_write4bits
 .text.LCDI2C_expanderWrite
                0x000000000004383c       0x60 obj/Debug/i2c_lcd/i2c_lcd.o
                0x000000000004383c                LCDI2C_expanderWrite
 .text.LCDI2C_pulseEnable
                0x000000000004389c       0x60 obj/Debug/i2c_lcd/i2c_lcd.o
                0x000000000004389c                LCDI2C_pulseEnable
 .text.LCDI2C_blink_on
                0x00000000000438fc       0x14 obj/Debug/i2c_lcd/i2c_lcd.o
                0x00000000000438fc                LCDI2C_blink_on
 .text.LCDI2C_blink_off
                0x0000000000043910       0x14 obj/Debug/i2c_lcd/i2c_lcd.o
                0x0000000000043910                LCDI2C_blink_off
 .text.LCDI2C_write_String
                0x0000000000043924       0x68 obj/Debug/i2c_lcd/i2c_lcd.o
                0x0000000000043924                LCDI2C_write_String
 .text.HelloShow
                0x000000000004398c       0x40 obj/Debug/i2c_lcd/lcd.o
                0x000000000004398c                HelloShow
 .text.GoodbyeShow
                0x00000000000439cc       0x28 obj/Debug/i2c_lcd/lcd.o
                0x00000000000439cc                GoodbyeShow
 .text.lcd_Init
                0x00000000000439f4       0xfc obj/Debug/i2c_lcd/lcd.o
                0x00000000000439f4                lcd_Init
 .text.SetCursorInZone
                0x0000000000043af0       0xd8 obj/Debug/i2c_lcd/lcd.o
 .text.clearZone
                0x0000000000043bc8       0xd4 obj/Debug/i2c_lcd/lcd.o
                0x0000000000043bc8                clearZone
 .text.lcd_update
                0x0000000000043c9c      0x1c4 obj/Debug/i2c_lcd/lcd.o
                0x0000000000043c9c                lcd_update
 .text.ShowScanOrSetMode
                0x0000000000043e60       0xd8 obj/Debug/i2c_lcd/lcd.o
                0x0000000000043e60                ShowScanOrSetMode
 .text.ShowErrorExecutivePlate
                0x0000000000043f38      0x284 obj/Debug/i2c_lcd/lcd.o
                0x0000000000043f38                ShowErrorExecutivePlate
 .text.ShowVariable
                0x00000000000441bc      0x17c obj/Debug/i2c_lcd/lcd.o
                0x00000000000441bc                ShowVariable
 .text.GetStringOfVariable
                0x0000000000044338      0x5d8 obj/Debug/i2c_lcd/lcd.o
                0x0000000000044338                GetStringOfVariable
 .text.GetStringOfEnterMode
                0x0000000000044910      0x3a8 obj/Debug/i2c_lcd/lcd.o
                0x0000000000044910                GetStringOfEnterMode
 .text.ShowSensor
                0x0000000000044cb8       0x28 obj/Debug/i2c_lcd/lcd.o
                0x0000000000044cb8                ShowSensor
 .text.K45_Exit
                0x0000000000044ce0       0xa0 obj/Debug/i2c_lcd/lcd.o
                0x0000000000044ce0                K45_Exit
 .text.ADC_Init
                0x0000000000044d80       0x3c obj/Debug/ADC/ADC_Unit.o
                0x0000000000044d80                ADC_Init
 .text.GetADCData
                0x0000000000044dbc       0x38 obj/Debug/ADC/ADC_Unit.o
                0x0000000000044dbc                GetADCData
 .text.updateCurrentVoltages
                0x0000000000044df4      0x154 obj/Debug/ADC/ADC_Unit.o
                0x0000000000044df4                updateCurrentVoltages
 .text.getSensorData
                0x0000000000044f48       0x40 obj/Debug/ADC/ADC_Unit.o
                0x0000000000044f48                getSensorData
 .text.convertCodeADC
                0x0000000000044f88       0x98 obj/Debug/ADC/ADC_Unit.o
                0x0000000000044f88                convertCodeADC
 .text.getMicroVoltsADC
                0x0000000000045020       0xa0 obj/Debug/ADC/ADC_Unit.o
                0x0000000000045020                getMicroVoltsADC
 .text.ADC_service
                0x00000000000450c0       0x28 obj/Debug/ADC/ADC_Unit.o
                0x00000000000450c0                ADC_service
 .text.ADC_Calibration
                0x00000000000450e8       0x38 obj/Debug/ADC/ADC_Unit.o
                0x00000000000450e8                ADC_Calibration
 .text.ADS1256_reset
                0x0000000000045120       0x44 obj/Debug/ADC/ADS1256.o
 .text.ADS1256_WriteCmd
                0x0000000000045164       0x44 obj/Debug/ADC/ADS1256.o
 .text.ADS1256_WriteReg
                0x00000000000451a8       0x6c obj/Debug/ADC/ADS1256.o
 .text.ADS1256_Read_data
                0x0000000000045214       0x78 obj/Debug/ADC/ADS1256.o
 .text.ADS1256_WaitDRDY
                0x000000000004528c       0x90 obj/Debug/ADC/ADS1256.o
 .text.ADS1256_ReadChipID
                0x000000000004531c       0x38 obj/Debug/ADC/ADS1256.o
                0x000000000004531c                ADS1256_ReadChipID
 .text.ADS1256_ConfigADC
                0x0000000000045354       0xc0 obj/Debug/ADC/ADS1256.o
                0x0000000000045354                ADS1256_ConfigADC
 .text.ADS1256_SetChannal
                0x0000000000045414       0x54 obj/Debug/ADC/ADS1256.o
 .text.ADS1256_SetDiffChannal
                0x0000000000045468       0x8c obj/Debug/ADC/ADS1256.o
                0x0000000000045468                ADS1256_SetDiffChannal
 .text.ADS1256_SetMode
                0x00000000000454f4       0x50 obj/Debug/ADC/ADS1256.o
                0x00000000000454f4                ADS1256_SetMode
 .text.ADS1256_init
                0x0000000000045544       0x64 obj/Debug/ADC/ADS1256.o
                0x0000000000045544                ADS1256_init
 .text.ADS1256_Read_ADC_Data
                0x00000000000455a8       0xfc obj/Debug/ADC/ADS1256.o
 .text.ADS1256_GetChannalValue
                0x00000000000456a4      0x104 obj/Debug/ADC/ADS1256.o
                0x00000000000456a4                ADS1256_GetChannalValue
 .text.ADS1256_Cal
                0x00000000000457a8       0x24 obj/Debug/ADC/ADS1256.o
                0x00000000000457a8                ADS1256_Cal
 .text.TableLineInterpolation
                0x00000000000457cc      0x3c4 obj/Debug/ThermoControlLibrary/Interpolations.o
                0x00000000000457cc                TableLineInterpolation
 .text.iniTemperaturController
                0x0000000000045b90       0x30 obj/Debug/ThermoControlLibrary/Interpolations.o
                0x0000000000045b90                iniTemperaturController
 .text.getTemperatureValue
                0x0000000000045bc0       0x48 obj/Debug/ThermoControlLibrary/Interpolations.o
                0x0000000000045bc0                getTemperatureValue
 .text.getTemperatures
                0x0000000000045c08      0x1a0 obj/Debug/ThermoControlLibrary/PIDCalculs.o
                0x0000000000045c08                getTemperatures
 .text.CalculRegulator
                0x0000000000045da8      0x210 obj/Debug/ThermoControlLibrary/PIDCalculs.o
                0x0000000000045da8                CalculRegulator
 .text.Kprop    0x0000000000045fb8       0x54 obj/Debug/ThermoControlLibrary/PIDCalculs.o
                0x0000000000045fb8                Kprop
 .text.Kdif     0x000000000004600c       0x50 obj/Debug/ThermoControlLibrary/PIDCalculs.o
                0x000000000004600c                Kdif
 .text.getRegulatorOuputs
                0x000000000004605c      0x198 obj/Debug/ThermoControlLibrary/PIDCalculs.o
                0x000000000004605c                getRegulatorOuputs
 .text.GetHeaterSetpoint
                0x00000000000461f4       0x24 obj/Debug/ThermoControlLibrary/PIDCalculs.o
                0x00000000000461f4                GetHeaterSetpoint
 .text.GetCoolerSetpoint
                0x0000000000046218       0x24 obj/Debug/ThermoControlLibrary/PIDCalculs.o
                0x0000000000046218                GetCoolerSetpoint
 .text.AutoSettingTemperature
                0x000000000004623c      0x178 obj/Debug/ThermoControlLibrary/PIDCalculs.o
                0x000000000004623c                AutoSettingTemperature
 .text.uart_init
                0x00000000000463b4      0x120 obj/Debug/UART/uart.o
                0x00000000000463b4                uart_init
 .text.uart_send
                0x00000000000464d4      0x418 obj/Debug/UART/uart.o
                0x00000000000464d4                uart_send
 .text.uart_read
                0x00000000000468ec      0x128 obj/Debug/UART/uart.o
                0x00000000000468ec                uart_read
 .text.uart_data_receive
                0x0000000000046a14      0x318 obj/Debug/UART/uart.o
                0x0000000000046a14                uart_data_receive
 .text.GetNextChar
                0x0000000000046d2c       0x74 obj/Debug/UART/uart.o
                0x0000000000046d2c                GetNextChar
 .text.DataProcess
                0x0000000000046da0      0x3f8 obj/Debug/UART/uart.o
                0x0000000000046da0                DataProcess
 .text.getSensCharacteristic
                0x0000000000047198      0x2dc obj/Debug/diskIO.o
                0x0000000000047198                getSensCharacteristic
 .text.getPIDcoefs
                0x0000000000047474      0x278 obj/Debug/diskIO.o
                0x0000000000047474                getPIDcoefs
 .text.getDirectory
                0x00000000000476ec       0x60 obj/Debug/diskIO.o
                0x00000000000476ec                getDirectory
 .text.saveSettings
                0x000000000004774c      0x16c obj/Debug/diskIO.o
                0x000000000004774c                saveSettings
 .text          0x00000000000478b8      0x20c C:/SysGCC/raspberry/arm-linux-gnueabihf/lib\libgcc.a(_udivsi3.o)
                0x00000000000478b8                __udivsi3
                0x00000000000478b8                __aeabi_uidiv
                0x0000000000047aa4                __aeabi_uidivmod
 .text          0x0000000000047ac4      0x240 C:/SysGCC/raspberry/arm-linux-gnueabihf/lib\libgcc.a(_divsi3.o)
                0x0000000000047ac4                __divsi3
                0x0000000000047ac4                __aeabi_idiv
                0x0000000000047ce4                __aeabi_idivmod
 .text          0x0000000000047d04       0xd4 C:/SysGCC/raspberry/arm-linux-gnueabihf/lib\libgcc.a(_aeabi_ldivmod.o)
                0x0000000000047d04                __aeabi_ldivmod
 .text          0x0000000000047dd8       0x3c C:/SysGCC/raspberry/arm-linux-gnueabihf/lib\libgcc.a(_aeabi_uldivmod.o)
                0x0000000000047dd8                __aeabi_uldivmod
 .text          0x0000000000047e14       0x10 C:/SysGCC/raspberry/arm-linux-gnueabihf/lib\libgcc.a(_dvmd_lnx.o)
                0x0000000000047e14                __aeabi_idiv0
                0x0000000000047e14                __aeabi_ldiv0
 .text          0x0000000000047e24       0x44 C:/SysGCC/raspberry/arm-linux-gnueabihf/lib\libgcc.a(_popcountsi2.o)
                0x0000000000047e24                __popcountsi2
 .text          0x0000000000047e68      0x120 C:/SysGCC/raspberry/arm-linux-gnueabihf/lib\libgcc.a(_udivmoddi4.o)
                0x0000000000047e68                __udivmoddi4
 .text          0x0000000000047f88       0x64 c:\sysgcc\raspberry\bin\../arm-linux-gnueabihf/sysroot/usr/lib/arm-linux-gnueabihf/libc_nonshared.a(elf-init.oS)
                0x0000000000047f88                __libc_csu_init
                0x0000000000047fe8                __libc_csu_fini
 .text          0x0000000000047fec       0x18 c:\sysgcc\raspberry\bin\../arm-linux-gnueabihf/sysroot/usr/lib/arm-linux-gnueabihf/libc_nonshared.a(atexit.oS)
                0x0000000000047fec                atexit
 .text          0x0000000000048004       0x10 c:\sysgcc\raspberry\bin\../arm-linux-gnueabihf/sysroot/usr/lib/arm-linux-gnueabihf/libc_nonshared.a(stat.oS)
                0x0000000000048004                stat
                0x0000000000048004                __stat
 .text          0x0000000000048014       0x2c c:\sysgcc\raspberry\bin\../arm-linux-gnueabihf/sysroot/usr/lib/arm-linux-gnueabihf/libc_nonshared.a(mknod.oS)
                0x0000000000048014                __mknod
                0x0000000000048014                mknod
 *(.gnu.warning)
 *(.glue_7t)
 .glue_7t       0x0000000000048040        0x0 linker stubs
 *(.glue_7)
 .glue_7        0x0000000000048040        0x0 linker stubs
 *(.vfp11_veneer)
 .vfp11_veneer  0x0000000000048040        0x0 linker stubs
 *(.v4_bx)
 .v4_bx         0x0000000000048040        0x0 linker stubs

.fini           0x0000000000048040        0x8
 *(SORT_NONE(.fini))
 .fini          0x0000000000048040        0x4 c:/sysgcc/raspberry/bin/../arm-linux-gnueabihf/sysroot/lib/arm-linux-gnueabihf/crti.o
                0x0000000000048040                _fini
 .fini          0x0000000000048044        0x4 c:/sysgcc/raspberry/bin/../arm-linux-gnueabihf/sysroot/lib/arm-linux-gnueabihf/crtn.o
                [!provide]                        PROVIDE (__etext = .)
                [!provide]                        PROVIDE (_etext = .)
                [!provide]                        PROVIDE (etext = .)

.rodata         0x0000000000048048     0x724e
 *(.rodata .rodata.* .gnu.linkonce.r.*)
 .rodata        0x0000000000048048      0x244 obj/Debug/main.o
 .rodata        0x000000000004828c       0x35 obj/Debug/DEV_Config.o
 *fill*         0x00000000000482c1        0x3 
 .rodata        0x00000000000482c4      0x18f obj/Debug/bcm2835.o
 *fill*         0x0000000000048453        0x1 
 .rodata        0x0000000000048454     0x3600 obj/Debug/pigpio.o
 .rodata.clkDef
                0x000000000004ba54       0x36 obj/Debug/pigpio.o
 *fill*         0x000000000004ba8a        0x2 
 .rodata.PWMDef
                0x000000000004ba8c       0x36 obj/Debug/pigpio.o
 *fill*         0x000000000004bac2        0x2 
 .rodata.clkCfg
                0x000000000004bac4       0x2c obj/Debug/pigpio.o
 .rodata.pwmCycles
                0x000000000004baf0       0x24 obj/Debug/pigpio.o
 .rodata.pwmRealRange
                0x000000000004bb14       0x24 obj/Debug/pigpio.o
 .rodata.__FUNCTION__.196
                0x000000000004bb38       0x10 obj/Debug/pigpio.o
 .rodata.__FUNCTION__.195
                0x000000000004bb48        0xd obj/Debug/pigpio.o
 *fill*         0x000000000004bb55        0x3 
 .rodata.__FUNCTION__.194
                0x000000000004bb58        0xc obj/Debug/pigpio.o
 .rodata.__FUNCTION__.192
                0x000000000004bb64        0xc obj/Debug/pigpio.o
 .rodata.__FUNCTION__.191
                0x000000000004bb70        0xd obj/Debug/pigpio.o
 *fill*         0x000000000004bb7d        0x3 
 .rodata.__FUNCTION__.190
                0x000000000004bb80        0xf obj/Debug/pigpio.o
 *fill*         0x000000000004bb8f        0x1 
 .rodata.__FUNCTION__.189
                0x000000000004bb90        0xe obj/Debug/pigpio.o
 *fill*         0x000000000004bb9e        0x2 
 .rodata.__FUNCTION__.188
                0x000000000004bba0        0xc obj/Debug/pigpio.o
 .rodata.__FUNCTION__.187
                0x000000000004bbac        0xd obj/Debug/pigpio.o
 *fill*         0x000000000004bbb9        0x3 
 .rodata.__FUNCTION__.186
                0x000000000004bbbc       0x10 obj/Debug/pigpio.o
 .rodata.__FUNCTION__.185
                0x000000000004bbcc       0x11 obj/Debug/pigpio.o
 *fill*         0x000000000004bbdd        0x3 
 .rodata.__FUNCTION__.184
                0x000000000004bbe0       0x10 obj/Debug/pigpio.o
 .rodata.__FUNCTION__.183
                0x000000000004bbf0       0x11 obj/Debug/pigpio.o
 *fill*         0x000000000004bc01        0x3 
 .rodata.__FUNCTION__.182
                0x000000000004bc04        0xf obj/Debug/pigpio.o
 *fill*         0x000000000004bc13        0x1 
 .rodata.__FUNCTION__.181
                0x000000000004bc14       0x11 obj/Debug/pigpio.o
 *fill*         0x000000000004bc25        0x3 
 .rodata.__FUNCTION__.180
                0x000000000004bc28       0x12 obj/Debug/pigpio.o
 *fill*         0x000000000004bc3a        0x2 
 .rodata.__FUNCTION__.179
                0x000000000004bc3c       0x14 obj/Debug/pigpio.o
 .rodata.__FUNCTION__.178
                0x000000000004bc50       0x14 obj/Debug/pigpio.o
 .rodata.__FUNCTION__.177
                0x000000000004bc64       0x15 obj/Debug/pigpio.o
 *fill*         0x000000000004bc79        0x3 
 .rodata.__FUNCTION__.176
                0x000000000004bc7c        0xf obj/Debug/pigpio.o
 *fill*         0x000000000004bc8b        0x1 
 .rodata.__FUNCTION__.175
                0x000000000004bc8c        0xe obj/Debug/pigpio.o
 *fill*         0x000000000004bc9a        0x2 
 .rodata.__FUNCTION__.174
                0x000000000004bc9c        0x8 obj/Debug/pigpio.o
 .rodata.__FUNCTION__.172
                0x000000000004bca4        0x9 obj/Debug/pigpio.o
 *fill*         0x000000000004bcad        0x3 
 .rodata.__FUNCTION__.171
                0x000000000004bcb0       0x12 obj/Debug/pigpio.o
 *fill*         0x000000000004bcc2        0x2 
 .rodata.__FUNCTION__.170
                0x000000000004bcc4        0xc obj/Debug/pigpio.o
 .rodata.__FUNCTION__.169
                0x000000000004bcd0        0x7 obj/Debug/pigpio.o
 *fill*         0x000000000004bcd7        0x1 
 .rodata.__FUNCTION__.166
                0x000000000004bcd8        0x8 obj/Debug/pigpio.o
 .rodata.__FUNCTION__.164
                0x000000000004bce0        0x9 obj/Debug/pigpio.o
 *fill*         0x000000000004bce9        0x3 
 .rodata.__FUNCTION__.163
                0x000000000004bcec        0x8 obj/Debug/pigpio.o
 .rodata.__FUNCTION__.162
                0x000000000004bcf4        0x9 obj/Debug/pigpio.o
 *fill*         0x000000000004bcfd        0x3 
 .rodata.__FUNCTION__.161
                0x000000000004bd00        0x8 obj/Debug/pigpio.o
 .rodata.__FUNCTION__.160
                0x000000000004bd08        0x8 obj/Debug/pigpio.o
 .rodata.__FUNCTION__.158
                0x000000000004bd10        0x9 obj/Debug/pigpio.o
 *fill*         0x000000000004bd19        0x3 
 .rodata.__FUNCTION__.157
                0x000000000004bd1c        0xd obj/Debug/pigpio.o
 *fill*         0x000000000004bd29        0x3 
 .rodata.__FUNCTION__.156
                0x000000000004bd2c        0xc obj/Debug/pigpio.o
 .rodata.__FUNCTION__.155
                0x000000000004bd38        0x9 obj/Debug/pigpio.o
 *fill*         0x000000000004bd41        0x3 
 .rodata.__FUNCTION__.154
                0x000000000004bd44        0x8 obj/Debug/pigpio.o
 .rodata.__FUNCTION__.153
                0x000000000004bd4c       0x11 obj/Debug/pigpio.o
 *fill*         0x000000000004bd5d        0x3 
 .rodata.__FUNCTION__.150
                0x000000000004bd60        0xb obj/Debug/pigpio.o
 *fill*         0x000000000004bd6b        0x1 
 .rodata.__FUNCTION__.149
                0x000000000004bd6c        0xb obj/Debug/pigpio.o
 *fill*         0x000000000004bd77        0x1 
 .rodata.__FUNCTION__.148
                0x000000000004bd78        0xa obj/Debug/pigpio.o
 *fill*         0x000000000004bd82        0x2 
 .rodata.__FUNCTION__.147
                0x000000000004bd84        0xf obj/Debug/pigpio.o
 *fill*         0x000000000004bd93        0x1 
 .rodata.__FUNCTION__.146
                0x000000000004bd94        0x7 obj/Debug/pigpio.o
 *fill*         0x000000000004bd9b        0x1 
 .rodata.__FUNCTION__.145
                0x000000000004bd9c        0x8 obj/Debug/pigpio.o
 .rodata.__FUNCTION__.144
                0x000000000004bda4        0x7 obj/Debug/pigpio.o
 *fill*         0x000000000004bdab        0x1 
 .rodata.__FUNCTION__.143
                0x000000000004bdac        0xe obj/Debug/pigpio.o
 *fill*         0x000000000004bdba        0x2 
 .rodata.__FUNCTION__.142
                0x000000000004bdbc       0x17 obj/Debug/pigpio.o
 *fill*         0x000000000004bdd3        0x1 
 .rodata.__FUNCTION__.141
                0x000000000004bdd4       0x10 obj/Debug/pigpio.o
 .rodata.__FUNCTION__.140
                0x000000000004bde4       0x12 obj/Debug/pigpio.o
 *fill*         0x000000000004bdf6        0x2 
 .rodata.__FUNCTION__.139
                0x000000000004bdf8       0x13 obj/Debug/pigpio.o
 *fill*         0x000000000004be0b        0x1 
 .rodata.__FUNCTION__.138
                0x000000000004be0c       0x10 obj/Debug/pigpio.o
 .rodata.__FUNCTION__.137
                0x000000000004be1c        0x9 obj/Debug/pigpio.o
 *fill*         0x000000000004be25        0x3 
 .rodata.__FUNCTION__.136
                0x000000000004be28       0x11 obj/Debug/pigpio.o
 *fill*         0x000000000004be39        0x3 
 .rodata.__FUNCTION__.135
                0x000000000004be3c        0xe obj/Debug/pigpio.o
 *fill*         0x000000000004be4a        0x2 
 .rodata.__FUNCTION__.134
                0x000000000004be4c       0x10 obj/Debug/pigpio.o
 .rodata.__FUNCTION__.133
                0x000000000004be5c        0x8 obj/Debug/pigpio.o
 .rodata.__FUNCTION__.132
                0x000000000004be64        0x8 obj/Debug/pigpio.o
 .rodata.__FUNCTION__.131
                0x000000000004be6c        0xa obj/Debug/pigpio.o
 *fill*         0x000000000004be76        0x2 
 .rodata.__FUNCTION__.130
                0x000000000004be78        0xa obj/Debug/pigpio.o
 *fill*         0x000000000004be82        0x2 
 .rodata.__FUNCTION__.129
                0x000000000004be84        0xa obj/Debug/pigpio.o
 *fill*         0x000000000004be8e        0x2 
 .rodata.__FUNCTION__.128
                0x000000000004be90       0x11 obj/Debug/pigpio.o
 *fill*         0x000000000004bea1        0x3 
 .rodata.__FUNCTION__.127
                0x000000000004bea4       0x15 obj/Debug/pigpio.o
 *fill*         0x000000000004beb9        0x3 
 .rodata.__FUNCTION__.126
                0x000000000004bebc        0xf obj/Debug/pigpio.o
 *fill*         0x000000000004becb        0x1 
 .rodata.__FUNCTION__.125
                0x000000000004becc        0xf obj/Debug/pigpio.o
 *fill*         0x000000000004bedb        0x1 
 .rodata.__FUNCTION__.124
                0x000000000004bedc        0xe obj/Debug/pigpio.o
 *fill*         0x000000000004beea        0x2 
 .rodata.__FUNCTION__.123
                0x000000000004beec        0xc obj/Debug/pigpio.o
 .rodata.__FUNCTION__.122
                0x000000000004bef8        0xc obj/Debug/pigpio.o
 .rodata.__FUNCTION__.121
                0x000000000004bf04       0x12 obj/Debug/pigpio.o
 *fill*         0x000000000004bf16        0x2 
 .rodata.__FUNCTION__.120
                0x000000000004bf18        0x9 obj/Debug/pigpio.o
 *fill*         0x000000000004bf21        0x3 
 .rodata.__FUNCTION__.119
                0x000000000004bf24        0xa obj/Debug/pigpio.o
 *fill*         0x000000000004bf2e        0x2 
 .rodata.__FUNCTION__.118
                0x000000000004bf30        0x8 obj/Debug/pigpio.o
 .rodata.__FUNCTION__.117
                0x000000000004bf38       0x14 obj/Debug/pigpio.o
 .rodata.__FUNCTION__.116
                0x000000000004bf4c       0x10 obj/Debug/pigpio.o
 .rodata.__FUNCTION__.115
                0x000000000004bf5c       0x10 obj/Debug/pigpio.o
 .rodata.__FUNCTION__.114
                0x000000000004bf6c       0x14 obj/Debug/pigpio.o
 .rodata.__FUNCTION__.113
                0x000000000004bf80       0x14 obj/Debug/pigpio.o
 .rodata.__FUNCTION__.112
                0x000000000004bf94       0x14 obj/Debug/pigpio.o
 .rodata.__FUNCTION__.111
                0x000000000004bfa8        0xa obj/Debug/pigpio.o
 *fill*         0x000000000004bfb2        0x2 
 .rodata.__FUNCTION__.110
                0x000000000004bfb4       0x17 obj/Debug/pigpio.o
 *fill*         0x000000000004bfcb        0x1 
 .rodata.__FUNCTION__.109
                0x000000000004bfcc        0xe obj/Debug/pigpio.o
 *fill*         0x000000000004bfda        0x2 
 .rodata.__FUNCTION__.108
                0x000000000004bfdc        0xf obj/Debug/pigpio.o
 *fill*         0x000000000004bfeb        0x1 
 .rodata.__FUNCTION__.107
                0x000000000004bfec       0x13 obj/Debug/pigpio.o
 *fill*         0x000000000004bfff        0x1 
 .rodata.__FUNCTION__.106
                0x000000000004c000       0x12 obj/Debug/pigpio.o
 *fill*         0x000000000004c012        0x2 
 .rodata.__FUNCTION__.104
                0x000000000004c014        0xf obj/Debug/pigpio.o
 *fill*         0x000000000004c023        0x1 
 .rodata.__FUNCTION__.103
                0x000000000004c024       0x12 obj/Debug/pigpio.o
 *fill*         0x000000000004c036        0x2 
 .rodata.__FUNCTION__.102
                0x000000000004c038        0xf obj/Debug/pigpio.o
 *fill*         0x000000000004c047        0x1 
 .rodata.__FUNCTION__.101
                0x000000000004c048       0x10 obj/Debug/pigpio.o
 .rodata.__FUNCTION__.100
                0x000000000004c058        0xf obj/Debug/pigpio.o
 *fill*         0x000000000004c067        0x1 
 .rodata.__FUNCTION__.99
                0x000000000004c068        0xe obj/Debug/pigpio.o
 *fill*         0x000000000004c076        0x2 
 .rodata.__FUNCTION__.98
                0x000000000004c078        0xf obj/Debug/pigpio.o
 *fill*         0x000000000004c087        0x1 
 .rodata.__FUNCTION__.97
                0x000000000004c088        0xd obj/Debug/pigpio.o
 *fill*         0x000000000004c095        0x3 
 .rodata.__FUNCTION__.96
                0x000000000004c098        0xf obj/Debug/pigpio.o
 *fill*         0x000000000004c0a7        0x1 
 .rodata.__FUNCTION__.95
                0x000000000004c0a8       0x12 obj/Debug/pigpio.o
 *fill*         0x000000000004c0ba        0x2 
 .rodata.__FUNCTION__.94
                0x000000000004c0bc       0x16 obj/Debug/pigpio.o
 *fill*         0x000000000004c0d2        0x2 
 .rodata.__FUNCTION__.93
                0x000000000004c0d4       0x15 obj/Debug/pigpio.o
 *fill*         0x000000000004c0e9        0x3 
 .rodata.__FUNCTION__.92
                0x000000000004c0ec       0x12 obj/Debug/pigpio.o
 *fill*         0x000000000004c0fe        0x2 
 .rodata.__FUNCTION__.91
                0x000000000004c100       0x16 obj/Debug/pigpio.o
 *fill*         0x000000000004c116        0x2 
 .rodata.__FUNCTION__.90
                0x000000000004c118       0x15 obj/Debug/pigpio.o
 *fill*         0x000000000004c12d        0x3 
 .rodata.__FUNCTION__.89
                0x000000000004c130        0xf obj/Debug/pigpio.o
 *fill*         0x000000000004c13f        0x1 
 .rodata.__FUNCTION__.88
                0x000000000004c140       0x13 obj/Debug/pigpio.o
 *fill*         0x000000000004c153        0x1 
 .rodata.__FUNCTION__.87
                0x000000000004c154       0x12 obj/Debug/pigpio.o
 *fill*         0x000000000004c166        0x2 
 .rodata.__FUNCTION__.86
                0x000000000004c168        0xa obj/Debug/pigpio.o
 *fill*         0x000000000004c172        0x2 
 .rodata.__FUNCTION__.85
                0x000000000004c174        0xb obj/Debug/pigpio.o
 *fill*         0x000000000004c17f        0x1 
 .rodata.__FUNCTION__.84
                0x000000000004c180        0x9 obj/Debug/pigpio.o
 *fill*         0x000000000004c189        0x3 
 .rodata.__FUNCTION__.83
                0x000000000004c18c        0x8 obj/Debug/pigpio.o
 .rodata.__FUNCTION__.81
                0x000000000004c194        0xa obj/Debug/pigpio.o
 *fill*         0x000000000004c19e        0x2 
 .rodata.__FUNCTION__.80
                0x000000000004c1a0        0xb obj/Debug/pigpio.o
 *fill*         0x000000000004c1ab        0x1 
 .rodata.__FUNCTION__.79
                0x000000000004c1ac        0xa obj/Debug/pigpio.o
 *fill*         0x000000000004c1b6        0x2 
 .rodata.__FUNCTION__.78
                0x000000000004c1b8       0x13 obj/Debug/pigpio.o
 *fill*         0x000000000004c1cb        0x1 
 .rodata.__FUNCTION__.77
                0x000000000004c1cc       0x15 obj/Debug/pigpio.o
 *fill*         0x000000000004c1e1        0x3 
 .rodata.__FUNCTION__.76
                0x000000000004c1e4        0xf obj/Debug/pigpio.o
 *fill*         0x000000000004c1f3        0x1 
 .rodata.__FUNCTION__.75
                0x000000000004c1f4       0x14 obj/Debug/pigpio.o
 .rodata.__FUNCTION__.71
                0x000000000004c208        0xd obj/Debug/pigpio.o
 *fill*         0x000000000004c215        0x3 
 .rodata.__FUNCTION__.70
                0x000000000004c218        0xd obj/Debug/pigpio.o
 *fill*         0x000000000004c225        0x3 
 .rodata.__FUNCTION__.69
                0x000000000004c228       0x14 obj/Debug/pigpio.o
 .rodata.__FUNCTION__.68
                0x000000000004c23c       0x11 obj/Debug/pigpio.o
 *fill*         0x000000000004c24d        0x3 
 .rodata.__FUNCTION__.66
                0x000000000004c250        0xd obj/Debug/pigpio.o
 *fill*         0x000000000004c25d        0x3 
 .rodata.__FUNCTION__.65
                0x000000000004c260       0x12 obj/Debug/pigpio.o
 *fill*         0x000000000004c272        0x2 
 .rodata.__FUNCTION__.64
                0x000000000004c274        0xf obj/Debug/pigpio.o
 *fill*         0x000000000004c283        0x1 
 .rodata.__FUNCTION__.62
                0x000000000004c284       0x1b obj/Debug/pigpio.o
 *fill*         0x000000000004c29f        0x1 
 .rodata.__FUNCTION__.60
                0x000000000004c2a0       0x17 obj/Debug/pigpio.o
 *fill*         0x000000000004c2b7        0x1 
 .rodata.__FUNCTION__.59
                0x000000000004c2b8       0x15 obj/Debug/pigpio.o
 *fill*         0x000000000004c2cd        0x3 
 .rodata.__FUNCTION__.58
                0x000000000004c2d0       0x10 obj/Debug/pigpio.o
 .rodata.__FUNCTION__.57
                0x000000000004c2e0       0x10 obj/Debug/pigpio.o
 .rodata.__FUNCTION__.56
                0x000000000004c2f0       0x10 obj/Debug/pigpio.o
 .rodata.__FUNCTION__.55
                0x000000000004c300        0xc obj/Debug/pigpio.o
 .rodata.__FUNCTION__.54
                0x000000000004c30c       0x10 obj/Debug/pigpio.o
 .rodata.__FUNCTION__.53
                0x000000000004c31c       0x10 obj/Debug/pigpio.o
 .rodata.__FUNCTION__.52
                0x000000000004c32c       0x11 obj/Debug/pigpio.o
 *fill*         0x000000000004c33d        0x3 
 .rodata.__FUNCTION__.46
                0x000000000004c340       0x10 obj/Debug/pigpio.o
 .rodata.__FUNCTION__.45
                0x000000000004c350        0xf obj/Debug/pigpio.o
 *fill*         0x000000000004c35f        0x1 
 .rodata.__FUNCTION__.44
                0x000000000004c360       0x10 obj/Debug/pigpio.o
 .rodata.__FUNCTION__.42
                0x000000000004c370        0xe obj/Debug/pigpio.o
 *fill*         0x000000000004c37e        0x2 
 .rodata.__FUNCTION__.41
                0x000000000004c380       0x11 obj/Debug/pigpio.o
 *fill*         0x000000000004c391        0x3 
 .rodata.__FUNCTION__.40
                0x000000000004c394       0x11 obj/Debug/pigpio.o
 *fill*         0x000000000004c3a5        0x3 
 .rodata.__FUNCTION__.39
                0x000000000004c3a8        0xf obj/Debug/pigpio.o
 *fill*         0x000000000004c3b7        0x1 
 .rodata.__FUNCTION__.38
                0x000000000004c3b8       0x11 obj/Debug/pigpio.o
 *fill*         0x000000000004c3c9        0x3 
 .rodata.__FUNCTION__.35
                0x000000000004c3cc       0x13 obj/Debug/pigpio.o
 *fill*         0x000000000004c3df        0x1 
 .rodata.__FUNCTION__.34
                0x000000000004c3e0       0x14 obj/Debug/pigpio.o
 .rodata.__FUNCTION__.33